1.224.175.20 - - [10/Jun/2019:18:55:00 +0900] "GET /CUKBM1/Board?SUBJECT=soccer&TEAM=1 HTTP/1.1" 200 4730
1.224.175.51 - - [10/Jun/2019:18:55:00 +0900] "GET /CUKBM1/CUKBM_FrontPage.jsp HTTP/1.1" 200 4015
1.224.175.36 - - [10/Jun/2019:18:55:01 +0900] "GET /CUKBM1/CUKBM_FrontPage.jsp HTTP/1.1" 200 4015
1.224.175.10 - - [10/Jun/2019:18:55:01 +0900] "GET /CUKBM1/Board?SUBJECT=soccer&TEAM=0 HTTP/1.1" 200 6228
10.2.0.216 - - [10/Jun/2019:18:55:02 +0900] "POST /CUKBM1/login HTTP/1.1" 302 -
1.224.175.35 - - [10/Jun/2019:18:55:02 +0900] "GET /CUKBM1/Board?SUBJECT=soccer&TEAM=0 HTTP/1.1" 200 6058
10.2.0.216 - - [10/Jun/2019:18:55:02 +0900] "GET /CUKBM1/LoginResult.jsp?LOGIN_RESULT=SUCCESS HTTP/1.1" 200 1053
10.2.0.136 - - [10/Jun/2019:18:55:02 +0900] "GET /CUKBM1/myPage HTTP/1.1" 200 1821
1.224.175.51 - - [10/Jun/2019:18:55:03 +0900] "GET /CUKBM1/img/front/nba.jpg HTTP/1.1" 200 126367
10.2.0.136 - - [10/Jun/2019:18:55:03 +0900] "GET /CUKBM1/CUKBM_FrontPage.jsp HTTP/1.1" 200 4015
1.224.175.10 - - [10/Jun/2019:18:55:04 +0900] "GET /CUKBM1/Board?SUBJECT=basketball&TEAM=0 HTTP/1.1" 200 2940
1.224.175.51 - - [10/Jun/2019:18:55:04 +0900] "GET /CUKBM1/img/front/ttcrew.PNG HTTP/1.1" 200 79046
1.224.175.33 - - [10/Jun/2019:18:55:04 +0900] "GET /CUKBM1/msgDelete?msgno=48 HTTP/1.1" 302 -
1.224.175.33 - - [10/Jun/2019:18:55:04 +0900] "GET /CUKBM1/msgReceive HTTP/1.1" 200 3008
1.224.175.36 - - [10/Jun/2019:18:55:05 +0900] "GET /CUKBM1/Board?SUBJECT=soccer&TEAM=1 HTTP/1.1" 200 4730
1.224.175.51 - - [10/Jun/2019:18:55:05 +0900] "GET /CUKBM1/img/front/badminton3.jpg HTTP/1.1" 200 235748
1.224.175.16 - - [10/Jun/2019:18:55:05 +0900] "GET /CUKBM1/msgReceive HTTP/1.1" 200 2571
1.224.175.16 - - [10/Jun/2019:18:55:05 +0900] "GET /CUKBM1/css/msgview.css HTTP/1.1" 200 2494
1.224.175.10 - - [10/Jun/2019:18:55:05 +0900] "GET /CUKBM1/msgReceive HTTP/1.1" 200 2327
1.224.175.10 - - [10/Jun/2019:18:55:05 +0900] "GET /CUKBM1/css/msgview.css HTTP/1.1" 200 2494
1.224.175.20 - - [10/Jun/2019:18:55:05 +0900] "GET /CUKBM1/Board?SUBJECT=soccer&TEAM=0 HTTP/1.1" 200 6228
10.2.0.136 - - [10/Jun/2019:18:55:06 +0900] "GET /CUKBM1/Board?SUBJECT=soccer&TEAM=0 HTTP/1.1" 200 6228
1.224.175.35 - - [10/Jun/2019:18:55:07 +0900] "GET /CUKBM1/Board?SUBJECT=soccer&TEAM=1 HTTP/1.1" 200 4596
1.224.175.51 - - [10/Jun/2019:18:55:07 +0900] "GET /CUKBM1/freeBoard?SUBJECT=free HTTP/1.1" 200 3808
1.224.175.51 - - [10/Jun/2019:18:55:07 +0900] "GET /CUKBM1/css/freelistview.css HTTP/1.1" 200 2877
1.224.175.33 - - [10/Jun/2019:18:55:07 +0900] "GET /CUKBM1/myPage HTTP/1.1" 200 1841
1.224.175.36 - - [10/Jun/2019:18:55:07 +0900] "GET /CUKBM1/msgReceive HTTP/1.1" 200 2104
1.224.175.50 - - [10/Jun/2019:18:55:07 +0900] "POST /CUKBM1/BoardWriter HTTP/1.1" 302 -
1.224.175.50 - - [10/Jun/2019:18:55:07 +0900] "GET /CUKBM1/Board?SUBJECT=soccer&TEAM=1 HTTP/1.1" 200 5037
1.224.175.20 - - [10/Jun/2019:18:55:07 +0900] "GET /CUKBM1/Board?SUBJECT=soccer&TEAM=1 HTTP/1.1" 200 5037
1.224.175.35 - - [10/Jun/2019:18:55:08 +0900] "GET /CUKBM1/NoAccess.jsp HTTP/1.1" 200 2217
1.224.175.20 - - [10/Jun/2019:18:55:08 +0900] "GET /CUKBM1/BoardItem?SEQ_NO=30&SUBJECT=soccer HTTP/1.1" 200 3008
1.224.175.10 - - [10/Jun/2019:18:55:10 +0900] "GET /CUKBM1/CUKBM_FrontPage.jsp HTTP/1.1" 200 4015
1.224.175.33 - - [10/Jun/2019:18:55:10 +0900] "GET /CUKBM1/CUKBM_FrontPage.jsp HTTP/1.1" 200 4015
1.224.175.17 - - [10/Jun/2019:18:55:10 +0900] "GET /CUKBM1/Board?SUBJECT=basketball&TEAM=1 HTTP/1.1" 200 2628
1.224.175.35 - - [10/Jun/2019:18:55:11 +0900] "GET /CUKBM1/Login.jsp HTTP/1.1" 200 924
10.2.0.136 - - [10/Jun/2019:18:55:12 +0900] "GET /CUKBM1/orderedBoard?SUBJECT=soccer&TEAM=0 HTTP/1.1" 200 5392
1.224.175.17 - - [10/Jun/2019:18:55:12 +0900] "GET /CUKBM1/Board?SUBJECT=soccer&TEAM=1 HTTP/1.1" 200 5037
1.224.175.36 - - [10/Jun/2019:18:55:12 +0900] "GET /CUKBM1/myPage HTTP/1.1" 200 1848
1.224.175.17 - - [10/Jun/2019:18:55:13 +0900] "GET /CUKBM1/BoardItem?SEQ_NO=30&SUBJECT=soccer HTTP/1.1" 200 3008
1.224.175.20 - - [10/Jun/2019:18:55:13 +0900] "GET /CUKBM1/Board?SUBJECT=soccer&TEAM=1 HTTP/1.1" 200 5037
1.224.175.10 - - [10/Jun/2019:18:55:14 +0900] "GET /CUKBM1/Board?SUBJECT=soccer&TEAM=0 HTTP/1.1" 200 6228
1.224.175.33 - - [10/Jun/2019:18:55:14 +0900] "GET /CUKBM1/Board?SUBJECT=badminton&TEAM=1 HTTP/1.1" 200 2625
1.224.175.20 - - [10/Jun/2019:18:55:14 +0900] "GET /CUKBM1/BoardItem?SEQ_NO=30&SUBJECT=soccer HTTP/1.1" 200 3008
1.224.175.36 - - [10/Jun/2019:18:55:15 +0900] "GET /CUKBM1/BoardItem?SEQ_NO=1&SUBJECT=soccer HTTP/1.1" 200 3117
1.224.175.33 - - [10/Jun/2019:18:55:15 +0900] "GET /CUKBM1/BoardInputFormTeam.jsp HTTP/1.1" 200 3542
1.224.175.35 - - [10/Jun/2019:18:55:15 +0900] "POST /CUKBM1/login HTTP/1.1" 302 -
1.224.175.35 - - [10/Jun/2019:18:55:15 +0900] "GET /CUKBM1/LoginResult.jsp?LOGIN_RESULT=FAIL HTTP/1.1" 200 905
10.2.0.136 - - [10/Jun/2019:18:55:15 +0900] "GET /CUKBM1/BoardItem?SEQ_NO=11&SUBJECT=soccer HTTP/1.1" 200 3125
1.224.175.20 - - [10/Jun/2019:18:55:15 +0900] "POST /CUKBM1/Attend?seqno=30 HTTP/1.1" 302 -
1.224.175.20 - - [10/Jun/2019:18:55:15 +0900] "GET /CUKBM1/attendResult.jsp?result=1 HTTP/1.1" 200 2014
1.224.175.17 - - [10/Jun/2019:18:55:16 +0900] "POST /CUKBM1/Attend?seqno=30 HTTP/1.1" 302 -
1.224.175.17 - - [10/Jun/2019:18:55:16 +0900] "GET /CUKBM1/attendResult.jsp?result=1 HTTP/1.1" 200 2014
1.224.175.50 - - [10/Jun/2019:18:55:17 +0900] "GET /CUKBM1/BoardItem?SEQ_NO=30&SUBJECT=soccer HTTP/1.1" 200 3665
1.224.175.36 - - [10/Jun/2019:18:55:17 +0900] "GET /CUKBM1/like?seqno=1 HTTP/1.1" 302 -
1.224.175.36 - - [10/Jun/2019:18:55:17 +0900] "GET /CUKBM1/LikeFail.jsp HTTP/1.1" 200 386
1.224.175.20 - - [10/Jun/2019:18:55:17 +0900] "GET /CUKBM1/Board?SUBJECT=soccer&TEAM=1 HTTP/1.1" 200 5037
1.224.175.35 - - [10/Jun/2019:18:55:17 +0900] "GET /CUKBM1/Login.jsp HTTP/1.1" 200 924
1.224.175.35 - - [10/Jun/2019:18:55:18 +0900] "GET /CUKBM1/Login.jsp HTTP/1.1" 200 924
1.224.175.51 - - [10/Jun/2019:18:55:18 +0900] "GET /CUKBM1/FreeInputForm.jsp HTTP/1.1" 200 2739
1.224.175.52 - - [10/Jun/2019:18:55:18 +0900] "GET /CUKBM1/BoardInputFormTeam.jsp HTTP/1.1" 200 3543
1.224.175.17 - - [10/Jun/2019:18:55:18 +0900] "GET /CUKBM1/BoardItem?SEQ_NO=30&SUBJECT=soccer HTTP/1.1" 200 3504
1.224.175.51 - - [10/Jun/2019:18:55:18 +0900] "GET /CUKBM1/css/freeinputform.css HTTP/1.1" 200 2476
10.2.0.136 - - [10/Jun/2019:18:55:19 +0900] "GET /CUKBM1/msgReceive HTTP/1.1" 200 2755
1.224.175.36 - - [10/Jun/2019:18:55:20 +0900] "GET /CUKBM1/Board?SUBJECT=tabletennis&TEAM=0 HTTP/1.1" 200 3236
1.224.175.10 - - [10/Jun/2019:18:55:21 +0900] "GET /CUKBM1/Board?SUBJECT=soccer&TEAM=1 HTTP/1.1" 200 5037
1.224.175.50 - - [10/Jun/2019:18:55:21 +0900] "GET /CUKBM1/memberPage?id=asdfasdf HTTP/1.1" 200 1234
1.224.175.36 - - [10/Jun/2019:18:55:22 +0900] "GET /CUKBM1/BoardItem?SEQ_NO=20&SUBJECT=tabletennis HTTP/1.1" 200 3001
1.224.175.35 - - [10/Jun/2019:18:55:22 +0900] "POST /CUKBM1/login HTTP/1.1" 302 -
1.224.175.10 - - [10/Jun/2019:18:55:22 +0900] "GET /CUKBM1/Board?SUBJECT=basketball&TEAM=0 HTTP/1.1" 200 2940
1.224.175.35 - - [10/Jun/2019:18:55:22 +0900] "GET /CUKBM1/LoginResult.jsp?LOGIN_RESULT=SUCCESS HTTP/1.1" 200 1050
1.224.175.10 - - [10/Jun/2019:18:55:24 +0900] "GET /CUKBM1/Board?SUBJECT=tabletennis&TEAM=0 HTTP/1.1" 200 3236
1.224.175.10 - - [10/Jun/2019:18:55:24 +0900] "GET /CUKBM1/Board?SUBJECT=tabletennis&TEAM=1 HTTP/1.1" 200 2631
1.224.175.16 - - [10/Jun/2019:18:55:24 +0900] "GET /CUKBM1/Board?SUBJECT=soccer&TEAM=1 HTTP/1.1" 200 5037
1.224.175.35 - - [10/Jun/2019:18:55:24 +0900] "GET /CUKBM1/CUKBM_FrontPage.jsp HTTP/1.1" 200 4015
1.224.175.50 - - [10/Jun/2019:18:55:24 +0900] "GET /CUKBM1/forcedExit?ID=asdfasdf&seqno=30 HTTP/1.1" 302 -
1.224.175.50 - - [10/Jun/2019:18:55:24 +0900] "GET /CUKBM1/ForcedExitResult.jsp?result=1 HTTP/1.1" 200 1991
1.224.175.50 - - [10/Jun/2019:18:55:24 +0900] "GET /CUKBM1/css/forcedexitresult.css HTTP/1.1" 200 2007
1.224.175.36 - - [10/Jun/2019:18:55:25 +0900] "POST /CUKBM1/Attend?seqno=20 HTTP/1.1" 302 -
1.224.175.36 - - [10/Jun/2019:18:55:25 +0900] "GET /CUKBM1/attendResult.jsp?result=1 HTTP/1.1" 200 2014
1.224.175.36 - - [10/Jun/2019:18:55:25 +0900] "GET /CUKBM1/css/attendresult.css HTTP/1.1" 200 1967
1.224.175.10 - - [10/Jun/2019:18:55:26 +0900] "GET /CUKBM1/Board?SUBJECT=esports&TEAM=0 HTTP/1.1" 200 2615
1.224.175.10 - - [10/Jun/2019:18:55:26 +0900] "GET /CUKBM1/Board?SUBJECT=esports&TEAM=1 HTTP/1.1" 200 2925
1.224.175.20 - - [10/Jun/2019:18:55:27 +0900] "GET /CUKBM1/BoardItem?SEQ_NO=30&SUBJECT=soccer HTTP/1.1" 200 3258
1.224.175.17 - - [10/Jun/2019:18:55:27 +0900] "GET /CUKBM1/BoardItem?SEQ_NO=30&SUBJECT=soccer HTTP/1.1" 200 3264
1.224.175.10 - - [10/Jun/2019:18:55:27 +0900] "GET /CUKBM1/Board?SUBJECT=badminton&TEAM=1 HTTP/1.1" 200 2625
1.224.175.10 - - [10/Jun/2019:18:55:28 +0900] "GET /CUKBM1/Board?SUBJECT=badminton&TEAM=0 HTTP/1.1" 200 2621
1.224.175.36 - - [10/Jun/2019:18:55:28 +0900] "GET /CUKBM1/Board?SUBJECT=basketball&TEAM=1 HTTP/1.1" 200 2628
1.224.175.35 - - [10/Jun/2019:18:55:28 +0900] "GET /CUKBM1/Board?SUBJECT=soccer&TEAM=1 HTTP/1.1" 200 5037
1.224.175.17 - - [10/Jun/2019:18:55:28 +0900] "GET /CUKBM1/BoardItem?SEQ_NO=30&SUBJECT=soccer HTTP/1.1" 200 3264
1.224.175.36 - - [10/Jun/2019:18:55:28 +0900] "GET /CUKBM1/Board?SUBJECT=basketball&TEAM=0 HTTP/1.1" 200 2940
1.224.175.10 - - [10/Jun/2019:18:55:29 +0900] "GET /CUKBM1/freeBoard?SUBJECT=free HTTP/1.1" 200 3808
1.224.175.16 - - [10/Jun/2019:18:55:29 +0900] "GET /CUKBM1/Board?SUBJECT=soccer&TEAM=0 HTTP/1.1" 200 6228
1.224.175.17 - - [10/Jun/2019:18:55:29 +0900] "GET /CUKBM1/BoardItem?SEQ_NO=30&SUBJECT=soccer HTTP/1.1" 200 3264
1.224.175.50 - - [10/Jun/2019:18:55:29 +0900] "GET /CUKBM1/myPage HTTP/1.1" 200 1531
1.224.175.17 - - [10/Jun/2019:18:55:30 +0900] "GET /CUKBM1/BoardItem?SEQ_NO=30&SUBJECT=soccer HTTP/1.1" 200 3264
1.224.175.17 - - [10/Jun/2019:18:55:31 +0900] "GET /CUKBM1/BoardItem?SEQ_NO=30&SUBJECT=soccer HTTP/1.1" 200 3264
1.224.175.36 - - [10/Jun/2019:18:55:31 +0900] "GET /CUKBM1/myPage HTTP/1.1" 200 1848
1.224.175.16 - - [10/Jun/2019:18:55:31 +0900] "GET /CUKBM1/BoardItem?SEQ_NO=14&SUBJECT=soccer HTTP/1.1" 200 3336
1.224.175.20 - - [10/Jun/2019:18:55:31 +0900] "GET /CUKBM1/Board?SUBJECT=soccer&TEAM=1 HTTP/1.1" 200 5037
1.224.175.17 - - [10/Jun/2019:18:55:31 +0900] "GET /CUKBM1/BoardItem?SEQ_NO=30&SUBJECT=soccer HTTP/1.1" 200 3264
1.224.175.35 - - [10/Jun/2019:18:55:32 +0900] "GET /CUKBM1/BoardInputFormTeam.jsp HTTP/1.1" 200 3539
1.224.175.35 - - [10/Jun/2019:18:55:32 +0900] "GET /CUKBM1/css/boardinputformteam.css HTTP/1.1" 200 2412
1.224.175.17 - - [10/Jun/2019:18:55:32 +0900] "GET /CUKBM1/BoardItem?SEQ_NO=30&SUBJECT=soccer HTTP/1.1" 200 3264
1.224.175.17 - - [10/Jun/2019:18:55:32 +0900] "GET /CUKBM1/BoardItem?SEQ_NO=30&SUBJECT=soccer HTTP/1.1" 200 3264
1.224.175.50 - - [10/Jun/2019:18:55:32 +0900] "GET /CUKBM1/msgReceive HTTP/1.1" 200 2791
1.224.175.17 - - [10/Jun/2019:18:55:32 +0900] "GET /CUKBM1/BoardItem?SEQ_NO=30&SUBJECT=soccer HTTP/1.1" 200 3264
1.224.175.20 - - [10/Jun/2019:18:55:32 +0900] "GET /CUKBM1/BoardItem?SEQ_NO=30&SUBJECT=soccer HTTP/1.1" 200 3258
1.224.175.17 - - [10/Jun/2019:18:55:33 +0900] "GET /CUKBM1/BoardItem?SEQ_NO=30&SUBJECT=soccer HTTP/1.1" 200 3264
1.224.175.17 - - [10/Jun/2019:18:55:33 +0900] "GET /CUKBM1/BoardItem?SEQ_NO=30&SUBJECT=soccer HTTP/1.1" 200 3264
1.224.175.17 - - [10/Jun/2019:18:55:33 +0900] "GET /CUKBM1/BoardItem?SEQ_NO=30&SUBJECT=soccer HTTP/1.1" 200 3264
1.224.175.17 - - [10/Jun/2019:18:55:33 +0900] "GET /CUKBM1/BoardItem?SEQ_NO=30&SUBJECT=soccer HTTP/1.1" 200 3264
1.224.175.17 - - [10/Jun/2019:18:55:33 +0900] "GET /CUKBM1/BoardItem?SEQ_NO=30&SUBJECT=soccer HTTP/1.1" 200 3264
1.224.175.10 - - [10/Jun/2019:18:55:33 +0900] "GET /CUKBM1/Board?SUBJECT=basketball&TEAM=0 HTTP/1.1" 200 2940
1.224.175.17 - - [10/Jun/2019:18:55:33 +0900] "GET /CUKBM1/BoardItem?SEQ_NO=30&SUBJECT=soccer HTTP/1.1" 200 3264
1.224.175.36 - - [10/Jun/2019:18:55:33 +0900] "GET /CUKBM1/CUKBM_FrontPage.jsp HTTP/1.1" 200 4015
1.224.175.16 - - [10/Jun/2019:18:55:33 +0900] "GET /CUKBM1/memberPage?id=aaa HTTP/1.1" 200 1229
1.224.175.16 - - [10/Jun/2019:18:55:33 +0900] "GET /CUKBM1/css/memberpage.css HTTP/1.1" 200 2527
1.224.175.33 - - [10/Jun/2019:18:55:33 +0900] "POST /CUKBM1/BoardWriter HTTP/1.1" 302 -
1.224.175.17 - - [10/Jun/2019:18:55:33 +0900] "GET /CUKBM1/BoardItem?SEQ_NO=30&SUBJECT=soccer HTTP/1.1" 200 3264
1.224.175.33 - - [10/Jun/2019:18:55:33 +0900] "GET /CUKBM1/Board?SUBJECT=soccer&TEAM=1 HTTP/1.1" 200 5335
1.224.175.17 - - [10/Jun/2019:18:55:34 +0900] "GET /CUKBM1/BoardItem?SEQ_NO=30&SUBJECT=soccer HTTP/1.1" 200 3264
1.224.175.10 - - [10/Jun/2019:18:55:34 +0900] "GET /CUKBM1/Board?SUBJECT=soccer&TEAM=1 HTTP/1.1" 200 5335
1.224.175.17 - - [10/Jun/2019:18:55:34 +0900] "GET /CUKBM1/BoardItem?SEQ_NO=30&SUBJECT=soccer HTTP/1.1" 200 3264
1.224.175.51 - - [10/Jun/2019:18:55:34 +0900] "POST /CUKBM1/freeWrite HTTP/1.1" 302 -
1.224.175.51 - - [10/Jun/2019:18:55:35 +0900] "GET /CUKBM1/freeBoard?SUBJECT=free HTTP/1.1" 200 3808
1.224.175.17 - - [10/Jun/2019:18:55:35 +0900] "GET /CUKBM1/BoardItem?SEQ_NO=30&SUBJECT=soccer HTTP/1.1" 200 3264
1.224.175.10 - - [10/Jun/2019:18:55:35 +0900] "GET /CUKBM1/Board?SUBJECT=soccer&TEAM=0 HTTP/1.1" 200 6228
1.224.175.17 - - [10/Jun/2019:18:55:35 +0900] "GET /CUKBM1/BoardItem?SEQ_NO=30&SUBJECT=soccer HTTP/1.1" 200 3264
1.224.175.35 - - [10/Jun/2019:18:55:35 +0900] "POST /CUKBM1/BoardWriter HTTP/1.1" 302 -
1.224.175.35 - - [10/Jun/2019:18:55:35 +0900] "GET /CUKBM1/Board?SUBJECT=soccer&TEAM=1 HTTP/1.1" 200 5628
1.224.175.17 - - [10/Jun/2019:18:55:35 +0900] "GET /CUKBM1/BoardItem?SEQ_NO=30&SUBJECT=soccer HTTP/1.1" 200 3264
1.224.175.10 - - [10/Jun/2019:18:55:35 +0900] "GET /CUKBM1/Board?SUBJECT=soccer&TEAM=1 HTTP/1.1" 200 5628
1.224.175.17 - - [10/Jun/2019:18:55:36 +0900] "GET /CUKBM1/BoardItem?SEQ_NO=30&SUBJECT=soccer HTTP/1.1" 200 3264
1.224.175.17 - - [10/Jun/2019:18:55:36 +0900] "GET /CUKBM1/BoardItem?SEQ_NO=30&SUBJECT=soccer HTTP/1.1" 200 3264
1.224.175.17 - - [10/Jun/2019:18:55:36 +0900] "GET /CUKBM1/BoardItem?SEQ_NO=30&SUBJECT=soccer HTTP/1.1" 200 3264
10.2.0.216 - - [10/Jun/2019:18:55:36 +0900] "GET /CUKBM1/CUKBM_FrontPage.jsp HTTP/1.1" 200 4015
1.224.175.17 - - [10/Jun/2019:18:55:36 +0900] "GET /CUKBM1/BoardItem?SEQ_NO=30&SUBJECT=soccer HTTP/1.1" 200 3264
1.224.175.17 - - [10/Jun/2019:18:55:36 +0900] "GET /CUKBM1/BoardItem?SEQ_NO=30&SUBJECT=soccer HTTP/1.1" 200 3264
1.224.175.10 - - [10/Jun/2019:18:55:37 +0900] "GET /CUKBM1/BoardItem?SEQ_NO=28&SUBJECT=soccer HTTP/1.1" 200 3013
1.224.175.17 - - [10/Jun/2019:18:55:37 +0900] "GET /CUKBM1/BoardItem?SEQ_NO=30&SUBJECT=soccer HTTP/1.1" 200 3264
1.224.175.33 - - [10/Jun/2019:18:55:37 +0900] "GET /CUKBM1/Board?SUBJECT=badminton&TEAM=1 HTTP/1.1" 200 2625
1.224.175.35 - - [10/Jun/2019:18:55:37 +0900] "GET /CUKBM1/logout HTTP/1.1" 302 -
1.224.175.35 - - [10/Jun/2019:18:55:37 +0900] "GET /CUKBM1/CUKBM_FrontPage.jsp HTTP/1.1" 200 3944
1.224.175.17 - - [10/Jun/2019:18:55:37 +0900] "GET /CUKBM1/BoardItem?SEQ_NO=30&SUBJECT=soccer HTTP/1.1" 200 3264
1.224.175.20 - - [10/Jun/2019:18:55:37 +0900] "GET /CUKBM1/like?seqno=30 HTTP/1.1" 302 -
1.224.175.20 - - [10/Jun/2019:18:55:37 +0900] "GET /CUKBM1/LikeResult.jsp HTTP/1.1" 200 417
1.224.175.17 - - [10/Jun/2019:18:55:37 +0900] "GET /CUKBM1/BoardItem?SEQ_NO=30&SUBJECT=soccer HTTP/1.1" 200 3264
1.224.175.36 - - [10/Jun/2019:18:55:37 +0900] "GET /CUKBM1/Board?SUBJECT=soccer&TEAM=0 HTTP/1.1" 200 6228
1.224.175.17 - - [10/Jun/2019:18:55:37 +0900] "GET /CUKBM1/BoardItem?SEQ_NO=30&SUBJECT=soccer HTTP/1.1" 200 3264
1.224.175.51 - - [10/Jun/2019:18:55:38 +0900] "GET /CUKBM1/freeBoard?SUBJECT=free HTTP/1.1" 200 3808
1.224.175.33 - - [10/Jun/2019:18:55:38 +0900] "GET /CUKBM1/Board?SUBJECT=esports&TEAM=1 HTTP/1.1" 200 2925
1.224.175.51 - - [10/Jun/2019:18:55:38 +0900] "GET /CUKBM1/css/freelistview.css HTTP/1.1" 304 -
1.224.175.51 - - [10/Jun/2019:18:55:38 +0900] "GET /CUKBM1/img/icon/bell.png HTTP/1.1" 304 -
1.224.175.17 - - [10/Jun/2019:18:55:38 +0900] "GET /CUKBM1/BoardItem?SEQ_NO=30&SUBJECT=soccer HTTP/1.1" 200 3264
1.224.175.51 - - [10/Jun/2019:18:55:38 +0900] "GET /CUKBM1/img/front/pic6_1.jpg HTTP/1.1" 304 -
1.224.175.10 - - [10/Jun/2019:18:55:38 +0900] "POST /CUKBM1/Attend?seqno=28 HTTP/1.1" 302 -
1.224.175.10 - - [10/Jun/2019:18:55:38 +0900] "GET /CUKBM1/attendResult.jsp?result=1 HTTP/1.1" 200 2014
1.224.175.10 - - [10/Jun/2019:18:55:38 +0900] "GET /CUKBM1/css/attendresult.css HTTP/1.1" 200 1967
1.224.175.17 - - [10/Jun/2019:18:55:38 +0900] "GET /CUKBM1/BoardItem?SEQ_NO=30&SUBJECT=soccer HTTP/1.1" 200 3264
1.224.175.17 - - [10/Jun/2019:18:55:38 +0900] "GET /CUKBM1/BoardItem?SEQ_NO=30&SUBJECT=soccer HTTP/1.1" 200 3264
1.224.175.51 - - [10/Jun/2019:18:55:39 +0900] "GET /CUKBM1/freeBoard?SUBJECT=free HTTP/1.1" 200 3808
1.224.175.51 - - [10/Jun/2019:18:55:39 +0900] "GET /CUKBM1/css/freelistview.css HTTP/1.1" 304 -
1.224.175.51 - - [10/Jun/2019:18:55:39 +0900] "GET /CUKBM1/img/icon/bell.png HTTP/1.1" 304 -
1.224.175.17 - - [10/Jun/2019:18:55:39 +0900] "GET /CUKBM1/BoardItem?SEQ_NO=30&SUBJECT=soccer HTTP/1.1" 200 3264
1.224.175.51 - - [10/Jun/2019:18:55:39 +0900] "GET /CUKBM1/img/front/pic6_1.jpg HTTP/1.1" 304 -
1.224.175.17 - - [10/Jun/2019:18:55:39 +0900] "GET /CUKBM1/BoardItem?SEQ_NO=30&SUBJECT=soccer HTTP/1.1" 200 3264
1.224.175.51 - - [10/Jun/2019:18:55:39 +0900] "GET /CUKBM1/freeBoard?SUBJECT=free HTTP/1.1" 200 3808
1.224.175.17 - - [10/Jun/2019:18:55:39 +0900] "GET /CUKBM1/BoardItem?SEQ_NO=30&SUBJECT=soccer HTTP/1.1" 200 3264
1.224.175.51 - - [10/Jun/2019:18:55:39 +0900] "GET /CUKBM1/img/icon/bell.png HTTP/1.1" 304 -
1.224.175.51 - - [10/Jun/2019:18:55:39 +0900] "GET /CUKBM1/css/freelistview.css HTTP/1.1" 304 -
1.224.175.36 - - [10/Jun/2019:18:55:39 +0900] "GET /CUKBM1/Board?SUBJECT=tabletennis&TEAM=0 HTTP/1.1" 200 3236
1.224.175.51 - - [10/Jun/2019:18:55:39 +0900] "GET /CUKBM1/img/front/pic6_1.jpg HTTP/1.1" 304 -
1.224.175.51 - - [10/Jun/2019:18:55:39 +0900] "GET /CUKBM1/freeBoard?SUBJECT=free HTTP/1.1" 200 3808
1.224.175.51 - - [10/Jun/2019:18:55:39 +0900] "GET /CUKBM1/css/freelistview.css HTTP/1.1" 304 -
1.224.175.51 - - [10/Jun/2019:18:55:39 +0900] "GET /CUKBM1/img/icon/bell.png HTTP/1.1" 304 -
1.224.175.51 - - [10/Jun/2019:18:55:39 +0900] "GET /CUKBM1/img/front/pic6_1.jpg HTTP/1.1" 304 -
1.224.175.51 - - [10/Jun/2019:18:55:39 +0900] "GET /CUKBM1/freeBoard?SUBJECT=free HTTP/1.1" 200 3808
1.224.175.51 - - [10/Jun/2019:18:55:39 +0900] "GET /CUKBM1/img/icon/bell.png HTTP/1.1" 304 -
1.224.175.51 - - [10/Jun/2019:18:55:39 +0900] "GET /CUKBM1/css/freelistview.css HTTP/1.1" 304 -
1.224.175.51 - - [10/Jun/2019:18:55:39 +0900] "GET /CUKBM1/img/front/pic6_1.jpg HTTP/1.1" 304 -
1.224.175.10 - - [10/Jun/2019:18:55:39 +0900] "GET /CUKBM1/Board?SUBJECT=soccer&TEAM=1 HTTP/1.1" 200 5628
1.224.175.51 - - [10/Jun/2019:18:55:40 +0900] "GET /CUKBM1/freeBoard?SUBJECT=free HTTP/1.1" 200 3808
1.224.175.51 - - [10/Jun/2019:18:55:40 +0900] "GET /CUKBM1/img/icon/bell.png HTTP/1.1" 304 -
1.224.175.51 - - [10/Jun/2019:18:55:40 +0900] "GET /CUKBM1/css/freelistview.css HTTP/1.1" 304 -
1.224.175.51 - - [10/Jun/2019:18:55:40 +0900] "GET /CUKBM1/img/front/pic6_1.jpg HTTP/1.1" 304 -
1.224.175.20 - - [10/Jun/2019:18:55:40 +0900] "POST /CUKBM1/Attend?seqno=30 HTTP/1.1" 302 -
1.224.175.20 - - [10/Jun/2019:18:55:40 +0900] "GET /CUKBM1/attendResult.jsp?result=3 HTTP/1.1" 200 2030
1.224.175.51 - - [10/Jun/2019:18:55:40 +0900] "GET /CUKBM1/freeBoard?SUBJECT=free HTTP/1.1" 200 3808
1.224.175.51 - - [10/Jun/2019:18:55:40 +0900] "GET /CUKBM1/img/icon/bell.png HTTP/1.1" 304 -
1.224.175.51 - - [10/Jun/2019:18:55:40 +0900] "GET /CUKBM1/css/freelistview.css HTTP/1.1" 304 -
1.224.175.51 - - [10/Jun/2019:18:55:40 +0900] "GET /CUKBM1/img/front/pic6_1.jpg HTTP/1.1" 304 -
1.224.175.51 - - [10/Jun/2019:18:55:40 +0900] "GET /CUKBM1/freeBoard?SUBJECT=free HTTP/1.1" 200 3808
1.224.175.51 - - [10/Jun/2019:18:55:40 +0900] "GET /CUKBM1/img/icon/bell.png HTTP/1.1" 304 -
1.224.175.51 - - [10/Jun/2019:18:55:40 +0900] "GET /CUKBM1/css/freelistview.css HTTP/1.1" 304 -
1.224.175.50 - - [10/Jun/2019:18:55:40 +0900] "GET /CUKBM1/CUKBM_FrontPage.jsp HTTP/1.1" 200 4015
1.224.175.17 - - [10/Jun/2019:18:55:40 +0900] "GET /CUKBM1/BoardItem?SEQ_NO=30&SUBJECT=soccer HTTP/1.1" 200 3264
1.224.175.51 - - [10/Jun/2019:18:55:40 +0900] "GET /CUKBM1/img/front/pic6_1.jpg HTTP/1.1" 304 -
1.224.175.45 - - [10/Jun/2019:18:55:40 +0900] "GET /CUKBM1/Login.jsp HTTP/1.1" 200 924
1.224.175.51 - - [10/Jun/2019:18:55:40 +0900] "GET /CUKBM1/freeBoard?SUBJECT=free HTTP/1.1" 200 3808
1.224.175.51 - - [10/Jun/2019:18:55:40 +0900] "GET /CUKBM1/css/freelistview.css HTTP/1.1" 304 -
1.224.175.51 - - [10/Jun/2019:18:55:40 +0900] "GET /CUKBM1/img/icon/bell.png HTTP/1.1" 304 -
10.2.0.216 - - [10/Jun/2019:18:55:40 +0900] "GET /CUKBM1/Board?SUBJECT=soccer&TEAM=1 HTTP/1.1" 200 5628
1.224.175.51 - - [10/Jun/2019:18:55:40 +0900] "GET /CUKBM1/img/front/pic6_1.jpg HTTP/1.1" 304 -
1.224.175.51 - - [10/Jun/2019:18:55:40 +0900] "GET /CUKBM1/freeBoard?SUBJECT=free HTTP/1.1" 200 3808
1.224.175.51 - - [10/Jun/2019:18:55:40 +0900] "GET /CUKBM1/css/freelistview.css HTTP/1.1" 304 -
1.224.175.51 - - [10/Jun/2019:18:55:40 +0900] "GET /CUKBM1/img/icon/bell.png HTTP/1.1" 304 -
1.224.175.51 - - [10/Jun/2019:18:55:41 +0900] "GET /CUKBM1/img/front/pic6_1.jpg HTTP/1.1" 304 -
1.224.175.51 - - [10/Jun/2019:18:55:41 +0900] "GET /CUKBM1/freeBoard?SUBJECT=free HTTP/1.1" 200 3808
1.224.175.17 - - [10/Jun/2019:18:55:41 +0900] "GET /CUKBM1/BoardItem?SEQ_NO=30&SUBJECT=soccer HTTP/1.1" 200 3264
1.224.175.51 - - [10/Jun/2019:18:55:41 +0900] "GET /CUKBM1/css/freelistview.css HTTP/1.1" 304 -
1.224.175.51 - - [10/Jun/2019:18:55:41 +0900] "GET /CUKBM1/img/icon/bell.png HTTP/1.1" 304 -
1.224.175.51 - - [10/Jun/2019:18:55:41 +0900] "GET /CUKBM1/img/front/pic6_1.jpg HTTP/1.1" 304 -
1.224.175.17 - - [10/Jun/2019:18:55:41 +0900] "GET /CUKBM1/BoardItem?SEQ_NO=30&SUBJECT=soccer HTTP/1.1" 200 3264
1.224.175.17 - - [10/Jun/2019:18:55:41 +0900] "GET /CUKBM1/BoardItem?SEQ_NO=30&SUBJECT=soccer HTTP/1.1" 200 3264
1.224.175.33 - - [10/Jun/2019:18:55:41 +0900] "GET /CUKBM1/Board?SUBJECT=esports&TEAM=1 HTTP/1.1" 200 2925
1.224.175.17 - - [10/Jun/2019:18:55:41 +0900] "GET /CUKBM1/BoardItem?SEQ_NO=30&SUBJECT=soccer HTTP/1.1" 200 3264
1.224.175.20 - - [10/Jun/2019:18:55:41 +0900] "GET /CUKBM1/Board?SUBJECT=soccer&TEAM=1 HTTP/1.1" 200 5628
1.224.175.36 - - [10/Jun/2019:18:55:41 +0900] "GET /CUKBM1/BoardItem?SEQ_NO=20&SUBJECT=tabletennis HTTP/1.1" 200 3251
1.224.175.17 - - [10/Jun/2019:18:55:41 +0900] "GET /CUKBM1/BoardItem?SEQ_NO=30&SUBJECT=soccer HTTP/1.1" 200 3264
10.2.0.216 - - [10/Jun/2019:18:55:42 +0900] "GET /CUKBM1/BoardItem?SEQ_NO=32&SUBJECT=soccer HTTP/1.1" 200 2990
1.224.175.17 - - [10/Jun/2019:18:55:42 +0900] "GET /CUKBM1/BoardItem?SEQ_NO=30&SUBJECT=soccer HTTP/1.1" 200 3264
1.224.175.33 - - [10/Jun/2019:18:55:42 +0900] "GET /CUKBM1/Board?SUBJECT=tabletennis&TEAM=1 HTTP/1.1" 200 2631
1.224.175.17 - - [10/Jun/2019:18:55:43 +0900] "GET /CUKBM1/BoardItem?SEQ_NO=30&SUBJECT=soccer HTTP/1.1" 200 3264
1.224.175.45 - - [10/Jun/2019:18:55:43 +0900] "POST /CUKBM1/login HTTP/1.1" 302 -
1.224.175.45 - - [10/Jun/2019:18:55:43 +0900] "GET /CUKBM1/LoginResult.jsp?LOGIN_RESULT=SUCCESS HTTP/1.1" 200 1056
1.224.175.35 - - [10/Jun/2019:18:55:43 +0900] "POST /CUKBM1/BoardWriter HTTP/1.1" 302 -
1.224.175.35 - - [10/Jun/2019:18:55:43 +0900] "GET /CUKBM1/Board?SUBJECT=soccer&TEAM=1 HTTP/1.1" 200 5758
1.224.175.17 - - [10/Jun/2019:18:55:43 +0900] "POST /CUKBM1/AttendCancel?seqno=30 HTTP/1.1" 200 2014
1.224.175.33 - - [10/Jun/2019:18:55:44 +0900] "GET /CUKBM1/Board?SUBJECT=basketball&TEAM=1 HTTP/1.1" 200 2628
1.224.175.45 - - [10/Jun/2019:18:55:44 +0900] "GET /CUKBM1/msgReceive HTTP/1.1" 200 3241
1.224.175.33 - - [10/Jun/2019:18:55:44 +0900] "GET /CUKBM1/Board?SUBJECT=basketball&TEAM=0 HTTP/1.1" 200 2940
1.224.175.16 - - [10/Jun/2019:18:55:44 +0900] "GET /CUKBM1/like?seqno=14 HTTP/1.1" 302 -
1.224.175.45 - - [10/Jun/2019:18:55:44 +0900] "GET /CUKBM1/msgReceive HTTP/1.1" 200 3241
1.224.175.16 - - [10/Jun/2019:18:55:44 +0900] "GET /CUKBM1/LikeResult.jsp HTTP/1.1" 200 417
1.224.175.45 - - [10/Jun/2019:18:55:44 +0900] "GET /CUKBM1/css/msgview.css HTTP/1.1" 304 -
1.224.175.45 - - [10/Jun/2019:18:55:44 +0900] "GET /CUKBM1/img/icon/bell.png HTTP/1.1" 304 -
1.224.175.10 - - [10/Jun/2019:18:55:44 +0900] "GET /CUKBM1/BoardItem?SEQ_NO=30&SUBJECT=soccer HTTP/1.1" 200 3008
1.224.175.45 - - [10/Jun/2019:18:55:44 +0900] "GET /CUKBM1/img/front/pic6_1.jpg HTTP/1.1" 304 -
1.224.175.45 - - [10/Jun/2019:18:55:45 +0900] "GET /CUKBM1/msgReceive HTTP/1.1" 200 3241
1.224.175.45 - - [10/Jun/2019:18:55:45 +0900] "GET /CUKBM1/msgReceive HTTP/1.1" 200 3241
10.2.0.216 - - [10/Jun/2019:18:55:45 +0900] "GET /CUKBM1/BoardItem?SEQ_NO=4&SUBJECT=soccer HTTP/1.1" 200 3114
1.224.175.45 - - [10/Jun/2019:18:55:45 +0900] "GET /CUKBM1/msgReceive HTTP/1.1" 200 3241
1.224.175.45 - - [10/Jun/2019:18:55:45 +0900] "GET /CUKBM1/msgReceive HTTP/1.1" 200 3241
1.224.175.45 - - [10/Jun/2019:18:55:45 +0900] "GET /CUKBM1/msgReceive HTTP/1.1" 200 3241
1.224.175.45 - - [10/Jun/2019:18:55:45 +0900] "GET /CUKBM1/css/msgview.css HTTP/1.1" 304 -
1.224.175.45 - - [10/Jun/2019:18:55:45 +0900] "GET /CUKBM1/img/icon/bell.png HTTP/1.1" 304 -
1.224.175.45 - - [10/Jun/2019:18:55:45 +0900] "GET /CUKBM1/msgReceive HTTP/1.1" 200 3241
1.224.175.45 - - [10/Jun/2019:18:55:45 +0900] "GET /CUKBM1/msgReceive HTTP/1.1" 200 3241
1.224.175.45 - - [10/Jun/2019:18:55:45 +0900] "GET /CUKBM1/msgReceive HTTP/1.1" 200 3241
1.224.175.45 - - [10/Jun/2019:18:55:45 +0900] "GET /CUKBM1/msgReceive HTTP/1.1" 200 3241
1.224.175.45 - - [10/Jun/2019:18:55:45 +0900] "GET /CUKBM1/msgReceive HTTP/1.1" 200 3241
1.224.175.45 - - [10/Jun/2019:18:55:45 +0900] "GET /CUKBM1/msgReceive HTTP/1.1" 200 3241
1.224.175.45 - - [10/Jun/2019:18:55:45 +0900] "GET /CUKBM1/msgReceive HTTP/1.1" 200 3241
1.224.175.45 - - [10/Jun/2019:18:55:45 +0900] "GET /CUKBM1/msgReceive HTTP/1.1" 200 3241
1.224.175.45 - - [10/Jun/2019:18:55:45 +0900] "GET /CUKBM1/msgReceive HTTP/1.1" 200 3241
1.224.175.45 - - [10/Jun/2019:18:55:45 +0900] "GET /CUKBM1/css/msgview.css HTTP/1.1" 304 -
1.224.175.45 - - [10/Jun/2019:18:55:45 +0900] "GET /CUKBM1/img/icon/bell.png HTTP/1.1" 304 -
1.224.175.45 - - [10/Jun/2019:18:55:45 +0900] "GET /CUKBM1/msgReceive HTTP/1.1" 200 3241
1.224.175.45 - - [10/Jun/2019:18:55:45 +0900] "GET /CUKBM1/msgReceive HTTP/1.1" 200 3241
1.224.175.45 - - [10/Jun/2019:18:55:45 +0900] "GET /CUKBM1/msgReceive HTTP/1.1" 200 3241
1.224.175.45 - - [10/Jun/2019:18:55:45 +0900] "GET /CUKBM1/css/msgview.css HTTP/1.1" 304 -
1.224.175.10 - - [10/Jun/2019:18:55:45 +0900] "POST /CUKBM1/Attend?seqno=30 HTTP/1.1" 302 -
1.224.175.45 - - [10/Jun/2019:18:55:45 +0900] "GET /CUKBM1/img/icon/bell.png HTTP/1.1" 304 -
1.224.175.10 - - [10/Jun/2019:18:55:45 +0900] "GET /CUKBM1/attendResult.jsp?result=1 HTTP/1.1" 200 2014
1.224.175.45 - - [10/Jun/2019:18:55:45 +0900] "GET /CUKBM1/msgReceive HTTP/1.1" 200 3241
1.224.175.45 - - [10/Jun/2019:18:55:45 +0900] "GET /CUKBM1/msgReceive HTTP/1.1" 200 3241
1.224.175.45 - - [10/Jun/2019:18:55:45 +0900] "GET /CUKBM1/msgReceive HTTP/1.1" 200 3241
1.224.175.45 - - [10/Jun/2019:18:55:45 +0900] "GET /CUKBM1/msgReceive HTTP/1.1" 200 3241
1.224.175.45 - - [10/Jun/2019:18:55:45 +0900] "GET /CUKBM1/msgReceive HTTP/1.1" 200 3241
1.224.175.45 - - [10/Jun/2019:18:55:45 +0900] "GET /CUKBM1/msgReceive HTTP/1.1" 200 3241
1.224.175.45 - - [10/Jun/2019:18:55:45 +0900] "GET /CUKBM1/msgReceive HTTP/1.1" 200 3241
1.224.175.45 - - [10/Jun/2019:18:55:45 +0900] "GET /CUKBM1/msgReceive HTTP/1.1" 200 3241
1.224.175.45 - - [10/Jun/2019:18:55:46 +0900] "GET /CUKBM1/msgReceive HTTP/1.1" 200 3241
1.224.175.33 - - [10/Jun/2019:18:55:46 +0900] "GET /CUKBM1/Board?SUBJECT=esports&TEAM=0 HTTP/1.1" 200 2615
1.224.175.45 - - [10/Jun/2019:18:55:46 +0900] "GET /CUKBM1/msgReceive HTTP/1.1" 200 3241
1.224.175.45 - - [10/Jun/2019:18:55:46 +0900] "GET /CUKBM1/css/msgview.css HTTP/1.1" 304 -
1.224.175.45 - - [10/Jun/2019:18:55:46 +0900] "GET /CUKBM1/img/icon/bell.png HTTP/1.1" 304 -
1.224.175.17 - - [10/Jun/2019:18:55:46 +0900] "GET /CUKBM1/BoardItem?SEQ_NO=30&SUBJECT=soccer HTTP/1.1" 200 3250
1.224.175.45 - - [10/Jun/2019:18:55:46 +0900] "GET /CUKBM1/msgReceive HTTP/1.1" 200 3241
1.224.175.45 - - [10/Jun/2019:18:55:46 +0900] "GET /CUKBM1/msgReceive HTTP/1.1" 200 3241
1.224.175.45 - - [10/Jun/2019:18:55:46 +0900] "GET /CUKBM1/msgReceive HTTP/1.1" 200 3241
1.224.175.45 - - [10/Jun/2019:18:55:46 +0900] "GET /CUKBM1/msgReceive HTTP/1.1" 200 3241
1.224.175.45 - - [10/Jun/2019:18:55:46 +0900] "GET /CUKBM1/msgReceive HTTP/1.1" 200 3241
1.224.175.45 - - [10/Jun/2019:18:55:46 +0900] "GET /CUKBM1/msgReceive HTTP/1.1" 200 3241
1.224.175.45 - - [10/Jun/2019:18:55:46 +0900] "GET /CUKBM1/msgReceive HTTP/1.1" 200 3241
1.224.175.45 - - [10/Jun/2019:18:55:46 +0900] "GET /CUKBM1/msgReceive HTTP/1.1" 200 3241
1.224.175.45 - - [10/Jun/2019:18:55:46 +0900] "GET /CUKBM1/msgReceive HTTP/1.1" 200 3241
1.224.175.45 - - [10/Jun/2019:18:55:46 +0900] "GET /CUKBM1/msgReceive HTTP/1.1" 200 3241
1.224.175.51 - - [10/Jun/2019:18:55:46 +0900] "GET /CUKBM1/Board?SUBJECT=esports&TEAM=1 HTTP/1.1" 200 2925
1.224.175.51 - - [10/Jun/2019:18:55:46 +0900] "GET /CUKBM1/css/boardlistview.css HTTP/1.1" 200 2844
1.224.175.45 - - [10/Jun/2019:18:55:46 +0900] "GET /CUKBM1/msgReceive HTTP/1.1" 200 3241
1.224.175.45 - - [10/Jun/2019:18:55:46 +0900] "GET /CUKBM1/msgReceive HTTP/1.1" 200 3241
1.224.175.45 - - [10/Jun/2019:18:55:46 +0900] "GET /CUKBM1/msgReceive HTTP/1.1" 200 3241
1.224.175.45 - - [10/Jun/2019:18:55:46 +0900] "GET /CUKBM1/msgReceive HTTP/1.1" 200 3241
1.224.175.45 - - [10/Jun/2019:18:55:46 +0900] "GET /CUKBM1/msgReceive HTTP/1.1" 200 3241
1.224.175.45 - - [10/Jun/2019:18:55:46 +0900] "GET /CUKBM1/msgReceive HTTP/1.1" 200 3241
1.224.175.35 - - [10/Jun/2019:18:55:46 +0900] "POST /CUKBM1/BoardWriter HTTP/1.1" 302 -
1.224.175.45 - - [10/Jun/2019:18:55:46 +0900] "GET /CUKBM1/msgReceive HTTP/1.1" 200 3241
1.224.175.35 - - [10/Jun/2019:18:55:46 +0900] "GET /CUKBM1/Board?SUBJECT=soccer&TEAM=1 HTTP/1.1" 200 6046
1.224.175.45 - - [10/Jun/2019:18:55:46 +0900] "GET /CUKBM1/msgReceive HTTP/1.1" 200 3241
1.224.175.45 - - [10/Jun/2019:18:55:46 +0900] "GET /CUKBM1/msgReceive HTTP/1.1" 200 3241
1.224.175.45 - - [10/Jun/2019:18:55:46 +0900] "GET /CUKBM1/msgReceive HTTP/1.1" 200 3241
1.224.175.45 - - [10/Jun/2019:18:55:46 +0900] "GET /CUKBM1/msgReceive HTTP/1.1" 200 3241
1.224.175.45 - - [10/Jun/2019:18:55:46 +0900] "GET /CUKBM1/msgReceive HTTP/1.1" 200 3241
1.224.175.45 - - [10/Jun/2019:18:55:46 +0900] "GET /CUKBM1/msgReceive HTTP/1.1" 200 3241
1.224.175.45 - - [10/Jun/2019:18:55:46 +0900] "GET /CUKBM1/msgReceive HTTP/1.1" 200 3241
1.224.175.45 - - [10/Jun/2019:18:55:46 +0900] "GET /CUKBM1/msgReceive HTTP/1.1" 200 3241
1.224.175.45 - - [10/Jun/2019:18:55:46 +0900] "GET /CUKBM1/css/msgview.css HTTP/1.1" 304 -
1.224.175.45 - - [10/Jun/2019:18:55:46 +0900] "GET /CUKBM1/img/icon/bell.png HTTP/1.1" 304 -
1.224.175.45 - - [10/Jun/2019:18:55:46 +0900] "GET /CUKBM1/msgReceive HTTP/1.1" 200 3241
1.224.175.51 - - [10/Jun/2019:18:55:46 +0900] "GET /CUKBM1/Board?SUBJECT=esports&TEAM=0 HTTP/1.1" 200 2615
1.224.175.45 - - [10/Jun/2019:18:55:46 +0900] "GET /CUKBM1/msgReceive HTTP/1.1" 200 3241
1.224.175.45 - - [10/Jun/2019:18:55:46 +0900] "GET /CUKBM1/css/msgview.css HTTP/1.1" 304 -
1.224.175.45 - - [10/Jun/2019:18:55:46 +0900] "GET /CUKBM1/img/icon/bell.png HTTP/1.1" 304 -
1.224.175.45 - - [10/Jun/2019:18:55:47 +0900] "GET /CUKBM1/msgReceive HTTP/1.1" 200 3241
1.224.175.45 - - [10/Jun/2019:18:55:47 +0900] "GET /CUKBM1/msgReceive HTTP/1.1" 200 3241
1.224.175.10 - - [10/Jun/2019:18:55:47 +0900] "GET /CUKBM1/Board?SUBJECT=basketball&TEAM=1 HTTP/1.1" 200 2628
1.224.175.45 - - [10/Jun/2019:18:55:47 +0900] "GET /CUKBM1/msgReceive HTTP/1.1" 200 3241
1.224.175.45 - - [10/Jun/2019:18:55:47 +0900] "GET /CUKBM1/msgReceive HTTP/1.1" 200 3241
1.224.175.45 - - [10/Jun/2019:18:55:47 +0900] "GET /CUKBM1/msgReceive HTTP/1.1" 200 3241
1.224.175.45 - - [10/Jun/2019:18:55:47 +0900] "GET /CUKBM1/msgReceive HTTP/1.1" 200 3241
1.224.175.45 - - [10/Jun/2019:18:55:47 +0900] "GET /CUKBM1/msgReceive HTTP/1.1" 200 3241
1.224.175.45 - - [10/Jun/2019:18:55:47 +0900] "GET /CUKBM1/msgReceive HTTP/1.1" 200 3241
1.224.175.33 - - [10/Jun/2019:18:55:47 +0900] "GET /CUKBM1/Board?SUBJECT=badminton&TEAM=0 HTTP/1.1" 200 2621
1.224.175.45 - - [10/Jun/2019:18:55:47 +0900] "GET /CUKBM1/msgReceive HTTP/1.1" 200 3241
1.224.175.45 - - [10/Jun/2019:18:55:47 +0900] "GET /CUKBM1/msgReceive HTTP/1.1" 200 3241
1.224.175.45 - - [10/Jun/2019:18:55:47 +0900] "GET /CUKBM1/css/msgview.css HTTP/1.1" 304 -
1.224.175.45 - - [10/Jun/2019:18:55:47 +0900] "GET /CUKBM1/img/icon/bell.png HTTP/1.1" 304 -
1.224.175.45 - - [10/Jun/2019:18:55:47 +0900] "GET /CUKBM1/msgReceive HTTP/1.1" 200 3241
1.224.175.45 - - [10/Jun/2019:18:55:47 +0900] "GET /CUKBM1/msgReceive HTTP/1.1" 200 3241
1.224.175.45 - - [10/Jun/2019:18:55:47 +0900] "GET /CUKBM1/msgReceive HTTP/1.1" 200 3241
1.224.175.45 - - [10/Jun/2019:18:55:47 +0900] "GET /CUKBM1/msgReceive HTTP/1.1" 200 3241
1.224.175.45 - - [10/Jun/2019:18:55:47 +0900] "GET /CUKBM1/msgReceive HTTP/1.1" 200 3241
1.224.175.45 - - [10/Jun/2019:18:55:47 +0900] "GET /CUKBM1/msgReceive HTTP/1.1" 200 3241
1.224.175.45 - - [10/Jun/2019:18:55:47 +0900] "GET /CUKBM1/msgReceive HTTP/1.1" 200 3241
1.224.175.45 - - [10/Jun/2019:18:55:47 +0900] "GET /CUKBM1/msgReceive HTTP/1.1" 200 3241
1.224.175.45 - - [10/Jun/2019:18:55:47 +0900] "GET /CUKBM1/msgReceive HTTP/1.1" 200 3241
1.224.175.45 - - [10/Jun/2019:18:55:47 +0900] "GET /CUKBM1/msgReceive HTTP/1.1" 200 3241
1.224.175.45 - - [10/Jun/2019:18:55:47 +0900] "GET /CUKBM1/msgReceive HTTP/1.1" 200 3241
1.224.175.45 - - [10/Jun/2019:18:55:47 +0900] "GET /CUKBM1/msgReceive HTTP/1.1" 200 3241
1.224.175.45 - - [10/Jun/2019:18:55:47 +0900] "GET /CUKBM1/msgReceive HTTP/1.1" 200 3241
1.224.175.10 - - [10/Jun/2019:18:55:47 +0900] "GET /CUKBM1/Board?SUBJECT=soccer&TEAM=1 HTTP/1.1" 200 6220
1.224.175.45 - - [10/Jun/2019:18:55:47 +0900] "GET /CUKBM1/msgReceive HTTP/1.1" 200 3241
1.224.175.45 - - [10/Jun/2019:18:55:47 +0900] "GET /CUKBM1/msgReceive HTTP/1.1" 200 3241
1.224.175.45 - - [10/Jun/2019:18:55:47 +0900] "GET /CUKBM1/msgReceive HTTP/1.1" 200 3241
1.224.175.45 - - [10/Jun/2019:18:55:47 +0900] "GET /CUKBM1/msgReceive HTTP/1.1" 200 3241
1.224.175.45 - - [10/Jun/2019:18:55:47 +0900] "GET /CUKBM1/msgReceive HTTP/1.1" 200 3241
1.224.175.45 - - [10/Jun/2019:18:55:47 +0900] "GET /CUKBM1/msgReceive HTTP/1.1" 200 3241
1.224.175.45 - - [10/Jun/2019:18:55:47 +0900] "GET /CUKBM1/msgReceive HTTP/1.1" 200 3241
1.224.175.45 - - [10/Jun/2019:18:55:47 +0900] "GET /CUKBM1/msgReceive HTTP/1.1" 200 3241
1.224.175.45 - - [10/Jun/2019:18:55:48 +0900] "GET /CUKBM1/msgReceive HTTP/1.1" 200 3241
1.224.175.45 - - [10/Jun/2019:18:55:48 +0900] "GET /CUKBM1/msgReceive HTTP/1.1" 200 3241
1.224.175.45 - - [10/Jun/2019:18:55:48 +0900] "GET /CUKBM1/msgReceive HTTP/1.1" 200 3241
1.224.175.16 - - [10/Jun/2019:18:55:48 +0900] "GET /CUKBM1/block?seqno=14 HTTP/1.1" 302 -
1.224.175.45 - - [10/Jun/2019:18:55:48 +0900] "GET /CUKBM1/css/msgview.css HTTP/1.1" 304 -
1.224.175.45 - - [10/Jun/2019:18:55:48 +0900] "GET /CUKBM1/img/icon/bell.png HTTP/1.1" 304 -
1.224.175.16 - - [10/Jun/2019:18:55:48 +0900] "GET /CUKBM1/block.jsp?RESULT=1 HTTP/1.1" 200 2055
1.224.175.16 - - [10/Jun/2019:18:55:48 +0900] "GET /CUKBM1/css/block.css HTTP/1.1" 200 2012
1.224.175.45 - - [10/Jun/2019:18:55:48 +0900] "GET /CUKBM1/msgReceive HTTP/1.1" 200 3241
1.224.175.45 - - [10/Jun/2019:18:55:48 +0900] "GET /CUKBM1/msgReceive HTTP/1.1" 200 3241
1.224.175.45 - - [10/Jun/2019:18:55:48 +0900] "GET /CUKBM1/msgReceive HTTP/1.1" 200 3241
1.224.175.45 - - [10/Jun/2019:18:55:48 +0900] "GET /CUKBM1/msgReceive HTTP/1.1" 200 3241
1.224.175.50 - - [10/Jun/2019:18:55:48 +0900] "GET /CUKBM1/Board?SUBJECT=soccer&TEAM=1 HTTP/1.1" 200 6220
1.224.175.45 - - [10/Jun/2019:18:55:48 +0900] "GET /CUKBM1/msgReceive HTTP/1.1" 200 3241
1.224.175.45 - - [10/Jun/2019:18:55:48 +0900] "GET /CUKBM1/msgReceive HTTP/1.1" 200 3241
1.224.175.45 - - [10/Jun/2019:18:55:48 +0900] "GET /CUKBM1/msgReceive HTTP/1.1" 200 3241
1.224.175.45 - - [10/Jun/2019:18:55:48 +0900] "GET /CUKBM1/msgReceive HTTP/1.1" 200 3241
1.224.175.45 - - [10/Jun/2019:18:55:48 +0900] "GET /CUKBM1/msgReceive HTTP/1.1" 200 3241
1.224.175.45 - - [10/Jun/2019:18:55:48 +0900] "GET /CUKBM1/msgReceive HTTP/1.1" 200 3241
1.224.175.45 - - [10/Jun/2019:18:55:48 +0900] "GET /CUKBM1/msgReceive HTTP/1.1" 200 3241
1.224.175.45 - - [10/Jun/2019:18:55:48 +0900] "GET /CUKBM1/msgReceive HTTP/1.1" 200 3241
1.224.175.45 - - [10/Jun/2019:18:55:48 +0900] "GET /CUKBM1/msgReceive HTTP/1.1" 200 3241
1.224.175.45 - - [10/Jun/2019:18:55:48 +0900] "GET /CUKBM1/msgReceive HTTP/1.1" 200 3241
1.224.175.45 - - [10/Jun/2019:18:55:48 +0900] "GET /CUKBM1/msgReceive HTTP/1.1" 200 3241
1.224.175.45 - - [10/Jun/2019:18:55:48 +0900] "GET /CUKBM1/msgReceive HTTP/1.1" 200 3241
1.224.175.36 - - [10/Jun/2019:18:55:48 +0900] "GET /CUKBM1/like?seqno=20 HTTP/1.1" 302 -
1.224.175.36 - - [10/Jun/2019:18:55:48 +0900] "GET /CUKBM1/LikeResult.jsp HTTP/1.1" 200 417
1.224.175.45 - - [10/Jun/2019:18:55:48 +0900] "GET /CUKBM1/css/msgview.css HTTP/1.1" 304 -
1.224.175.45 - - [10/Jun/2019:18:55:48 +0900] "GET /CUKBM1/img/icon/bell.png HTTP/1.1" 304 -
1.224.175.45 - - [10/Jun/2019:18:55:48 +0900] "GET /CUKBM1/msgReceive HTTP/1.1" 200 3241
1.224.175.45 - - [10/Jun/2019:18:55:48 +0900] "GET /CUKBM1/msgReceive HTTP/1.1" 200 3241
1.224.175.45 - - [10/Jun/2019:18:55:48 +0900] "GET /CUKBM1/msgReceive HTTP/1.1" 200 3241
1.224.175.45 - - [10/Jun/2019:18:55:48 +0900] "GET /CUKBM1/msgReceive HTTP/1.1" 200 3241
1.224.175.45 - - [10/Jun/2019:18:55:48 +0900] "GET /CUKBM1/msgReceive HTTP/1.1" 200 3241
1.224.175.45 - - [10/Jun/2019:18:55:48 +0900] "GET /CUKBM1/msgReceive HTTP/1.1" 200 3241
1.224.175.45 - - [10/Jun/2019:18:55:48 +0900] "GET /CUKBM1/msgReceive HTTP/1.1" 200 3241
1.224.175.45 - - [10/Jun/2019:18:55:48 +0900] "GET /CUKBM1/msgReceive HTTP/1.1" 200 3241
1.224.175.45 - - [10/Jun/2019:18:55:48 +0900] "GET /CUKBM1/img/icon/bell.png HTTP/1.1" 304 -
1.224.175.45 - - [10/Jun/2019:18:55:48 +0900] "GET /CUKBM1/css/msgview.css HTTP/1.1" 304 -
1.224.175.45 - - [10/Jun/2019:18:55:48 +0900] "GET /CUKBM1/msgReceive HTTP/1.1" 200 3241
1.224.175.45 - - [10/Jun/2019:18:55:48 +0900] "GET /CUKBM1/msgReceive HTTP/1.1" 200 3241
1.224.175.10 - - [10/Jun/2019:18:55:48 +0900] "GET /CUKBM1/myPage HTTP/1.1" 200 1841
1.224.175.45 - - [10/Jun/2019:18:55:48 +0900] "GET /CUKBM1/css/msgview.css HTTP/1.1" 304 -
1.224.175.45 - - [10/Jun/2019:18:55:48 +0900] "GET /CUKBM1/img/icon/bell.png HTTP/1.1" 304 -
1.224.175.45 - - [10/Jun/2019:18:55:48 +0900] "GET /CUKBM1/msgReceive HTTP/1.1" 200 3241
1.224.175.45 - - [10/Jun/2019:18:55:48 +0900] "GET /CUKBM1/msgReceive HTTP/1.1" 200 3241
1.224.175.33 - - [10/Jun/2019:18:55:49 +0900] "GET /CUKBM1/freeBoard?SUBJECT=free HTTP/1.1" 200 3808
1.224.175.33 - - [10/Jun/2019:18:55:49 +0900] "GET /CUKBM1/css/freelistview.css HTTP/1.1" 200 2877
1.224.175.45 - - [10/Jun/2019:18:55:49 +0900] "GET /CUKBM1/msgReceive HTTP/1.1" 200 3241
1.224.175.45 - - [10/Jun/2019:18:55:49 +0900] "GET /CUKBM1/msgReceive HTTP/1.1" 200 3241
1.224.175.51 - - [10/Jun/2019:18:55:49 +0900] "GET /CUKBM1/Board?SUBJECT=soccer&TEAM=0 HTTP/1.1" 200 6228
1.224.175.45 - - [10/Jun/2019:18:55:49 +0900] "GET /CUKBM1/msgReceive HTTP/1.1" 200 3241
1.224.175.45 - - [10/Jun/2019:18:55:49 +0900] "GET /CUKBM1/msgReceive HTTP/1.1" 200 3241
1.224.175.45 - - [10/Jun/2019:18:55:49 +0900] "GET /CUKBM1/msgReceive HTTP/1.1" 200 3241
1.224.175.45 - - [10/Jun/2019:18:55:49 +0900] "GET /CUKBM1/msgReceive HTTP/1.1" 200 3241
1.224.175.45 - - [10/Jun/2019:18:55:49 +0900] "GET /CUKBM1/msgReceive HTTP/1.1" 200 3241
1.224.175.45 - - [10/Jun/2019:18:55:49 +0900] "GET /CUKBM1/msgReceive HTTP/1.1" 200 3241
1.224.175.45 - - [10/Jun/2019:18:55:49 +0900] "GET /CUKBM1/msgReceive HTTP/1.1" 200 3241
1.224.175.45 - - [10/Jun/2019:18:55:49 +0900] "GET /CUKBM1/msgReceive HTTP/1.1" 200 3241
1.224.175.45 - - [10/Jun/2019:18:55:49 +0900] "GET /CUKBM1/msgReceive HTTP/1.1" 200 3241
1.224.175.45 - - [10/Jun/2019:18:55:49 +0900] "GET /CUKBM1/msgReceive HTTP/1.1" 200 3241
1.224.175.45 - - [10/Jun/2019:18:55:49 +0900] "GET /CUKBM1/msgReceive HTTP/1.1" 200 3241
1.224.175.45 - - [10/Jun/2019:18:55:49 +0900] "GET /CUKBM1/msgReceive HTTP/1.1" 200 3241
1.224.175.45 - - [10/Jun/2019:18:55:49 +0900] "GET /CUKBM1/msgReceive HTTP/1.1" 200 3241
1.224.175.45 - - [10/Jun/2019:18:55:49 +0900] "GET /CUKBM1/msgReceive HTTP/1.1" 200 3241
1.224.175.45 - - [10/Jun/2019:18:55:49 +0900] "GET /CUKBM1/msgReceive HTTP/1.1" 200 3241
1.224.175.45 - - [10/Jun/2019:18:55:49 +0900] "GET /CUKBM1/msgReceive HTTP/1.1" 200 3241
1.224.175.45 - - [10/Jun/2019:18:55:49 +0900] "GET /CUKBM1/msgReceive HTTP/1.1" 200 3241
1.224.175.45 - - [10/Jun/2019:18:55:49 +0900] "GET /CUKBM1/msgReceive HTTP/1.1" 200 3241
1.224.175.45 - - [10/Jun/2019:18:55:49 +0900] "GET /CUKBM1/msgReceive HTTP/1.1" 200 3241
1.224.175.45 - - [10/Jun/2019:18:55:49 +0900] "GET /CUKBM1/msgReceive HTTP/1.1" 200 3241
1.224.175.45 - - [10/Jun/2019:18:55:49 +0900] "GET /CUKBM1/msgReceive HTTP/1.1" 200 3241
1.224.175.45 - - [10/Jun/2019:18:55:49 +0900] "GET /CUKBM1/msgReceive HTTP/1.1" 200 3241
1.224.175.45 - - [10/Jun/2019:18:55:49 +0900] "GET /CUKBM1/msgReceive HTTP/1.1" 200 3241
1.224.175.45 - - [10/Jun/2019:18:55:49 +0900] "GET /CUKBM1/css/msgview.css HTTP/1.1" 304 -
1.224.175.45 - - [10/Jun/2019:18:55:49 +0900] "GET /CUKBM1/img/icon/bell.png HTTP/1.1" 304 -
1.224.175.45 - - [10/Jun/2019:18:55:49 +0900] "GET /CUKBM1/img/front/pic6_1.jpg HTTP/1.1" 304 -
1.224.175.35 - - [10/Jun/2019:18:55:50 +0900] "POST /CUKBM1/BoardWriter HTTP/1.1" 302 -
1.224.175.35 - - [10/Jun/2019:18:55:50 +0900] "GET /CUKBM1/Board?SUBJECT=soccer&TEAM=1 HTTP/1.1" 200 6334
1.224.175.50 - - [10/Jun/2019:18:55:50 +0900] "GET /CUKBM1/BoardItem?SEQ_NO=30&SUBJECT=soccer HTTP/1.1" 200 3326
1.224.175.45 - - [10/Jun/2019:18:55:52 +0900] "GET /CUKBM1/msgReceive HTTP/1.1" 200 3241
1.224.175.45 - - [10/Jun/2019:18:55:52 +0900] "GET /CUKBM1/css/msgview.css HTTP/1.1" 304 -
1.224.175.45 - - [10/Jun/2019:18:55:52 +0900] "GET /CUKBM1/img/icon/bell.png HTTP/1.1" 304 -
1.224.175.33 - - [10/Jun/2019:18:55:52 +0900] "GET /CUKBM1/Board?SUBJECT=badminton&TEAM=1 HTTP/1.1" 200 2625
1.224.175.45 - - [10/Jun/2019:18:55:52 +0900] "GET /CUKBM1/img/front/pic6_1.jpg HTTP/1.1" 304 -
1.224.175.45 - - [10/Jun/2019:18:55:52 +0900] "GET /CUKBM1/msgReceive HTTP/1.1" 200 3241
1.224.175.45 - - [10/Jun/2019:18:55:52 +0900] "GET /CUKBM1/msgReceive HTTP/1.1" 200 3241
1.224.175.45 - - [10/Jun/2019:18:55:52 +0900] "GET /CUKBM1/msgReceive HTTP/1.1" 200 3241
1.224.175.45 - - [10/Jun/2019:18:55:52 +0900] "GET /CUKBM1/msgReceive HTTP/1.1" 200 3241
1.224.175.45 - - [10/Jun/2019:18:55:52 +0900] "GET /CUKBM1/msgReceive HTTP/1.1" 200 3241
1.224.175.45 - - [10/Jun/2019:18:55:52 +0900] "GET /CUKBM1/msgReceive HTTP/1.1" 200 3241
1.224.175.45 - - [10/Jun/2019:18:55:52 +0900] "GET /CUKBM1/msgReceive HTTP/1.1" 200 3241
1.224.175.45 - - [10/Jun/2019:18:55:52 +0900] "GET /CUKBM1/msgReceive HTTP/1.1" 200 3241
1.224.175.36 - - [10/Jun/2019:18:55:52 +0900] "POST /CUKBM1/AttendCancel?seqno=20 HTTP/1.1" 200 2014
1.224.175.45 - - [10/Jun/2019:18:55:52 +0900] "GET /CUKBM1/msgReceive HTTP/1.1" 200 3241
1.224.175.45 - - [10/Jun/2019:18:55:52 +0900] "GET /CUKBM1/msgReceive HTTP/1.1" 200 3241
1.224.175.45 - - [10/Jun/2019:18:55:52 +0900] "GET /CUKBM1/msgReceive HTTP/1.1" 200 3241
1.224.175.45 - - [10/Jun/2019:18:55:52 +0900] "GET /CUKBM1/msgReceive HTTP/1.1" 200 3241
1.224.175.45 - - [10/Jun/2019:18:55:52 +0900] "GET /CUKBM1/msgReceive HTTP/1.1" 200 3241
1.224.175.45 - - [10/Jun/2019:18:55:52 +0900] "GET /CUKBM1/msgReceive HTTP/1.1" 200 3241
1.224.175.45 - - [10/Jun/2019:18:55:52 +0900] "GET /CUKBM1/msgReceive HTTP/1.1" 200 3241
1.224.175.45 - - [10/Jun/2019:18:55:52 +0900] "GET /CUKBM1/css/msgview.css HTTP/1.1" 304 -
1.224.175.45 - - [10/Jun/2019:18:55:52 +0900] "GET /CUKBM1/img/icon/bell.png HTTP/1.1" 304 -
1.224.175.45 - - [10/Jun/2019:18:55:53 +0900] "GET /CUKBM1/img/front/pic6_1.jpg HTTP/1.1" 304 -
1.224.175.50 - - [10/Jun/2019:18:55:53 +0900] "GET /CUKBM1/forcedExit?ID=ljw&seqno=30 HTTP/1.1" 302 -
1.224.175.50 - - [10/Jun/2019:18:55:53 +0900] "GET /CUKBM1/ForcedExitResult.jsp?result=1 HTTP/1.1" 200 1991
1.224.175.33 - - [10/Jun/2019:18:55:53 +0900] "GET /CUKBM1/BoardInputFormTeam.jsp HTTP/1.1" 200 3542
1.224.175.51 - - [10/Jun/2019:18:55:54 +0900] "GET /CUKBM1/Board?SUBJECT=basketball&TEAM=0 HTTP/1.1" 200 2940
1.224.175.10 - - [10/Jun/2019:18:55:54 +0900] "GET /CUKBM1/myPage HTTP/1.1" 200 1841
1.224.175.17 - - [10/Jun/2019:18:55:54 +0900] "GET /CUKBM1/Board?SUBJECT=soccer&TEAM=1 HTTP/1.1" 200 6516
1.224.175.36 - - [10/Jun/2019:18:55:54 +0900] "GET /CUKBM1/Board?SUBJECT=tabletennis&TEAM=0 HTTP/1.1" 200 3236
1.224.175.35 - - [10/Jun/2019:18:55:55 +0900] "POST /CUKBM1/BoardWriter HTTP/1.1" 302 -
1.224.175.35 - - [10/Jun/2019:18:55:55 +0900] "GET /CUKBM1/Board?SUBJECT=soccer&TEAM=1 HTTP/1.1" 200 6622
1.224.175.50 - - [10/Jun/2019:18:55:55 +0900] "GET /CUKBM1/Board?SUBJECT=soccer&TEAM=1 HTTP/1.1" 200 6812
1.224.175.10 - - [10/Jun/2019:18:55:55 +0900] "GET /CUKBM1/CUKBM_FrontPage.jsp HTTP/1.1" 200 4015
10.2.0.216 - - [10/Jun/2019:18:55:55 +0900] "GET /CUKBM1/Board?SUBJECT=soccer&TEAM=a HTTP/1.1" 500 1739
1.224.175.51 - - [10/Jun/2019:18:55:55 +0900] "GET /CUKBM1/Board?SUBJECT=tabletennis&TEAM=0 HTTP/1.1" 200 3236
1.224.175.45 - - [10/Jun/2019:18:55:56 +0900] "GET /CUKBM1/msgReceive HTTP/1.1" 200 3241
1.224.175.45 - - [10/Jun/2019:18:55:56 +0900] "GET /CUKBM1/css/msgview.css HTTP/1.1" 304 -
1.224.175.45 - - [10/Jun/2019:18:55:56 +0900] "GET /CUKBM1/img/icon/bell.png HTTP/1.1" 304 -
1.224.175.45 - - [10/Jun/2019:18:55:56 +0900] "GET /CUKBM1/img/front/pic6_1.jpg HTTP/1.1" 304 -
1.224.175.45 - - [10/Jun/2019:18:55:56 +0900] "GET /CUKBM1/msgReceive HTTP/1.1" 200 3241
1.224.175.45 - - [10/Jun/2019:18:55:56 +0900] "GET /CUKBM1/msgReceive HTTP/1.1" 200 3241
1.224.175.45 - - [10/Jun/2019:18:55:56 +0900] "GET /CUKBM1/msgReceive HTTP/1.1" 200 3241
1.224.175.45 - - [10/Jun/2019:18:55:56 +0900] "GET /CUKBM1/css/msgview.css HTTP/1.1" 304 -
1.224.175.45 - - [10/Jun/2019:18:55:56 +0900] "GET /CUKBM1/img/icon/bell.png HTTP/1.1" 304 -
1.224.175.45 - - [10/Jun/2019:18:55:56 +0900] "GET /CUKBM1/msgReceive HTTP/1.1" 200 3241
1.224.175.45 - - [10/Jun/2019:18:55:56 +0900] "GET /CUKBM1/msgReceive HTTP/1.1" 200 3241
1.224.175.45 - - [10/Jun/2019:18:55:56 +0900] "GET /CUKBM1/css/msgview.css HTTP/1.1" 304 -
1.224.175.45 - - [10/Jun/2019:18:55:56 +0900] "GET /CUKBM1/img/icon/bell.png HTTP/1.1" 304 -
1.224.175.45 - - [10/Jun/2019:18:55:56 +0900] "GET /CUKBM1/msgReceive HTTP/1.1" 200 3241
1.224.175.45 - - [10/Jun/2019:18:55:56 +0900] "GET /CUKBM1/css/msgview.css HTTP/1.1" 304 -
1.224.175.45 - - [10/Jun/2019:18:55:56 +0900] "GET /CUKBM1/img/icon/bell.png HTTP/1.1" 304 -
1.224.175.45 - - [10/Jun/2019:18:55:57 +0900] "GET /CUKBM1/msgReceive HTTP/1.1" 200 3241
1.224.175.45 - - [10/Jun/2019:18:55:57 +0900] "GET /CUKBM1/css/msgview.css HTTP/1.1" 304 -
1.224.175.45 - - [10/Jun/2019:18:55:57 +0900] "GET /CUKBM1/img/icon/bell.png HTTP/1.1" 304 -
1.224.175.45 - - [10/Jun/2019:18:55:57 +0900] "GET /CUKBM1/msgReceive HTTP/1.1" 200 3241
1.224.175.45 - - [10/Jun/2019:18:55:57 +0900] "GET /CUKBM1/css/msgview.css HTTP/1.1" 304 -
1.224.175.45 - - [10/Jun/2019:18:55:57 +0900] "GET /CUKBM1/img/icon/bell.png HTTP/1.1" 304 -
1.224.175.45 - - [10/Jun/2019:18:55:57 +0900] "GET /CUKBM1/msgReceive HTTP/1.1" 200 3241
1.224.175.52 - - [10/Jun/2019:18:55:57 +0900] "GET /CUKBM1/Board?SUBJECT=soccer&TEAM=1 HTTP/1.1" 200 6812
1.224.175.45 - - [10/Jun/2019:18:55:57 +0900] "GET /CUKBM1/css/msgview.css HTTP/1.1" 304 -
1.224.175.45 - - [10/Jun/2019:18:55:57 +0900] "GET /CUKBM1/img/icon/bell.png HTTP/1.1" 304 -
1.224.175.45 - - [10/Jun/2019:18:55:57 +0900] "GET /CUKBM1/msgReceive HTTP/1.1" 200 3241
1.224.175.45 - - [10/Jun/2019:18:55:57 +0900] "GET /CUKBM1/img/icon/bell.png HTTP/1.1" 304 -
1.224.175.45 - - [10/Jun/2019:18:55:57 +0900] "GET /CUKBM1/css/msgview.css HTTP/1.1" 304 -
1.224.175.45 - - [10/Jun/2019:18:55:57 +0900] "GET /CUKBM1/msgReceive HTTP/1.1" 200 3241
1.224.175.45 - - [10/Jun/2019:18:55:57 +0900] "GET /CUKBM1/img/icon/bell.png HTTP/1.1" 304 -
1.224.175.45 - - [10/Jun/2019:18:55:57 +0900] "GET /CUKBM1/css/msgview.css HTTP/1.1" 304 -
1.224.175.45 - - [10/Jun/2019:18:55:57 +0900] "GET /CUKBM1/msgReceive HTTP/1.1" 200 3241
1.224.175.45 - - [10/Jun/2019:18:55:57 +0900] "GET /CUKBM1/msgReceive HTTP/1.1" 200 3241
1.224.175.45 - - [10/Jun/2019:18:55:57 +0900] "GET /CUKBM1/css/msgview.css HTTP/1.1" 304 -
1.224.175.45 - - [10/Jun/2019:18:55:57 +0900] "GET /CUKBM1/img/icon/bell.png HTTP/1.1" 304 -
1.224.175.45 - - [10/Jun/2019:18:55:57 +0900] "GET /CUKBM1/msgReceive HTTP/1.1" 200 3241
1.224.175.45 - - [10/Jun/2019:18:55:57 +0900] "GET /CUKBM1/msgReceive HTTP/1.1" 200 3241
1.224.175.45 - - [10/Jun/2019:18:55:57 +0900] "GET /CUKBM1/msgReceive HTTP/1.1" 200 3241
1.224.175.45 - - [10/Jun/2019:18:55:57 +0900] "GET /CUKBM1/css/msgview.css HTTP/1.1" 304 -
1.224.175.45 - - [10/Jun/2019:18:55:57 +0900] "GET /CUKBM1/img/icon/bell.png HTTP/1.1" 304 -
1.224.175.45 - - [10/Jun/2019:18:55:57 +0900] "GET /CUKBM1/msgReceive HTTP/1.1" 200 3241
1.224.175.45 - - [10/Jun/2019:18:55:57 +0900] "GET /CUKBM1/img/icon/bell.png HTTP/1.1" 304 -
1.224.175.45 - - [10/Jun/2019:18:55:57 +0900] "GET /CUKBM1/css/msgview.css HTTP/1.1" 304 -
1.224.175.45 - - [10/Jun/2019:18:55:57 +0900] "GET /CUKBM1/msgReceive HTTP/1.1" 200 3241
1.224.175.45 - - [10/Jun/2019:18:55:57 +0900] "GET /CUKBM1/img/icon/bell.png HTTP/1.1" 304 -
1.224.175.45 - - [10/Jun/2019:18:55:57 +0900] "GET /CUKBM1/css/msgview.css HTTP/1.1" 304 -
1.224.175.45 - - [10/Jun/2019:18:55:57 +0900] "GET /CUKBM1/msgReceive HTTP/1.1" 200 3241
1.224.175.45 - - [10/Jun/2019:18:55:57 +0900] "GET /CUKBM1/img/icon/bell.png HTTP/1.1" 304 -
