1.224.175.45 - - [10/Jun/2019:18:52:38 +0900] "GET /CUKBM1/msgReceive HTTP/1.1" 200 2795
1.224.175.45 - - [10/Jun/2019:18:52:38 +0900] "GET /CUKBM1/msgReceive HTTP/1.1" 200 2795
1.224.175.45 - - [10/Jun/2019:18:52:38 +0900] "GET /CUKBM1/msgReceive HTTP/1.1" 200 2795
1.224.175.45 - - [10/Jun/2019:18:52:38 +0900] "GET /CUKBM1/msgReceive HTTP/1.1" 200 2795
1.224.175.45 - - [10/Jun/2019:18:52:38 +0900] "GET /CUKBM1/css/msgview.css HTTP/1.1" 304 -
1.224.175.45 - - [10/Jun/2019:18:52:38 +0900] "GET /CUKBM1/img/icon/bell.png HTTP/1.1" 304 -
1.224.175.45 - - [10/Jun/2019:18:52:38 +0900] "GET /CUKBM1/msgReceive HTTP/1.1" 200 2795
1.224.175.45 - - [10/Jun/2019:18:52:38 +0900] "GET /CUKBM1/msgReceive HTTP/1.1" 200 2795
1.224.175.45 - - [10/Jun/2019:18:52:38 +0900] "GET /CUKBM1/msgReceive HTTP/1.1" 200 2795
1.224.175.45 - - [10/Jun/2019:18:52:38 +0900] "GET /CUKBM1/msgReceive HTTP/1.1" 200 2795
1.224.175.48 - - [10/Jun/2019:18:52:38 +0900] "GET /CUKBM1/myPage HTTP/1.1" 200 1842
1.224.175.48 - - [10/Jun/2019:18:52:38 +0900] "GET /CUKBM1/css/mypage.css HTTP/1.1" 200 3367
1.224.175.45 - - [10/Jun/2019:18:52:38 +0900] "GET /CUKBM1/msgReceive HTTP/1.1" 200 2795
1.224.175.45 - - [10/Jun/2019:18:52:38 +0900] "GET /CUKBM1/msgReceive HTTP/1.1" 200 2795
1.224.175.45 - - [10/Jun/2019:18:52:38 +0900] "GET /CUKBM1/msgReceive HTTP/1.1" 200 2795
1.224.175.45 - - [10/Jun/2019:18:52:39 +0900] "GET /CUKBM1/msgReceive HTTP/1.1" 200 2795
1.224.175.45 - - [10/Jun/2019:18:52:39 +0900] "GET /CUKBM1/msgReceive HTTP/1.1" 200 2795
1.224.175.45 - - [10/Jun/2019:18:52:39 +0900] "GET /CUKBM1/msgReceive HTTP/1.1" 200 2795
1.224.175.45 - - [10/Jun/2019:18:52:39 +0900] "GET /CUKBM1/msgReceive HTTP/1.1" 200 2795
1.224.175.50 - - [10/Jun/2019:18:52:39 +0900] "GET /CUKBM1/img/front/ttcrew.PNG HTTP/1.1" 200 79046
1.224.175.45 - - [10/Jun/2019:18:52:39 +0900] "GET /CUKBM1/msgReceive HTTP/1.1" 200 2795
1.224.175.45 - - [10/Jun/2019:18:52:39 +0900] "GET /CUKBM1/msgReceive HTTP/1.1" 200 2795
1.224.175.45 - - [10/Jun/2019:18:52:39 +0900] "GET /CUKBM1/msgReceive HTTP/1.1" 200 2795
1.224.175.45 - - [10/Jun/2019:18:52:39 +0900] "GET /CUKBM1/msgReceive HTTP/1.1" 200 2795
1.224.175.45 - - [10/Jun/2019:18:52:39 +0900] "GET /CUKBM1/msgReceive HTTP/1.1" 200 2795
1.224.175.45 - - [10/Jun/2019:18:52:39 +0900] "GET /CUKBM1/msgReceive HTTP/1.1" 200 2795
1.224.175.45 - - [10/Jun/2019:18:52:39 +0900] "GET /CUKBM1/msgReceive HTTP/1.1" 200 2795
1.224.175.45 - - [10/Jun/2019:18:52:39 +0900] "GET /CUKBM1/msgReceive HTTP/1.1" 200 2795
1.224.175.45 - - [10/Jun/2019:18:52:39 +0900] "GET /CUKBM1/msgReceive HTTP/1.1" 200 2795
1.224.175.45 - - [10/Jun/2019:18:52:39 +0900] "GET /CUKBM1/msgReceive HTTP/1.1" 200 2795
1.224.175.45 - - [10/Jun/2019:18:52:39 +0900] "GET /CUKBM1/msgReceive HTTP/1.1" 200 2795
1.224.175.45 - - [10/Jun/2019:18:52:39 +0900] "GET /CUKBM1/msgReceive HTTP/1.1" 200 2795
1.224.175.45 - - [10/Jun/2019:18:52:39 +0900] "GET /CUKBM1/msgReceive HTTP/1.1" 200 2795
1.224.175.45 - - [10/Jun/2019:18:52:39 +0900] "GET /CUKBM1/msgReceive HTTP/1.1" 200 2795
1.224.175.35 - - [10/Jun/2019:18:52:39 +0900] "GET /CUKBM1/likeDelete?SEQ_NO=1&ID=2 HTTP/1.1" 302 -
1.224.175.45 - - [10/Jun/2019:18:52:39 +0900] "GET /CUKBM1/msgReceive HTTP/1.1" 200 2795
1.224.175.35 - - [10/Jun/2019:18:52:39 +0900] "GET /CUKBM1/myPage HTTP/1.1" 200 2103
1.224.175.45 - - [10/Jun/2019:18:52:39 +0900] "GET /CUKBM1/msgReceive HTTP/1.1" 200 2795
1.224.175.45 - - [10/Jun/2019:18:52:39 +0900] "GET /CUKBM1/css/msgview.css HTTP/1.1" 304 -
1.224.175.45 - - [10/Jun/2019:18:52:39 +0900] "GET /CUKBM1/img/icon/bell.png HTTP/1.1" 304 -
1.224.175.45 - - [10/Jun/2019:18:52:39 +0900] "GET /CUKBM1/msgReceive HTTP/1.1" 200 2795
1.224.175.51 - - [10/Jun/2019:18:52:39 +0900] "GET /CUKBM1/CUKBM_FrontPage.jsp HTTP/1.1" 200 3944
1.224.175.51 - - [10/Jun/2019:18:52:39 +0900] "GET /CUKBM1/css/main.css HTTP/1.1" 200 3009
1.224.175.45 - - [10/Jun/2019:18:52:39 +0900] "GET /CUKBM1/msgReceive HTTP/1.1" 200 2795
1.224.175.51 - - [10/Jun/2019:18:52:39 +0900] "GET /CUKBM1/img/logo.png HTTP/1.1" 200 187320
1.224.175.51 - - [10/Jun/2019:18:52:39 +0900] "GET /CUKBM1/img/front/soccer.jpg HTTP/1.1" 200 6471173
1.224.175.51 - - [10/Jun/2019:18:52:39 +0900] "GET /CUKBM1/img/front/lol.jpg HTTP/1.1" 200 178207
1.224.175.51 - - [10/Jun/2019:18:52:39 +0900] "GET /CUKBM1/img/front/badminton.jpg HTTP/1.1" 200 343278
1.224.175.51 - - [10/Jun/2019:18:52:39 +0900] "GET /CUKBM1/img/front/basketball.jpg HTTP/1.1" 200 3881895
1.224.175.51 - - [10/Jun/2019:18:52:39 +0900] "GET /CUKBM1/img/front/tabletennis.jpg HTTP/1.1" 200 345267
1.224.175.45 - - [10/Jun/2019:18:52:39 +0900] "GET /CUKBM1/msgReceive HTTP/1.1" 200 2795
1.224.175.45 - - [10/Jun/2019:18:52:39 +0900] "GET /CUKBM1/msgReceive HTTP/1.1" 200 2795
1.224.175.51 - - [10/Jun/2019:18:52:39 +0900] "GET /CUKBM1/img/front/pic6_1.jpg HTTP/1.1" 200 370730
1.224.175.45 - - [10/Jun/2019:18:52:39 +0900] "GET /CUKBM1/msgReceive HTTP/1.1" 200 2795
1.224.175.45 - - [10/Jun/2019:18:52:39 +0900] "GET /CUKBM1/msgReceive HTTP/1.1" 200 2795
1.224.175.51 - - [10/Jun/2019:18:52:40 +0900] "GET /CUKBM1/img/front/free3.jpg HTTP/1.1" 200 1003963
1.224.175.45 - - [10/Jun/2019:18:52:40 +0900] "GET /CUKBM1/msgReceive HTTP/1.1" 200 2795
1.224.175.45 - - [10/Jun/2019:18:52:40 +0900] "GET /CUKBM1/msgReceive HTTP/1.1" 200 2795
1.224.175.45 - - [10/Jun/2019:18:52:40 +0900] "GET /CUKBM1/msgReceive HTTP/1.1" 200 2795
1.224.175.45 - - [10/Jun/2019:18:52:40 +0900] "GET /CUKBM1/msgReceive HTTP/1.1" 200 2795
1.224.175.49 - - [10/Jun/2019:18:52:40 +0900] "GET /CUKBM1/Board?SUBJECT=tabletennis&TEAM=0 HTTP/1.1" 200 2934
1.224.175.45 - - [10/Jun/2019:18:52:40 +0900] "GET /CUKBM1/msgReceive HTTP/1.1" 200 2795
1.224.175.45 - - [10/Jun/2019:18:52:40 +0900] "GET /CUKBM1/msgReceive HTTP/1.1" 200 2795
1.224.175.45 - - [10/Jun/2019:18:52:40 +0900] "GET /CUKBM1/msgReceive HTTP/1.1" 200 2795
1.224.175.45 - - [10/Jun/2019:18:52:40 +0900] "GET /CUKBM1/msgReceive HTTP/1.1" 200 2795
1.224.175.45 - - [10/Jun/2019:18:52:40 +0900] "GET /CUKBM1/msgReceive HTTP/1.1" 200 2795
1.224.175.45 - - [10/Jun/2019:18:52:40 +0900] "GET /CUKBM1/msgReceive HTTP/1.1" 200 2795
1.224.175.45 - - [10/Jun/2019:18:52:40 +0900] "GET /CUKBM1/msgReceive HTTP/1.1" 200 2795
1.224.175.45 - - [10/Jun/2019:18:52:40 +0900] "GET /CUKBM1/msgReceive HTTP/1.1" 200 2795
1.224.175.45 - - [10/Jun/2019:18:52:40 +0900] "GET /CUKBM1/msgReceive HTTP/1.1" 200 2795
1.224.175.45 - - [10/Jun/2019:18:52:40 +0900] "GET /CUKBM1/msgReceive HTTP/1.1" 200 2795
1.224.175.45 - - [10/Jun/2019:18:52:40 +0900] "GET /CUKBM1/msgReceive HTTP/1.1" 200 2795
1.224.175.45 - - [10/Jun/2019:18:52:40 +0900] "GET /CUKBM1/msgReceive HTTP/1.1" 200 2795
1.224.175.45 - - [10/Jun/2019:18:52:40 +0900] "GET /CUKBM1/msgReceive HTTP/1.1" 200 2795
1.224.175.45 - - [10/Jun/2019:18:52:40 +0900] "GET /CUKBM1/msgReceive HTTP/1.1" 200 2795
1.224.175.45 - - [10/Jun/2019:18:52:40 +0900] "GET /CUKBM1/msgReceive HTTP/1.1" 200 2795
1.224.175.45 - - [10/Jun/2019:18:52:40 +0900] "GET /CUKBM1/msgReceive HTTP/1.1" 200 2795
1.224.175.45 - - [10/Jun/2019:18:52:40 +0900] "GET /CUKBM1/msgReceive HTTP/1.1" 200 2795
1.224.175.45 - - [10/Jun/2019:18:52:40 +0900] "GET /CUKBM1/msgReceive HTTP/1.1" 200 2795
1.224.175.45 - - [10/Jun/2019:18:52:40 +0900] "GET /CUKBM1/msgReceive HTTP/1.1" 200 2795
1.224.175.45 - - [10/Jun/2019:18:52:40 +0900] "GET /CUKBM1/msgReceive HTTP/1.1" 200 2795
1.224.175.45 - - [10/Jun/2019:18:52:40 +0900] "GET /CUKBM1/msgReceive HTTP/1.1" 200 2795
1.224.175.45 - - [10/Jun/2019:18:52:40 +0900] "GET /CUKBM1/msgReceive HTTP/1.1" 200 2795
1.224.175.45 - - [10/Jun/2019:18:52:41 +0900] "GET /CUKBM1/msgReceive HTTP/1.1" 200 2795
1.224.175.35 - - [10/Jun/2019:18:52:41 +0900] "GET /CUKBM1/likeDelete?SEQ_NO=3&ID=2 HTTP/1.1" 302 -
1.224.175.45 - - [10/Jun/2019:18:52:41 +0900] "GET /CUKBM1/msgReceive HTTP/1.1" 200 2795
1.224.175.45 - - [10/Jun/2019:18:52:41 +0900] "GET /CUKBM1/msgReceive HTTP/1.1" 200 2795
1.224.175.35 - - [10/Jun/2019:18:52:41 +0900] "GET /CUKBM1/myPage HTTP/1.1" 200 1826
1.224.175.45 - - [10/Jun/2019:18:52:41 +0900] "GET /CUKBM1/msgReceive HTTP/1.1" 200 2795
1.224.175.32 - - [10/Jun/2019:18:52:41 +0900] "GET /CUKBM1/Board?SUBJECT=basketball&TEAM=1 HTTP/1.1" 200 2628
1.224.175.45 - - [10/Jun/2019:18:52:41 +0900] "GET /CUKBM1/msgReceive HTTP/1.1" 200 2795
1.224.175.10 - - [10/Jun/2019:18:52:41 +0900] "GET /CUKBM1/CUKBM_FrontPage.jsp HTTP/1.1" 200 4015
1.224.175.45 - - [10/Jun/2019:18:52:41 +0900] "GET /CUKBM1/msgReceive HTTP/1.1" 200 2795
1.224.175.45 - - [10/Jun/2019:18:52:41 +0900] "GET /CUKBM1/msgReceive HTTP/1.1" 200 2795
1.224.175.45 - - [10/Jun/2019:18:52:41 +0900] "GET /CUKBM1/msgReceive HTTP/1.1" 200 2795
1.224.175.45 - - [10/Jun/2019:18:52:41 +0900] "GET /CUKBM1/msgReceive HTTP/1.1" 200 2795
1.224.175.45 - - [10/Jun/2019:18:52:41 +0900] "GET /CUKBM1/msgReceive HTTP/1.1" 200 2795
1.224.175.45 - - [10/Jun/2019:18:52:41 +0900] "GET /CUKBM1/msgReceive HTTP/1.1" 200 2795
1.224.175.45 - - [10/Jun/2019:18:52:41 +0900] "GET /CUKBM1/msgReceive HTTP/1.1" 200 2795
1.224.175.45 - - [10/Jun/2019:18:52:41 +0900] "GET /CUKBM1/msgReceive HTTP/1.1" 200 2795
1.224.175.45 - - [10/Jun/2019:18:52:41 +0900] "GET /CUKBM1/msgReceive HTTP/1.1" 200 2795
1.224.175.49 - - [10/Jun/2019:18:52:41 +0900] "GET /CUKBM1/BoardItem?SEQ_NO=12&SUBJECT=tabletennis HTTP/1.1" 200 2853
1.224.175.45 - - [10/Jun/2019:18:52:41 +0900] "GET /CUKBM1/msgReceive HTTP/1.1" 200 2795
1.224.175.45 - - [10/Jun/2019:18:52:41 +0900] "GET /CUKBM1/msgReceive HTTP/1.1" 200 2795
1.224.175.45 - - [10/Jun/2019:18:52:41 +0900] "GET /CUKBM1/msgReceive HTTP/1.1" 200 2795
1.224.175.45 - - [10/Jun/2019:18:52:41 +0900] "GET /CUKBM1/msgReceive HTTP/1.1" 200 2795
1.224.175.45 - - [10/Jun/2019:18:52:41 +0900] "GET /CUKBM1/msgReceive HTTP/1.1" 200 2795
1.224.175.48 - - [10/Jun/2019:18:52:41 +0900] "GET /CUKBM1/BoardItem?SEQ_NO=4&SUBJECT=soccer HTTP/1.1" 200 3114
1.224.175.51 - - [10/Jun/2019:18:52:41 +0900] "GET /CUKBM1/img/front/liverpool.jpg HTTP/1.1" 200 73835
1.224.175.45 - - [10/Jun/2019:18:52:41 +0900] "GET /CUKBM1/msgReceive HTTP/1.1" 200 2795
1.224.175.20 - - [10/Jun/2019:18:52:41 +0900] "GET /CUKBM1/Board?SUBJECT=soccer&TEAM=0 HTTP/1.1" 200 3834
1.224.175.45 - - [10/Jun/2019:18:52:41 +0900] "GET /CUKBM1/msgReceive HTTP/1.1" 200 2795
1.224.175.45 - - [10/Jun/2019:18:52:41 +0900] "GET /CUKBM1/msgReceive HTTP/1.1" 200 2795
1.224.175.51 - - [10/Jun/2019:18:52:41 +0900] "GET /CUKBM1/img/front/soccer.jpg HTTP/1.1" 206 1
1.224.175.45 - - [10/Jun/2019:18:52:41 +0900] "GET /CUKBM1/msgReceive HTTP/1.1" 200 2795
1.224.175.32 - - [10/Jun/2019:18:52:41 +0900] "GET /CUKBM1/Board?SUBJECT=basketball&TEAM=0 HTTP/1.1" 200 2940
1.224.175.45 - - [10/Jun/2019:18:52:41 +0900] "GET /CUKBM1/msgReceive HTTP/1.1" 200 2795
1.224.175.51 - - [10/Jun/2019:18:52:41 +0900] "GET /CUKBM1/img/front/soccer.jpg HTTP/1.1" 206 3072293
1.224.175.45 - - [10/Jun/2019:18:52:41 +0900] "GET /CUKBM1/msgReceive HTTP/1.1" 200 2795
1.224.175.45 - - [10/Jun/2019:18:52:41 +0900] "GET /CUKBM1/msgReceive HTTP/1.1" 200 2795
1.224.175.45 - - [10/Jun/2019:18:52:41 +0900] "GET /CUKBM1/msgReceive HTTP/1.1" 200 2795
1.224.175.45 - - [10/Jun/2019:18:52:42 +0900] "GET /CUKBM1/msgReceive HTTP/1.1" 200 2795
1.224.175.45 - - [10/Jun/2019:18:52:42 +0900] "GET /CUKBM1/msgReceive HTTP/1.1" 200 2795
1.224.175.45 - - [10/Jun/2019:18:52:42 +0900] "GET /CUKBM1/msgReceive HTTP/1.1" 200 2795
1.224.175.45 - - [10/Jun/2019:18:52:42 +0900] "GET /CUKBM1/msgReceive HTTP/1.1" 200 2795
1.224.175.45 - - [10/Jun/2019:18:52:42 +0900] "GET /CUKBM1/msgReceive HTTP/1.1" 200 2795
1.224.175.45 - - [10/Jun/2019:18:52:42 +0900] "GET /CUKBM1/msgReceive HTTP/1.1" 200 2795
1.224.175.45 - - [10/Jun/2019:18:52:42 +0900] "GET /CUKBM1/msgReceive HTTP/1.1" 200 2795
1.224.175.45 - - [10/Jun/2019:18:52:42 +0900] "GET /CUKBM1/msgReceive HTTP/1.1" 200 2795
1.224.175.45 - - [10/Jun/2019:18:52:42 +0900] "GET /CUKBM1/msgReceive HTTP/1.1" 200 2795
1.224.175.45 - - [10/Jun/2019:18:52:42 +0900] "GET /CUKBM1/msgReceive HTTP/1.1" 200 2795
1.224.175.50 - - [10/Jun/2019:18:52:42 +0900] "GET /CUKBM1/Board?SUBJECT=esports&TEAM=0 HTTP/1.1" 200 2615
1.224.175.51 - - [10/Jun/2019:18:52:42 +0900] "GET /favicon.ico HTTP/1.1" 404 1126
1.224.175.45 - - [10/Jun/2019:18:52:42 +0900] "GET /CUKBM1/msgReceive HTTP/1.1" 200 2795
1.224.175.45 - - [10/Jun/2019:18:52:42 +0900] "GET /CUKBM1/msgReceive HTTP/1.1" 200 2795
1.224.175.45 - - [10/Jun/2019:18:52:42 +0900] "GET /CUKBM1/msgReceive HTTP/1.1" 200 2795
1.224.175.45 - - [10/Jun/2019:18:52:42 +0900] "GET /CUKBM1/css/msgview.css HTTP/1.1" 304 -
1.224.175.45 - - [10/Jun/2019:18:52:42 +0900] "GET /CUKBM1/img/icon/bell.png HTTP/1.1" 304 -
1.224.175.45 - - [10/Jun/2019:18:52:42 +0900] "GET /CUKBM1/msgReceive HTTP/1.1" 200 2795
1.224.175.45 - - [10/Jun/2019:18:52:42 +0900] "GET /CUKBM1/msgReceive HTTP/1.1" 200 2795
1.224.175.35 - - [10/Jun/2019:18:52:42 +0900] "GET /CUKBM1/likeDelete?SEQ_NO=5&ID=2 HTTP/1.1" 302 -
1.224.175.45 - - [10/Jun/2019:18:52:42 +0900] "GET /CUKBM1/msgReceive HTTP/1.1" 200 2795
1.224.175.45 - - [10/Jun/2019:18:52:42 +0900] "GET /CUKBM1/msgReceive HTTP/1.1" 200 2795
1.224.175.35 - - [10/Jun/2019:18:52:42 +0900] "GET /CUKBM1/myPage HTTP/1.1" 200 1538
1.224.175.45 - - [10/Jun/2019:18:52:42 +0900] "GET /CUKBM1/css/msgview.css HTTP/1.1" 304 -
1.224.175.45 - - [10/Jun/2019:18:52:42 +0900] "GET /CUKBM1/img/icon/bell.png HTTP/1.1" 304 -
1.224.175.45 - - [10/Jun/2019:18:52:42 +0900] "GET /CUKBM1/msgReceive HTTP/1.1" 200 2795
1.224.175.45 - - [10/Jun/2019:18:52:42 +0900] "GET /CUKBM1/msgReceive HTTP/1.1" 200 2795
1.224.175.45 - - [10/Jun/2019:18:52:42 +0900] "GET /CUKBM1/msgReceive HTTP/1.1" 200 2795
1.224.175.45 - - [10/Jun/2019:18:52:42 +0900] "GET /CUKBM1/msgReceive HTTP/1.1" 200 2795
1.224.175.45 - - [10/Jun/2019:18:52:42 +0900] "GET /CUKBM1/msgReceive HTTP/1.1" 200 2795
1.224.175.45 - - [10/Jun/2019:18:52:42 +0900] "GET /CUKBM1/msgReceive HTTP/1.1" 200 2795
1.224.175.20 - - [10/Jun/2019:18:52:42 +0900] "GET /CUKBM1/Board?SUBJECT=soccer&TEAM=1 HTTP/1.1" 200 3824
1.224.175.45 - - [10/Jun/2019:18:52:42 +0900] "GET /CUKBM1/msgReceive HTTP/1.1" 200 2795
1.224.175.45 - - [10/Jun/2019:18:52:42 +0900] "GET /CUKBM1/css/msgview.css HTTP/1.1" 304 -
1.224.175.45 - - [10/Jun/2019:18:52:42 +0900] "GET /CUKBM1/img/icon/bell.png HTTP/1.1" 304 -
1.224.175.45 - - [10/Jun/2019:18:52:42 +0900] "GET /CUKBM1/msgReceive HTTP/1.1" 200 2795
1.224.175.45 - - [10/Jun/2019:18:52:42 +0900] "GET /CUKBM1/msgReceive HTTP/1.1" 200 2795
1.224.175.45 - - [10/Jun/2019:18:52:42 +0900] "GET /CUKBM1/msgReceive HTTP/1.1" 200 2795
1.224.175.45 - - [10/Jun/2019:18:52:42 +0900] "GET /CUKBM1/msgReceive HTTP/1.1" 200 2795
1.224.175.45 - - [10/Jun/2019:18:52:43 +0900] "GET /CUKBM1/msgReceive HTTP/1.1" 200 2795
1.224.175.45 - - [10/Jun/2019:18:52:43 +0900] "GET /CUKBM1/msgReceive HTTP/1.1" 200 2795
1.224.175.45 - - [10/Jun/2019:18:52:43 +0900] "GET /CUKBM1/msgReceive HTTP/1.1" 200 2795
1.224.175.45 - - [10/Jun/2019:18:52:43 +0900] "GET /CUKBM1/msgReceive HTTP/1.1" 200 2795
10.2.0.136 - - [10/Jun/2019:18:52:43 +0900] "GET /CUKBM1/freeBoard?SUBJECT=free HTTP/1.1" 200 2800
10.2.0.136 - - [10/Jun/2019:18:52:43 +0900] "GET /CUKBM1/css/freelistview.css HTTP/1.1" 200 2877
1.224.175.45 - - [10/Jun/2019:18:52:43 +0900] "GET /CUKBM1/msgReceive HTTP/1.1" 200 2795
1.224.175.45 - - [10/Jun/2019:18:52:43 +0900] "GET /CUKBM1/msgReceive HTTP/1.1" 200 2795
1.224.175.45 - - [10/Jun/2019:18:52:43 +0900] "GET /CUKBM1/msgReceive HTTP/1.1" 200 2795
1.224.175.45 - - [10/Jun/2019:18:52:43 +0900] "GET /CUKBM1/msgReceive HTTP/1.1" 200 2795
1.224.175.45 - - [10/Jun/2019:18:52:43 +0900] "GET /CUKBM1/msgReceive HTTP/1.1" 200 2795
1.224.175.45 - - [10/Jun/2019:18:52:43 +0900] "GET /CUKBM1/msgReceive HTTP/1.1" 200 2795
1.224.175.45 - - [10/Jun/2019:18:52:43 +0900] "GET /CUKBM1/msgReceive HTTP/1.1" 200 2795
1.224.175.45 - - [10/Jun/2019:18:52:43 +0900] "GET /CUKBM1/msgReceive HTTP/1.1" 200 2795
1.224.175.45 - - [10/Jun/2019:18:52:43 +0900] "GET /CUKBM1/msgReceive HTTP/1.1" 200 2795
1.224.175.45 - - [10/Jun/2019:18:52:43 +0900] "GET /CUKBM1/msgReceive HTTP/1.1" 200 2795
1.224.175.45 - - [10/Jun/2019:18:52:43 +0900] "GET /CUKBM1/css/msgview.css HTTP/1.1" 304 -
1.224.175.45 - - [10/Jun/2019:18:52:43 +0900] "GET /CUKBM1/img/icon/bell.png HTTP/1.1" 304 -
1.224.175.20 - - [10/Jun/2019:18:52:43 +0900] "GET /CUKBM1/Board?SUBJECT=soccer&TEAM=0 HTTP/1.1" 200 3834
1.224.175.45 - - [10/Jun/2019:18:52:43 +0900] "GET /CUKBM1/msgReceive HTTP/1.1" 200 2795
1.224.175.45 - - [10/Jun/2019:18:52:43 +0900] "GET /CUKBM1/css/msgview.css HTTP/1.1" 304 -
1.224.175.45 - - [10/Jun/2019:18:52:43 +0900] "GET /CUKBM1/img/icon/bell.png HTTP/1.1" 304 -
1.224.175.45 - - [10/Jun/2019:18:52:43 +0900] "GET /CUKBM1/msgReceive HTTP/1.1" 200 2795
1.224.175.45 - - [10/Jun/2019:18:52:43 +0900] "GET /CUKBM1/msgReceive HTTP/1.1" 200 2795
1.224.175.45 - - [10/Jun/2019:18:52:43 +0900] "GET /CUKBM1/msgReceive HTTP/1.1" 200 2795
1.224.175.45 - - [10/Jun/2019:18:52:43 +0900] "GET /CUKBM1/msgReceive HTTP/1.1" 200 2795
1.224.175.45 - - [10/Jun/2019:18:52:43 +0900] "GET /CUKBM1/msgReceive HTTP/1.1" 200 2795
1.224.175.45 - - [10/Jun/2019:18:52:43 +0900] "GET /CUKBM1/msgReceive HTTP/1.1" 200 2795
1.224.175.45 - - [10/Jun/2019:18:52:43 +0900] "GET /CUKBM1/msgReceive HTTP/1.1" 200 2795
1.224.175.45 - - [10/Jun/2019:18:52:43 +0900] "GET /CUKBM1/msgReceive HTTP/1.1" 200 2795
1.224.175.45 - - [10/Jun/2019:18:52:43 +0900] "GET /CUKBM1/msgReceive HTTP/1.1" 200 2795
1.224.175.45 - - [10/Jun/2019:18:52:43 +0900] "GET /CUKBM1/msgReceive HTTP/1.1" 200 2795
1.224.175.45 - - [10/Jun/2019:18:52:43 +0900] "GET /CUKBM1/msgReceive HTTP/1.1" 200 2795
1.224.175.45 - - [10/Jun/2019:18:52:43 +0900] "GET /CUKBM1/msgReceive HTTP/1.1" 200 2795
1.224.175.45 - - [10/Jun/2019:18:52:43 +0900] "GET /CUKBM1/msgReceive HTTP/1.1" 200 2795
1.224.175.45 - - [10/Jun/2019:18:52:43 +0900] "GET /CUKBM1/msgReceive HTTP/1.1" 200 2795
1.224.175.45 - - [10/Jun/2019:18:52:43 +0900] "GET /CUKBM1/msgReceive HTTP/1.1" 200 2795
1.224.175.45 - - [10/Jun/2019:18:52:43 +0900] "GET /CUKBM1/msgReceive HTTP/1.1" 200 2795
1.224.175.45 - - [10/Jun/2019:18:52:44 +0900] "GET /CUKBM1/msgReceive HTTP/1.1" 200 2795
1.224.175.35 - - [10/Jun/2019:18:52:44 +0900] "GET /CUKBM1/CUKBM_FrontPage.jsp HTTP/1.1" 200 4015
1.224.175.45 - - [10/Jun/2019:18:52:44 +0900] "GET /CUKBM1/msgReceive HTTP/1.1" 200 2795
1.224.175.45 - - [10/Jun/2019:18:52:44 +0900] "GET /CUKBM1/msgReceive HTTP/1.1" 200 2795
1.224.175.45 - - [10/Jun/2019:18:52:44 +0900] "GET /CUKBM1/msgReceive HTTP/1.1" 200 2795
1.224.175.45 - - [10/Jun/2019:18:52:44 +0900] "GET /CUKBM1/msgReceive HTTP/1.1" 200 2795
1.224.175.45 - - [10/Jun/2019:18:52:44 +0900] "GET /CUKBM1/msgReceive HTTP/1.1" 200 2795
1.224.175.45 - - [10/Jun/2019:18:52:44 +0900] "GET /CUKBM1/css/msgview.css HTTP/1.1" 304 -
1.224.175.45 - - [10/Jun/2019:18:52:44 +0900] "GET /CUKBM1/img/icon/bell.png HTTP/1.1" 304 -
1.224.175.45 - - [10/Jun/2019:18:52:44 +0900] "GET /CUKBM1/msgReceive HTTP/1.1" 200 2795
1.224.175.17 - - [10/Jun/2019:18:52:44 +0900] "GET /CUKBM1/CUKBM_FrontPage.jsp HTTP/1.1" 200 4015
1.224.175.45 - - [10/Jun/2019:18:52:44 +0900] "GET /CUKBM1/msgReceive HTTP/1.1" 200 2795
1.224.175.45 - - [10/Jun/2019:18:52:44 +0900] "GET /CUKBM1/css/msgview.css HTTP/1.1" 304 -
1.224.175.45 - - [10/Jun/2019:18:52:44 +0900] "GET /CUKBM1/img/icon/bell.png HTTP/1.1" 304 -
1.224.175.45 - - [10/Jun/2019:18:52:44 +0900] "GET /CUKBM1/msgReceive HTTP/1.1" 200 2795
1.224.175.45 - - [10/Jun/2019:18:52:44 +0900] "GET /CUKBM1/msgReceive HTTP/1.1" 200 2795
1.224.175.45 - - [10/Jun/2019:18:52:44 +0900] "GET /CUKBM1/msgReceive HTTP/1.1" 200 2795
1.224.175.45 - - [10/Jun/2019:18:52:44 +0900] "GET /CUKBM1/msgReceive HTTP/1.1" 200 2795
1.224.175.45 - - [10/Jun/2019:18:52:44 +0900] "GET /CUKBM1/msgReceive HTTP/1.1" 200 2795
1.224.175.45 - - [10/Jun/2019:18:52:44 +0900] "GET /CUKBM1/msgReceive HTTP/1.1" 200 2795
1.224.175.45 - - [10/Jun/2019:18:52:44 +0900] "GET /CUKBM1/msgReceive HTTP/1.1" 200 2795
1.224.175.32 - - [10/Jun/2019:18:52:44 +0900] "GET /CUKBM1/BoardItem?SEQ_NO=13&SUBJECT=basketball HTTP/1.1" 200 2890
1.224.175.45 - - [10/Jun/2019:18:52:44 +0900] "GET /CUKBM1/msgReceive HTTP/1.1" 200 2795
1.224.175.45 - - [10/Jun/2019:18:52:44 +0900] "GET /CUKBM1/msgReceive HTTP/1.1" 200 2795
1.224.175.45 - - [10/Jun/2019:18:52:44 +0900] "GET /CUKBM1/css/msgview.css HTTP/1.1" 304 -
1.224.175.45 - - [10/Jun/2019:18:52:44 +0900] "GET /CUKBM1/img/icon/bell.png HTTP/1.1" 304 -
1.224.175.45 - - [10/Jun/2019:18:52:44 +0900] "GET /CUKBM1/msgReceive HTTP/1.1" 200 2795
1.224.175.45 - - [10/Jun/2019:18:52:44 +0900] "GET /CUKBM1/msgReceive HTTP/1.1" 200 2795
1.224.175.45 - - [10/Jun/2019:18:52:44 +0900] "GET /CUKBM1/msgReceive HTTP/1.1" 200 2795
1.224.175.45 - - [10/Jun/2019:18:52:44 +0900] "GET /CUKBM1/msgReceive HTTP/1.1" 200 2795
1.224.175.50 - - [10/Jun/2019:18:52:44 +0900] "GET /CUKBM1/Board?SUBJECT=badminton&TEAM=0 HTTP/1.1" 200 2621
1.224.175.45 - - [10/Jun/2019:18:52:44 +0900] "GET /CUKBM1/msgReceive HTTP/1.1" 200 2795
1.224.175.45 - - [10/Jun/2019:18:52:44 +0900] "GET /CUKBM1/msgReceive HTTP/1.1" 200 2795
1.224.175.45 - - [10/Jun/2019:18:52:44 +0900] "GET /CUKBM1/msgReceive HTTP/1.1" 200 2795
1.224.175.45 - - [10/Jun/2019:18:52:44 +0900] "GET /CUKBM1/msgReceive HTTP/1.1" 200 2795
1.224.175.45 - - [10/Jun/2019:18:52:44 +0900] "GET /CUKBM1/msgReceive HTTP/1.1" 200 2795
1.224.175.20 - - [10/Jun/2019:18:52:44 +0900] "GET /CUKBM1/Board?SUBJECT=basketball&TEAM=1 HTTP/1.1" 200 2628
1.224.175.45 - - [10/Jun/2019:18:52:44 +0900] "GET /CUKBM1/msgReceive HTTP/1.1" 200 2795
1.224.175.45 - - [10/Jun/2019:18:52:44 +0900] "GET /CUKBM1/msgReceive HTTP/1.1" 200 2795
1.224.175.45 - - [10/Jun/2019:18:52:44 +0900] "GET /CUKBM1/msgReceive HTTP/1.1" 200 2795
1.224.175.45 - - [10/Jun/2019:18:52:44 +0900] "GET /CUKBM1/msgReceive HTTP/1.1" 200 2795
1.224.175.45 - - [10/Jun/2019:18:52:45 +0900] "GET /CUKBM1/msgReceive HTTP/1.1" 200 2795
1.224.175.45 - - [10/Jun/2019:18:52:45 +0900] "GET /CUKBM1/msgReceive HTTP/1.1" 200 2795
1.224.175.45 - - [10/Jun/2019:18:52:45 +0900] "GET /CUKBM1/msgReceive HTTP/1.1" 200 2795
1.224.175.45 - - [10/Jun/2019:18:52:45 +0900] "GET /CUKBM1/msgReceive HTTP/1.1" 200 2795
1.224.175.48 - - [10/Jun/2019:18:52:45 +0900] "GET /CUKBM1/Board?SUBJECT=soccer&TEAM=0 HTTP/1.1" 200 3834
1.224.175.45 - - [10/Jun/2019:18:52:45 +0900] "GET /CUKBM1/msgReceive HTTP/1.1" 200 2795
1.224.175.45 - - [10/Jun/2019:18:52:45 +0900] "GET /CUKBM1/msgReceive HTTP/1.1" 200 2795
1.224.175.45 - - [10/Jun/2019:18:52:45 +0900] "GET /CUKBM1/css/msgview.css HTTP/1.1" 304 -
1.224.175.45 - - [10/Jun/2019:18:52:45 +0900] "GET /CUKBM1/img/icon/bell.png HTTP/1.1" 304 -
1.224.175.45 - - [10/Jun/2019:18:52:45 +0900] "GET /CUKBM1/msgReceive HTTP/1.1" 200 2795
1.224.175.45 - - [10/Jun/2019:18:52:45 +0900] "GET /CUKBM1/msgReceive HTTP/1.1" 200 2795
1.224.175.45 - - [10/Jun/2019:18:52:45 +0900] "GET /CUKBM1/msgReceive HTTP/1.1" 200 2795
1.224.175.45 - - [10/Jun/2019:18:52:45 +0900] "GET /CUKBM1/msgReceive HTTP/1.1" 200 2795
1.224.175.10 - - [10/Jun/2019:18:52:45 +0900] "GET /CUKBM1/Board?SUBJECT=tabletennis&TEAM=0 HTTP/1.1" 200 2934
1.224.175.45 - - [10/Jun/2019:18:52:45 +0900] "GET /CUKBM1/msgReceive HTTP/1.1" 200 2795
1.224.175.45 - - [10/Jun/2019:18:52:45 +0900] "GET /CUKBM1/msgReceive HTTP/1.1" 200 2795
1.224.175.45 - - [10/Jun/2019:18:52:45 +0900] "GET /CUKBM1/msgReceive HTTP/1.1" 200 2795
1.224.175.45 - - [10/Jun/2019:18:52:45 +0900] "GET /CUKBM1/msgReceive HTTP/1.1" 200 2795
1.224.175.45 - - [10/Jun/2019:18:52:45 +0900] "GET /CUKBM1/msgReceive HTTP/1.1" 200 2795
1.224.175.20 - - [10/Jun/2019:18:52:45 +0900] "GET /CUKBM1/Board?SUBJECT=soccer&TEAM=1 HTTP/1.1" 200 3824
1.224.175.45 - - [10/Jun/2019:18:52:45 +0900] "GET /CUKBM1/msgReceive HTTP/1.1" 200 2795
1.224.175.45 - - [10/Jun/2019:18:52:45 +0900] "GET /CUKBM1/msgReceive HTTP/1.1" 200 2795
10.2.0.136 - - [10/Jun/2019:18:52:45 +0900] "GET /CUKBM1/freeItem?SEQ_NO=6&SUBJECT=free HTTP/1.1" 200 2288
1.224.175.45 - - [10/Jun/2019:18:52:45 +0900] "GET /CUKBM1/css/msgview.css HTTP/1.1" 304 -
1.224.175.45 - - [10/Jun/2019:18:52:45 +0900] "GET /CUKBM1/img/icon/bell.png HTTP/1.1" 304 -
10.2.0.136 - - [10/Jun/2019:18:52:45 +0900] "GET /CUKBM1/css/freeitemview.css HTTP/1.1" 200 3690
1.224.175.45 - - [10/Jun/2019:18:52:45 +0900] "GET /CUKBM1/msgReceive HTTP/1.1" 200 2795
1.224.175.45 - - [10/Jun/2019:18:52:45 +0900] "GET /CUKBM1/msgReceive HTTP/1.1" 200 2795
1.224.175.45 - - [10/Jun/2019:18:52:45 +0900] "GET /CUKBM1/msgReceive HTTP/1.1" 200 2795
1.224.175.45 - - [10/Jun/2019:18:52:45 +0900] "GET /CUKBM1/css/msgview.css HTTP/1.1" 304 -
1.224.175.45 - - [10/Jun/2019:18:52:45 +0900] "GET /CUKBM1/img/icon/bell.png HTTP/1.1" 304 -
1.224.175.45 - - [10/Jun/2019:18:52:45 +0900] "GET /CUKBM1/msgReceive HTTP/1.1" 200 2795
1.224.175.50 - - [10/Jun/2019:18:52:45 +0900] "GET /CUKBM1/freeBoard?SUBJECT=free HTTP/1.1" 200 2800
1.224.175.45 - - [10/Jun/2019:18:52:45 +0900] "GET /CUKBM1/msgReceive HTTP/1.1" 200 2795
1.224.175.50 - - [10/Jun/2019:18:52:45 +0900] "GET /CUKBM1/css/freelistview.css HTTP/1.1" 200 2877
1.224.175.45 - - [10/Jun/2019:18:52:45 +0900] "GET /CUKBM1/msgReceive HTTP/1.1" 200 2795
1.224.175.45 - - [10/Jun/2019:18:52:45 +0900] "GET /CUKBM1/msgReceive HTTP/1.1" 200 2795
1.224.175.45 - - [10/Jun/2019:18:52:45 +0900] "GET /CUKBM1/msgReceive HTTP/1.1" 200 2795
1.224.175.45 - - [10/Jun/2019:18:52:45 +0900] "GET /CUKBM1/msgReceive HTTP/1.1" 200 2795
1.224.175.45 - - [10/Jun/2019:18:52:45 +0900] "GET /CUKBM1/msgReceive HTTP/1.1" 200 2795
1.224.175.45 - - [10/Jun/2019:18:52:45 +0900] "GET /CUKBM1/msgReceive HTTP/1.1" 200 2795
1.224.175.45 - - [10/Jun/2019:18:52:45 +0900] "GET /CUKBM1/msgReceive HTTP/1.1" 200 2795
1.224.175.45 - - [10/Jun/2019:18:52:45 +0900] "GET /CUKBM1/msgReceive HTTP/1.1" 200 2795
1.224.175.45 - - [10/Jun/2019:18:52:46 +0900] "GET /CUKBM1/msgReceive HTTP/1.1" 200 2795
1.224.175.45 - - [10/Jun/2019:18:52:46 +0900] "GET /CUKBM1/msgReceive HTTP/1.1" 200 2795
1.224.175.45 - - [10/Jun/2019:18:52:46 +0900] "GET /CUKBM1/msgReceive HTTP/1.1" 200 2795
1.224.175.45 - - [10/Jun/2019:18:52:46 +0900] "GET /CUKBM1/msgReceive HTTP/1.1" 200 2795
1.224.175.45 - - [10/Jun/2019:18:52:46 +0900] "GET /CUKBM1/msgReceive HTTP/1.1" 200 2795
1.224.175.45 - - [10/Jun/2019:18:52:46 +0900] "GET /CUKBM1/msgReceive HTTP/1.1" 200 2795
1.224.175.45 - - [10/Jun/2019:18:52:46 +0900] "GET /CUKBM1/msgReceive HTTP/1.1" 200 2795
1.224.175.35 - - [10/Jun/2019:18:52:46 +0900] "GET /CUKBM1/img/front/nba.jpg HTTP/1.1" 200 126367
1.224.175.45 - - [10/Jun/2019:18:52:46 +0900] "GET /CUKBM1/msgReceive HTTP/1.1" 200 2795
1.224.175.45 - - [10/Jun/2019:18:52:46 +0900] "GET /CUKBM1/msgReceive HTTP/1.1" 200 2795
1.224.175.45 - - [10/Jun/2019:18:52:46 +0900] "GET /CUKBM1/msgReceive HTTP/1.1" 200 2795
1.224.175.45 - - [10/Jun/2019:18:52:46 +0900] "GET /CUKBM1/msgReceive HTTP/1.1" 200 2795
1.224.175.45 - - [10/Jun/2019:18:52:46 +0900] "GET /CUKBM1/css/msgview.css HTTP/1.1" 304 -
1.224.175.45 - - [10/Jun/2019:18:52:46 +0900] "GET /CUKBM1/img/icon/bell.png HTTP/1.1" 304 -
1.224.175.45 - - [10/Jun/2019:18:52:46 +0900] "GET /CUKBM1/msgReceive HTTP/1.1" 200 2795
1.224.175.45 - - [10/Jun/2019:18:52:46 +0900] "GET /CUKBM1/msgReceive HTTP/1.1" 200 2795
1.224.175.17 - - [10/Jun/2019:18:52:46 +0900] "GET /CUKBM1/img/front/nba.jpg HTTP/1.1" 200 126367
1.224.175.45 - - [10/Jun/2019:18:52:46 +0900] "GET /CUKBM1/msgReceive HTTP/1.1" 200 2795
1.224.175.45 - - [10/Jun/2019:18:52:46 +0900] "GET /CUKBM1/msgReceive HTTP/1.1" 200 2795
1.224.175.35 - - [10/Jun/2019:18:52:46 +0900] "GET /CUKBM1/img/front/ttcrew.PNG HTTP/1.1" 200 79046
1.224.175.45 - - [10/Jun/2019:18:52:46 +0900] "GET /CUKBM1/msgReceive HTTP/1.1" 200 2795
1.224.175.45 - - [10/Jun/2019:18:52:46 +0900] "GET /CUKBM1/msgReceive HTTP/1.1" 200 2795
1.224.175.45 - - [10/Jun/2019:18:52:46 +0900] "GET /CUKBM1/msgReceive HTTP/1.1" 200 2795
1.224.175.45 - - [10/Jun/2019:18:52:46 +0900] "GET /CUKBM1/msgReceive HTTP/1.1" 200 2795
1.224.175.45 - - [10/Jun/2019:18:52:46 +0900] "GET /CUKBM1/msgReceive HTTP/1.1" 200 2795
1.224.175.45 - - [10/Jun/2019:18:52:46 +0900] "GET /CUKBM1/msgReceive HTTP/1.1" 200 2795
1.224.175.45 - - [10/Jun/2019:18:52:46 +0900] "GET /CUKBM1/msgReceive HTTP/1.1" 200 2795
1.224.175.51 - - [10/Jun/2019:18:52:46 +0900] "GET /CUKBM1/Agreement.jsp HTTP/1.1" 200 2576
1.224.175.45 - - [10/Jun/2019:18:52:46 +0900] "GET /CUKBM1/msgReceive HTTP/1.1" 200 2795
1.224.175.45 - - [10/Jun/2019:18:52:46 +0900] "GET /CUKBM1/msgReceive HTTP/1.1" 200 2795
1.224.175.45 - - [10/Jun/2019:18:52:46 +0900] "GET /CUKBM1/msgReceive HTTP/1.1" 200 2795
1.224.175.45 - - [10/Jun/2019:18:52:46 +0900] "GET /CUKBM1/msgReceive HTTP/1.1" 200 2795
1.224.175.45 - - [10/Jun/2019:18:52:46 +0900] "GET /CUKBM1/msgReceive HTTP/1.1" 200 2795
1.224.175.51 - - [10/Jun/2019:18:52:46 +0900] "GET /CUKBM1/css/agreement.css HTTP/1.1" 200 2803
1.224.175.45 - - [10/Jun/2019:18:52:46 +0900] "GET /CUKBM1/msgReceive HTTP/1.1" 200 2795
1.224.175.45 - - [10/Jun/2019:18:52:46 +0900] "GET /CUKBM1/msgReceive HTTP/1.1" 200 2795
1.224.175.45 - - [10/Jun/2019:18:52:46 +0900] "GET /CUKBM1/css/msgview.css HTTP/1.1" 304 -
1.224.175.45 - - [10/Jun/2019:18:52:46 +0900] "GET /CUKBM1/img/icon/bell.png HTTP/1.1" 304 -
1.224.175.29 - - [10/Jun/2019:18:52:46 +0900] "GET /CUKBM1/Board?SUBJECT=soccer&TEAM=1 HTTP/1.1" 200 3824
1.224.175.45 - - [10/Jun/2019:18:52:46 +0900] "GET /CUKBM1/msgReceive HTTP/1.1" 200 2795
1.224.175.45 - - [10/Jun/2019:18:52:46 +0900] "GET /CUKBM1/msgReceive HTTP/1.1" 200 2795
1.224.175.45 - - [10/Jun/2019:18:52:47 +0900] "GET /CUKBM1/msgReceive HTTP/1.1" 200 2795
1.224.175.45 - - [10/Jun/2019:18:52:47 +0900] "GET /CUKBM1/msgReceive HTTP/1.1" 200 2795
1.224.175.45 - - [10/Jun/2019:18:52:47 +0900] "GET /CUKBM1/msgReceive HTTP/1.1" 200 2795
1.224.175.45 - - [10/Jun/2019:18:52:47 +0900] "GET /CUKBM1/msgReceive HTTP/1.1" 200 2795
1.224.175.45 - - [10/Jun/2019:18:52:47 +0900] "GET /CUKBM1/msgReceive HTTP/1.1" 200 2795
1.224.175.45 - - [10/Jun/2019:18:52:47 +0900] "GET /CUKBM1/msgReceive HTTP/1.1" 200 2795
1.224.175.45 - - [10/Jun/2019:18:52:47 +0900] "GET /CUKBM1/msgReceive HTTP/1.1" 200 2795
1.224.175.45 - - [10/Jun/2019:18:52:47 +0900] "GET /CUKBM1/msgReceive HTTP/1.1" 200 2795
1.224.175.45 - - [10/Jun/2019:18:52:47 +0900] "GET /CUKBM1/msgReceive HTTP/1.1" 200 2795
1.224.175.48 - - [10/Jun/2019:18:52:47 +0900] "GET /CUKBM1/BoardItem?SEQ_NO=7&SUBJECT=soccer HTTP/1.1" 200 3328
1.224.175.45 - - [10/Jun/2019:18:52:47 +0900] "GET /CUKBM1/msgReceive HTTP/1.1" 200 2795
1.224.175.45 - - [10/Jun/2019:18:52:47 +0900] "GET /CUKBM1/css/msgview.css HTTP/1.1" 304 -
1.224.175.45 - - [10/Jun/2019:18:52:47 +0900] "GET /CUKBM1/img/icon/bell.png HTTP/1.1" 304 -
1.224.175.45 - - [10/Jun/2019:18:52:47 +0900] "GET /CUKBM1/msgReceive HTTP/1.1" 200 2795
1.224.175.45 - - [10/Jun/2019:18:52:47 +0900] "GET /CUKBM1/msgReceive HTTP/1.1" 200 2795
1.224.175.45 - - [10/Jun/2019:18:52:47 +0900] "GET /CUKBM1/msgReceive HTTP/1.1" 200 2795
1.224.175.45 - - [10/Jun/2019:18:52:47 +0900] "GET /CUKBM1/msgReceive HTTP/1.1" 200 2795
1.224.175.45 - - [10/Jun/2019:18:52:47 +0900] "GET /CUKBM1/css/msgview.css HTTP/1.1" 304 -
1.224.175.45 - - [10/Jun/2019:18:52:47 +0900] "GET /CUKBM1/img/icon/bell.png HTTP/1.1" 304 -
1.224.175.45 - - [10/Jun/2019:18:52:47 +0900] "GET /CUKBM1/msgReceive HTTP/1.1" 200 2795
1.224.175.45 - - [10/Jun/2019:18:52:47 +0900] "GET /CUKBM1/msgReceive HTTP/1.1" 200 2795
1.224.175.45 - - [10/Jun/2019:18:52:47 +0900] "GET /CUKBM1/msgReceive HTTP/1.1" 200 2795
1.224.175.45 - - [10/Jun/2019:18:52:47 +0900] "GET /CUKBM1/msgReceive HTTP/1.1" 200 2795
1.224.175.45 - - [10/Jun/2019:18:52:47 +0900] "GET /CUKBM1/msgReceive HTTP/1.1" 200 2795
1.224.175.45 - - [10/Jun/2019:18:52:47 +0900] "GET /CUKBM1/msgReceive HTTP/1.1" 200 2795
1.224.175.35 - - [10/Jun/2019:18:52:47 +0900] "GET /CUKBM1/Board?SUBJECT=tabletennis&TEAM=0 HTTP/1.1" 200 2934
1.224.175.45 - - [10/Jun/2019:18:52:47 +0900] "GET /CUKBM1/msgReceive HTTP/1.1" 200 2795
1.224.175.45 - - [10/Jun/2019:18:52:47 +0900] "GET /CUKBM1/msgReceive HTTP/1.1" 200 2795
1.224.175.45 - - [10/Jun/2019:18:52:47 +0900] "GET /CUKBM1/msgReceive HTTP/1.1" 200 2795
1.224.175.17 - - [10/Jun/2019:18:52:47 +0900] "GET /CUKBM1/img/front/esports.jpg HTTP/1.1" 200 522963
1.224.175.45 - - [10/Jun/2019:18:52:47 +0900] "GET /CUKBM1/msgReceive HTTP/1.1" 200 2795
1.224.175.45 - - [10/Jun/2019:18:52:47 +0900] "GET /CUKBM1/msgReceive HTTP/1.1" 200 2795
1.224.175.45 - - [10/Jun/2019:18:52:47 +0900] "GET /CUKBM1/msgReceive HTTP/1.1" 200 2795
1.224.175.45 - - [10/Jun/2019:18:52:47 +0900] "GET /CUKBM1/msgReceive HTTP/1.1" 200 2795
1.224.175.45 - - [10/Jun/2019:18:52:47 +0900] "GET /CUKBM1/msgReceive HTTP/1.1" 200 2795
1.224.175.45 - - [10/Jun/2019:18:52:47 +0900] "GET /CUKBM1/msgReceive HTTP/1.1" 200 2795
1.224.175.45 - - [10/Jun/2019:18:52:48 +0900] "GET /CUKBM1/msgReceive HTTP/1.1" 200 2795
1.224.175.50 - - [10/Jun/2019:18:52:48 +0900] "GET /CUKBM1/freeItem?SEQ_NO=6&SUBJECT=free HTTP/1.1" 200 2288
1.224.175.50 - - [10/Jun/2019:18:52:48 +0900] "GET /CUKBM1/css/freeitemview.css HTTP/1.1" 200 3690
1.224.175.45 - - [10/Jun/2019:18:52:48 +0900] "GET /CUKBM1/msgReceive HTTP/1.1" 200 2795
1.224.175.45 - - [10/Jun/2019:18:52:48 +0900] "GET /CUKBM1/msgReceive HTTP/1.1" 200 2795
1.224.175.45 - - [10/Jun/2019:18:52:48 +0900] "GET /CUKBM1/msgReceive HTTP/1.1" 200 2795
1.224.175.45 - - [10/Jun/2019:18:52:48 +0900] "GET /CUKBM1/msgReceive HTTP/1.1" 200 2795
10.2.0.136 - - [10/Jun/2019:18:52:48 +0900] "GET /CUKBM1/freeBoard?SUBJECT=free HTTP/1.1" 200 2800
1.224.175.45 - - [10/Jun/2019:18:52:48 +0900] "GET /CUKBM1/css/msgview.css HTTP/1.1" 304 -
1.224.175.45 - - [10/Jun/2019:18:52:48 +0900] "GET /CUKBM1/img/icon/bell.png HTTP/1.1" 304 -
1.224.175.45 - - [10/Jun/2019:18:52:48 +0900] "GET /CUKBM1/msgReceive HTTP/1.1" 200 2795
1.224.175.45 - - [10/Jun/2019:18:52:48 +0900] "GET /CUKBM1/msgReceive HTTP/1.1" 200 2795
1.224.175.45 - - [10/Jun/2019:18:52:48 +0900] "GET /CUKBM1/msgReceive HTTP/1.1" 200 2795
1.224.175.45 - - [10/Jun/2019:18:52:48 +0900] "GET /CUKBM1/msgReceive HTTP/1.1" 200 2795
1.224.175.45 - - [10/Jun/2019:18:52:48 +0900] "GET /CUKBM1/msgReceive HTTP/1.1" 200 2795
1.224.175.45 - - [10/Jun/2019:18:52:48 +0900] "GET /CUKBM1/msgReceive HTTP/1.1" 200 2795
1.224.175.45 - - [10/Jun/2019:18:52:48 +0900] "GET /CUKBM1/msgReceive HTTP/1.1" 200 2795
1.224.175.45 - - [10/Jun/2019:18:52:48 +0900] "GET /CUKBM1/msgReceive HTTP/1.1" 200 2795
1.224.175.45 - - [10/Jun/2019:18:52:48 +0900] "GET /CUKBM1/msgReceive HTTP/1.1" 200 2795
1.224.175.45 - - [10/Jun/2019:18:52:48 +0900] "GET /CUKBM1/msgReceive HTTP/1.1" 200 2795
1.224.175.45 - - [10/Jun/2019:18:52:48 +0900] "GET /CUKBM1/msgReceive HTTP/1.1" 200 2795
1.224.175.45 - - [10/Jun/2019:18:52:48 +0900] "GET /CUKBM1/msgReceive HTTP/1.1" 200 2795
1.224.175.17 - - [10/Jun/2019:18:52:48 +0900] "GET /CUKBM1/img/front/badminton3.jpg HTTP/1.1" 200 235748
1.224.175.45 - - [10/Jun/2019:18:52:48 +0900] "GET /CUKBM1/msgReceive HTTP/1.1" 200 2795
1.224.175.45 - - [10/Jun/2019:18:52:48 +0900] "GET /CUKBM1/msgReceive HTTP/1.1" 200 2795
1.224.175.45 - - [10/Jun/2019:18:52:48 +0900] "GET /CUKBM1/msgReceive HTTP/1.1" 200 2795
1.224.175.45 - - [10/Jun/2019:18:52:48 +0900] "GET /CUKBM1/msgReceive HTTP/1.1" 200 2795
1.224.175.45 - - [10/Jun/2019:18:52:48 +0900] "GET /CUKBM1/msgReceive HTTP/1.1" 200 2795
1.224.175.45 - - [10/Jun/2019:18:52:48 +0900] "GET /CUKBM1/css/msgview.css HTTP/1.1" 304 -
1.224.175.45 - - [10/Jun/2019:18:52:48 +0900] "GET /CUKBM1/img/icon/bell.png HTTP/1.1" 304 -
1.224.175.20 - - [10/Jun/2019:18:52:48 +0900] "GET /CUKBM1/logout HTTP/1.1" 302 -
1.224.175.20 - - [10/Jun/2019:18:52:48 +0900] "GET /CUKBM1/CUKBM_FrontPage.jsp HTTP/1.1" 200 3944
1.224.175.45 - - [10/Jun/2019:18:52:48 +0900] "GET /CUKBM1/msgReceive HTTP/1.1" 200 2795
1.224.175.45 - - [10/Jun/2019:18:52:48 +0900] "GET /CUKBM1/msgReceive HTTP/1.1" 200 2795
1.224.175.45 - - [10/Jun/2019:18:52:48 +0900] "GET /CUKBM1/msgReceive HTTP/1.1" 200 2795
1.224.175.45 - - [10/Jun/2019:18:52:48 +0900] "GET /CUKBM1/msgReceive HTTP/1.1" 200 2795
1.224.175.45 - - [10/Jun/2019:18:52:48 +0900] "GET /CUKBM1/msgReceive HTTP/1.1" 200 2795
1.224.175.45 - - [10/Jun/2019:18:52:48 +0900] "GET /CUKBM1/msgReceive HTTP/1.1" 200 2795
1.224.175.45 - - [10/Jun/2019:18:52:48 +0900] "GET /CUKBM1/msgReceive HTTP/1.1" 200 2795
1.224.175.45 - - [10/Jun/2019:18:52:48 +0900] "GET /CUKBM1/msgReceive HTTP/1.1" 200 2795
1.224.175.45 - - [10/Jun/2019:18:52:49 +0900] "GET /CUKBM1/msgReceive HTTP/1.1" 200 2795
1.224.175.16 - - [10/Jun/2019:18:52:49 +0900] "POST /CUKBM1/BoardWriter HTTP/1.1" 302 -
1.224.175.45 - - [10/Jun/2019:18:52:49 +0900] "GET /CUKBM1/msgReceive HTTP/1.1" 200 2795
1.224.175.16 - - [10/Jun/2019:18:52:49 +0900] "GET /CUKBM1/Board?SUBJECT=soccer&TEAM=0 HTTP/1.1" 200 4145
1.224.175.45 - - [10/Jun/2019:18:52:49 +0900] "GET /CUKBM1/msgReceive HTTP/1.1" 200 2795
1.224.175.45 - - [10/Jun/2019:18:52:49 +0900] "GET /CUKBM1/css/msgview.css HTTP/1.1" 304 -
1.224.175.45 - - [10/Jun/2019:18:52:49 +0900] "GET /CUKBM1/img/icon/bell.png HTTP/1.1" 304 -
1.224.175.45 - - [10/Jun/2019:18:52:49 +0900] "GET /CUKBM1/msgReceive HTTP/1.1" 200 2795
1.224.175.45 - - [10/Jun/2019:18:52:49 +0900] "GET /CUKBM1/msgReceive HTTP/1.1" 200 2795
1.224.175.35 - - [10/Jun/2019:18:52:49 +0900] "GET /CUKBM1/BoardItem?SEQ_NO=12&SUBJECT=tabletennis HTTP/1.1" 200 2853
1.224.175.45 - - [10/Jun/2019:18:52:49 +0900] "GET /CUKBM1/msgReceive HTTP/1.1" 200 2795
1.224.175.36 - - [10/Jun/2019:18:52:49 +0900] "POST /CUKBM1/freeWrite HTTP/1.1" 302 -
1.224.175.45 - - [10/Jun/2019:18:52:49 +0900] "GET /CUKBM1/msgReceive HTTP/1.1" 200 2795
1.224.175.45 - - [10/Jun/2019:18:52:49 +0900] "GET /CUKBM1/css/msgview.css HTTP/1.1" 304 -
1.224.175.45 - - [10/Jun/2019:18:52:49 +0900] "GET /CUKBM1/img/icon/bell.png HTTP/1.1" 304 -
1.224.175.36 - - [10/Jun/2019:18:52:49 +0900] "GET /CUKBM1/freeBoard?SUBJECT=free HTTP/1.1" 200 3056
1.224.175.45 - - [10/Jun/2019:18:52:49 +0900] "GET /CUKBM1/msgReceive HTTP/1.1" 200 2795
1.224.175.45 - - [10/Jun/2019:18:52:49 +0900] "GET /CUKBM1/msgReceive HTTP/1.1" 200 2795
1.224.175.45 - - [10/Jun/2019:18:52:49 +0900] "GET /CUKBM1/msgReceive HTTP/1.1" 200 2795
1.224.175.45 - - [10/Jun/2019:18:52:49 +0900] "GET /CUKBM1/msgReceive HTTP/1.1" 200 2795
1.224.175.45 - - [10/Jun/2019:18:52:49 +0900] "GET /CUKBM1/msgReceive HTTP/1.1" 200 2795
1.224.175.45 - - [10/Jun/2019:18:52:49 +0900] "GET /CUKBM1/msgReceive HTTP/1.1" 200 2795
1.224.175.45 - - [10/Jun/2019:18:52:49 +0900] "GET /CUKBM1/msgReceive HTTP/1.1" 200 2795
1.224.175.45 - - [10/Jun/2019:18:52:49 +0900] "GET /CUKBM1/msgReceive HTTP/1.1" 200 2795
1.224.175.45 - - [10/Jun/2019:18:52:49 +0900] "GET /CUKBM1/msgReceive HTTP/1.1" 200 2795
1.224.175.45 - - [10/Jun/2019:18:52:49 +0900] "GET /CUKBM1/msgReceive HTTP/1.1" 200 2795
1.224.175.45 - - [10/Jun/2019:18:52:49 +0900] "GET /CUKBM1/msgReceive HTTP/1.1" 200 2795
1.224.175.45 - - [10/Jun/2019:18:52:49 +0900] "GET /CUKBM1/msgReceive HTTP/1.1" 200 2795
1.224.175.45 - - [10/Jun/2019:18:52:49 +0900] "GET /CUKBM1/msgReceive HTTP/1.1" 200 2795
1.224.175.45 - - [10/Jun/2019:18:52:49 +0900] "GET /CUKBM1/msgReceive HTTP/1.1" 200 2795
1.224.175.45 - - [10/Jun/2019:18:52:49 +0900] "GET /CUKBM1/msgReceive HTTP/1.1" 200 2795
1.224.175.45 - - [10/Jun/2019:18:52:49 +0900] "GET /CUKBM1/msgReceive HTTP/1.1" 200 2795
1.224.175.45 - - [10/Jun/2019:18:52:49 +0900] "GET /CUKBM1/msgReceive HTTP/1.1" 200 2795
1.224.175.45 - - [10/Jun/2019:18:52:49 +0900] "GET /CUKBM1/msgReceive HTTP/1.1" 200 2795
1.224.175.45 - - [10/Jun/2019:18:52:49 +0900] "GET /CUKBM1/msgReceive HTTP/1.1" 200 2795
1.224.175.48 - - [10/Jun/2019:18:52:49 +0900] "GET /CUKBM1/block?seqno=7 HTTP/1.1" 302 -
1.224.175.45 - - [10/Jun/2019:18:52:49 +0900] "GET /CUKBM1/css/msgview.css HTTP/1.1" 304 -
1.224.175.45 - - [10/Jun/2019:18:52:49 +0900] "GET /CUKBM1/img/icon/bell.png HTTP/1.1" 304 -
1.224.175.48 - - [10/Jun/2019:18:52:49 +0900] "GET /CUKBM1/block.jsp?RESULT=1 HTTP/1.1" 200 2055
1.224.175.48 - - [10/Jun/2019:18:52:49 +0900] "GET /CUKBM1/css/block.css HTTP/1.1" 200 2012
1.224.175.45 - - [10/Jun/2019:18:52:49 +0900] "GET /CUKBM1/msgReceive HTTP/1.1" 200 2795
1.224.175.45 - - [10/Jun/2019:18:52:49 +0900] "GET /CUKBM1/msgReceive HTTP/1.1" 200 2795
1.224.175.45 - - [10/Jun/2019:18:52:49 +0900] "GET /CUKBM1/msgReceive HTTP/1.1" 200 2795
1.224.175.45 - - [10/Jun/2019:18:52:49 +0900] "GET /CUKBM1/msgReceive HTTP/1.1" 200 2795
1.224.175.45 - - [10/Jun/2019:18:52:50 +0900] "GET /CUKBM1/msgReceive HTTP/1.1" 200 2795
1.224.175.45 - - [10/Jun/2019:18:52:50 +0900] "GET /CUKBM1/msgReceive HTTP/1.1" 200 2795
1.224.175.45 - - [10/Jun/2019:18:52:50 +0900] "GET /CUKBM1/msgReceive HTTP/1.1" 200 2795
1.224.175.45 - - [10/Jun/2019:18:52:50 +0900] "GET /CUKBM1/msgReceive HTTP/1.1" 200 2795
1.224.175.45 - - [10/Jun/2019:18:52:50 +0900] "GET /CUKBM1/msgReceive HTTP/1.1" 200 2795
1.224.175.45 - - [10/Jun/2019:18:52:50 +0900] "GET /CUKBM1/msgReceive HTTP/1.1" 200 2795
1.224.175.45 - - [10/Jun/2019:18:52:50 +0900] "GET /CUKBM1/msgReceive HTTP/1.1" 200 2795
1.224.175.45 - - [10/Jun/2019:18:52:50 +0900] "GET /CUKBM1/msgReceive HTTP/1.1" 200 2795
1.224.175.45 - - [10/Jun/2019:18:52:50 +0900] "GET /CUKBM1/msgReceive HTTP/1.1" 200 2795
1.224.175.45 - - [10/Jun/2019:18:52:50 +0900] "GET /CUKBM1/msgReceive HTTP/1.1" 200 2795
1.224.175.45 - - [10/Jun/2019:18:52:50 +0900] "GET /CUKBM1/msgReceive HTTP/1.1" 200 2795
1.224.175.45 - - [10/Jun/2019:18:52:50 +0900] "GET /CUKBM1/msgReceive HTTP/1.1" 200 2795
1.224.175.45 - - [10/Jun/2019:18:52:50 +0900] "GET /CUKBM1/msgReceive HTTP/1.1" 200 2795
1.224.175.45 - - [10/Jun/2019:18:52:50 +0900] "GET /CUKBM1/msgReceive HTTP/1.1" 200 2795
1.224.175.45 - - [10/Jun/2019:18:52:50 +0900] "GET /CUKBM1/msgReceive HTTP/1.1" 200 2795
1.224.175.45 - - [10/Jun/2019:18:52:50 +0900] "GET /CUKBM1/msgReceive HTTP/1.1" 200 2795
1.224.175.29 - - [10/Jun/2019:18:52:50 +0900] "GET /CUKBM1/BoardItem?SEQ_NO=4&SUBJECT=soccer HTTP/1.1" 200 3114
1.224.175.29 - - [10/Jun/2019:18:52:50 +0900] "GET /CUKBM1/css/boarditemview.css HTTP/1.1" 200 3691
1.224.175.45 - - [10/Jun/2019:18:52:50 +0900] "GET /CUKBM1/msgReceive HTTP/1.1" 200 2795
1.224.175.45 - - [10/Jun/2019:18:52:50 +0900] "GET /CUKBM1/msgReceive HTTP/1.1" 200 2795
1.224.175.45 - - [10/Jun/2019:18:52:50 +0900] "GET /CUKBM1/msgReceive HTTP/1.1" 200 2795
1.224.175.45 - - [10/Jun/2019:18:52:50 +0900] "GET /CUKBM1/msgReceive HTTP/1.1" 200 2795
1.224.175.45 - - [10/Jun/2019:18:52:50 +0900] "GET /CUKBM1/msgReceive HTTP/1.1" 200 2795
10.2.0.136 - - [10/Jun/2019:18:52:50 +0900] "GET /CUKBM1/FreeInputForm.jsp HTTP/1.1" 200 2737
1.224.175.45 - - [10/Jun/2019:18:52:50 +0900] "GET /CUKBM1/msgReceive HTTP/1.1" 200 2795
10.2.0.136 - - [10/Jun/2019:18:52:50 +0900] "GET /CUKBM1/css/freeinputform.css HTTP/1.1" 200 2476
1.224.175.45 - - [10/Jun/2019:18:52:50 +0900] "GET /CUKBM1/msgReceive HTTP/1.1" 200 2795
1.224.175.45 - - [10/Jun/2019:18:52:50 +0900] "GET /CUKBM1/msgReceive HTTP/1.1" 200 2795
1.224.175.45 - - [10/Jun/2019:18:52:50 +0900] "GET /CUKBM1/msgReceive HTTP/1.1" 200 2795
1.224.175.45 - - [10/Jun/2019:18:52:50 +0900] "GET /CUKBM1/css/msgview.css HTTP/1.1" 304 -
1.224.175.45 - - [10/Jun/2019:18:52:50 +0900] "GET /CUKBM1/img/icon/bell.png HTTP/1.1" 304 -
1.224.175.45 - - [10/Jun/2019:18:52:50 +0900] "GET /CUKBM1/msgReceive HTTP/1.1" 200 2795
1.224.175.45 - - [10/Jun/2019:18:52:50 +0900] "GET /CUKBM1/msgReceive HTTP/1.1" 200 2795
1.224.175.17 - - [10/Jun/2019:18:52:50 +0900] "GET /CUKBM1/freeBoard?SUBJECT=free HTTP/1.1" 200 3056
1.224.175.17 - - [10/Jun/2019:18:52:50 +0900] "GET /CUKBM1/css/freelistview.css HTTP/1.1" 200 2877
1.224.175.45 - - [10/Jun/2019:18:52:50 +0900] "GET /CUKBM1/msgReceive HTTP/1.1" 200 2795
1.224.175.45 - - [10/Jun/2019:18:52:50 +0900] "GET /CUKBM1/msgReceive HTTP/1.1" 200 2795
1.224.175.45 - - [10/Jun/2019:18:52:50 +0900] "GET /CUKBM1/msgReceive HTTP/1.1" 200 2795
1.224.175.45 - - [10/Jun/2019:18:52:50 +0900] "GET /CUKBM1/msgReceive HTTP/1.1" 200 2795
1.224.175.45 - - [10/Jun/2019:18:52:51 +0900] "GET /CUKBM1/msgReceive HTTP/1.1" 200 2795
1.224.175.45 - - [10/Jun/2019:18:52:51 +0900] "GET /CUKBM1/msgReceive HTTP/1.1" 200 2795
1.224.175.45 - - [10/Jun/2019:18:52:51 +0900] "GET /CUKBM1/msgReceive HTTP/1.1" 200 2795
1.224.175.45 - - [10/Jun/2019:18:52:51 +0900] "GET /CUKBM1/msgReceive HTTP/1.1" 200 2795
1.224.175.45 - - [10/Jun/2019:18:52:51 +0900] "GET /CUKBM1/msgReceive HTTP/1.1" 200 2795
1.224.175.45 - - [10/Jun/2019:18:52:51 +0900] "GET /CUKBM1/msgReceive HTTP/1.1" 200 2795
1.224.175.45 - - [10/Jun/2019:18:52:51 +0900] "GET /CUKBM1/msgReceive HTTP/1.1" 200 2795
1.224.175.45 - - [10/Jun/2019:18:52:51 +0900] "GET /CUKBM1/msgReceive HTTP/1.1" 200 2795
1.224.175.50 - - [10/Jun/2019:18:52:51 +0900] "GET /CUKBM1/freeItem?SEQ_NO=2&SUBJECT=free HTTP/1.1" 200 2302
1.224.175.45 - - [10/Jun/2019:18:52:51 +0900] "GET /CUKBM1/msgReceive HTTP/1.1" 200 2795
1.224.175.45 - - [10/Jun/2019:18:52:51 +0900] "GET /CUKBM1/msgReceive HTTP/1.1" 200 2795
1.224.175.45 - - [10/Jun/2019:18:52:51 +0900] "GET /CUKBM1/msgReceive HTTP/1.1" 200 2795
1.224.175.45 - - [10/Jun/2019:18:52:51 +0900] "GET /CUKBM1/css/msgview.css HTTP/1.1" 304 -
1.224.175.45 - - [10/Jun/2019:18:52:51 +0900] "GET /CUKBM1/img/icon/bell.png HTTP/1.1" 304 -
1.224.175.45 - - [10/Jun/2019:18:52:51 +0900] "GET /CUKBM1/img/front/pic6_1.jpg HTTP/1.1" 304 -
1.224.175.45 - - [10/Jun/2019:18:52:51 +0900] "GET /CUKBM1/msgReceive HTTP/1.1" 200 2795
1.224.175.45 - - [10/Jun/2019:18:52:51 +0900] "GET /CUKBM1/img/icon/bell.png HTTP/1.1" 304 -
1.224.175.45 - - [10/Jun/2019:18:52:51 +0900] "GET /CUKBM1/css/msgview.css HTTP/1.1" 304 -
1.224.175.10 - - [10/Jun/2019:18:52:51 +0900] "GET /CUKBM1/Board?SUBJECT=tabletennis&TEAM=0 HTTP/1.1" 200 2934
1.224.175.45 - - [10/Jun/2019:18:52:52 +0900] "GET /CUKBM1/img/front/pic6_1.jpg HTTP/1.1" 304 -
1.224.175.16 - - [10/Jun/2019:18:52:52 +0900] "GET /CUKBM1/BoardItem?SEQ_NO=14&SUBJECT=soccer HTTP/1.1" 200 3012
1.224.175.16 - - [10/Jun/2019:18:52:52 +0900] "GET /CUKBM1/css/boarditemview.css HTTP/1.1" 200 3691
1.224.175.10 - - [10/Jun/2019:18:52:52 +0900] "GET /CUKBM1/Board?SUBJECT=tabletennis&TEAM=1 HTTP/1.1" 200 2631
1.224.175.45 - - [10/Jun/2019:18:52:52 +0900] "GET /CUKBM1/freeBoard?SUBJECT=free HTTP/1.1" 200 3056
1.224.175.51 - - [10/Jun/2019:18:52:53 +0900] "POST /CUKBM1/SignUp.jsp HTTP/1.1" 200 4958
1.224.175.51 - - [10/Jun/2019:18:52:53 +0900] "GET /CUKBM1/img/icon/man1.jpg HTTP/1.1" 200 6313
1.224.175.51 - - [10/Jun/2019:18:52:53 +0900] "GET /CUKBM1/css/signup.css HTTP/1.1" 200 3231
1.224.175.51 - - [10/Jun/2019:18:52:53 +0900] "GET /CUKBM1/img/icon/man3.jpg HTTP/1.1" 200 5960
1.224.175.51 - - [10/Jun/2019:18:52:53 +0900] "GET /CUKBM1/img/icon/man2.jpg HTTP/1.1" 200 6439
1.224.175.51 - - [10/Jun/2019:18:52:53 +0900] "GET /CUKBM1/img/icon/man4.jpg HTTP/1.1" 200 6470
1.224.175.51 - - [10/Jun/2019:18:52:53 +0900] "GET /CUKBM1/img/icon/man5.jpg HTTP/1.1" 200 8297
1.224.175.51 - - [10/Jun/2019:18:52:53 +0900] "GET /CUKBM1/img/icon/man6.jpg HTTP/1.1" 200 6738
1.224.175.51 - - [10/Jun/2019:18:52:53 +0900] "GET /CUKBM1/img/icon/man7.jpg HTTP/1.1" 200 7225
1.224.175.51 - - [10/Jun/2019:18:52:53 +0900] "GET /CUKBM1/img/icon/man8.jpg HTTP/1.1" 200 6555
1.224.175.51 - - [10/Jun/2019:18:52:53 +0900] "GET /CUKBM1/img/icon/man9.jpg HTTP/1.1" 200 6926
1.224.175.29 - - [10/Jun/2019:18:52:53 +0900] "GET /CUKBM1/BoardItem?SEQ_NO=10&SUBJECT=soccer HTTP/1.1" 200 3003
1.224.175.10 - - [10/Jun/2019:18:52:53 +0900] "GET /CUKBM1/Board?SUBJECT=tabletennis&TEAM=0 HTTP/1.1" 200 2934
1.224.175.35 - - [10/Jun/2019:18:52:53 +0900] "GET /CUKBM1/CUKBM_FrontPage.jsp HTTP/1.1" 200 4015
1.224.175.20 - - [10/Jun/2019:18:52:53 +0900] "GET /CUKBM1/Board?SUBJECT=soccer&TEAM=1 HTTP/1.1" 200 3714
10.2.0.130 - - [10/Jun/2019:18:52:53 +0900] "GET /CUKBM1/freeBoard?SUBJECT=free HTTP/1.1" 200 3056
1.224.175.45 - - [10/Jun/2019:18:52:53 +0900] "GET /CUKBM1/freeBoard?SUBJECT=free HTTP/1.1" 200 3056
10.2.0.130 - - [10/Jun/2019:18:52:53 +0900] "GET /CUKBM1/css/freelistview.css HTTP/1.1" 200 2877
1.224.175.10 - - [10/Jun/2019:18:52:54 +0900] "GET /CUKBM1/Board?SUBJECT=tabletennis&TEAM=1 HTTP/1.1" 200 2631
1.224.175.17 - - [10/Jun/2019:18:52:54 +0900] "GET /CUKBM1/FreeInputForm.jsp HTTP/1.1" 200 2743
1.224.175.17 - - [10/Jun/2019:18:52:54 +0900] "GET /CUKBM1/css/freeinputform.css HTTP/1.1" 200 2476
1.224.175.48 - - [10/Jun/2019:18:52:54 +0900] "GET /CUKBM1/msgReceive HTTP/1.1" 200 3235
1.224.175.10 - - [10/Jun/2019:18:52:54 +0900] "GET /CUKBM1/Board?SUBJECT=tabletennis&TEAM=0 HTTP/1.1" 200 2934
1.224.175.50 - - [10/Jun/2019:18:52:54 +0900] "GET /CUKBM1/CUKBM_FrontPage.jsp HTTP/1.1" 200 4015
1.224.175.36 - - [10/Jun/2019:18:52:54 +0900] "GET /CUKBM1/freeItem?SEQ_NO=15&SUBJECT=free HTTP/1.1" 200 2292
1.224.175.45 - - [10/Jun/2019:18:52:55 +0900] "GET /CUKBM1/Board?SUBJECT=badminton&TEAM=1 HTTP/1.1" 200 2625
1.224.175.20 - - [10/Jun/2019:18:52:55 +0900] "GET /CUKBM1/NoAccess.jsp HTTP/1.1" 200 2217
1.224.175.20 - - [10/Jun/2019:18:52:55 +0900] "GET /CUKBM1/css/noaccess.css HTTP/1.1" 200 2268
1.224.175.49 - - [10/Jun/2019:18:52:56 +0900] "GET /CUKBM1/Board?SUBJECT=soccer&TEAM=0 HTTP/1.1" 200 4145
1.224.175.35 - - [10/Jun/2019:18:52:56 +0900] "GET /CUKBM1/msgReceive HTTP/1.1" 200 2338
1.224.175.35 - - [10/Jun/2019:18:52:56 +0900] "GET /CUKBM1/css/msgview.css HTTP/1.1" 200 2494
1.224.175.10 - - [10/Jun/2019:18:52:56 +0900] "GET /CUKBM1/BoardItem?SEQ_NO=12&SUBJECT=tabletennis HTTP/1.1" 200 2880
1.224.175.45 - - [10/Jun/2019:18:52:56 +0900] "GET /CUKBM1/Board?SUBJECT=soccer&TEAM=1 HTTP/1.1" 200 3824
10.2.0.130 - - [10/Jun/2019:18:52:57 +0900] "GET /CUKBM1/freeItem?SEQ_NO=6&SUBJECT=free HTTP/1.1" 200 2288
10.2.0.130 - - [10/Jun/2019:18:52:57 +0900] "GET /CUKBM1/css/freeitemview.css HTTP/1.1" 200 3690
1.224.175.50 - - [10/Jun/2019:18:52:57 +0900] "GET /CUKBM1/img/front/nba.jpg HTTP/1.1" 200 126367
1.224.175.49 - - [10/Jun/2019:18:52:57 +0900] "GET /CUKBM1/Board?SUBJECT=soccer&TEAM=1 HTTP/1.1" 200 3824
10.2.0.136 - - [10/Jun/2019:18:52:58 +0900] "POST /CUKBM1/freeWrite HTTP/1.1" 302 -
