1.224.175.45 - - [10/Jun/2019:18:53:32 +0900] "GET /CUKBM1/img/icon/bell.png HTTP/1.1" 304 -
1.224.175.45 - - [10/Jun/2019:18:53:32 +0900] "GET /CUKBM1/img/icon/man8.jpg HTTP/1.1" 304 -
1.224.175.35 - - [10/Jun/2019:18:53:32 +0900] "GET /CUKBM1/Board?SUBJECT=soccer&TEAM=0 HTTP/1.1" 200 4608
1.224.175.45 - - [10/Jun/2019:18:53:32 +0900] "GET /CUKBM1/BoardItem?SEQ_NO=14&SUBJECT=soccer HTTP/1.1" 200 3260
1.224.175.45 - - [10/Jun/2019:18:53:32 +0900] "GET /CUKBM1/css/boarditemview.css HTTP/1.1" 304 -
1.224.175.45 - - [10/Jun/2019:18:53:32 +0900] "GET /CUKBM1/img/icon/bell.png HTTP/1.1" 304 -
1.224.175.45 - - [10/Jun/2019:18:53:32 +0900] "GET /CUKBM1/img/icon/man8.jpg HTTP/1.1" 304 -
1.224.175.45 - - [10/Jun/2019:18:53:32 +0900] "GET /CUKBM1/BoardItem?SEQ_NO=14&SUBJECT=soccer HTTP/1.1" 200 3260
1.224.175.45 - - [10/Jun/2019:18:53:32 +0900] "GET /CUKBM1/img/icon/bell.png HTTP/1.1" 304 -
1.224.175.45 - - [10/Jun/2019:18:53:32 +0900] "GET /CUKBM1/css/boarditemview.css HTTP/1.1" 304 -
1.224.175.45 - - [10/Jun/2019:18:53:32 +0900] "GET /CUKBM1/img/icon/man8.jpg HTTP/1.1" 304 -
1.224.175.45 - - [10/Jun/2019:18:53:32 +0900] "GET /CUKBM1/BoardItem?SEQ_NO=14&SUBJECT=soccer HTTP/1.1" 200 3260
1.224.175.45 - - [10/Jun/2019:18:53:32 +0900] "GET /CUKBM1/css/boarditemview.css HTTP/1.1" 304 -
1.224.175.45 - - [10/Jun/2019:18:53:32 +0900] "GET /CUKBM1/img/icon/bell.png HTTP/1.1" 304 -
1.224.175.45 - - [10/Jun/2019:18:53:32 +0900] "GET /CUKBM1/img/icon/man8.jpg HTTP/1.1" 304 -
1.224.175.45 - - [10/Jun/2019:18:53:32 +0900] "GET /CUKBM1/BoardItem?SEQ_NO=14&SUBJECT=soccer HTTP/1.1" 200 3260
1.224.175.45 - - [10/Jun/2019:18:53:32 +0900] "GET /CUKBM1/css/boarditemview.css HTTP/1.1" 304 -
1.224.175.45 - - [10/Jun/2019:18:53:32 +0900] "GET /CUKBM1/img/icon/bell.png HTTP/1.1" 304 -
1.224.175.45 - - [10/Jun/2019:18:53:32 +0900] "GET /CUKBM1/img/icon/man8.jpg HTTP/1.1" 304 -
1.224.175.45 - - [10/Jun/2019:18:53:32 +0900] "GET /CUKBM1/BoardItem?SEQ_NO=14&SUBJECT=soccer HTTP/1.1" 200 3260
1.224.175.45 - - [10/Jun/2019:18:53:32 +0900] "GET /CUKBM1/img/icon/bell.png HTTP/1.1" 304 -
1.224.175.45 - - [10/Jun/2019:18:53:32 +0900] "GET /CUKBM1/css/boarditemview.css HTTP/1.1" 304 -
1.224.175.45 - - [10/Jun/2019:18:53:32 +0900] "GET /CUKBM1/img/icon/man8.jpg HTTP/1.1" 304 -
1.224.175.45 - - [10/Jun/2019:18:53:32 +0900] "GET /CUKBM1/BoardItem?SEQ_NO=14&SUBJECT=soccer HTTP/1.1" 200 3260
1.224.175.20 - - [10/Jun/2019:18:53:32 +0900] "GET /CUKBM1/myPage HTTP/1.1" 200 1536
1.224.175.45 - - [10/Jun/2019:18:53:32 +0900] "GET /CUKBM1/css/boarditemview.css HTTP/1.1" 304 -
1.224.175.45 - - [10/Jun/2019:18:53:32 +0900] "GET /CUKBM1/img/icon/bell.png HTTP/1.1" 304 -
1.224.175.45 - - [10/Jun/2019:18:53:32 +0900] "GET /CUKBM1/img/icon/man8.jpg HTTP/1.1" 304 -
1.224.175.20 - - [10/Jun/2019:18:53:32 +0900] "GET /CUKBM1/css/mypage.css HTTP/1.1" 200 3367
1.224.175.45 - - [10/Jun/2019:18:53:32 +0900] "GET /CUKBM1/BoardItem?SEQ_NO=14&SUBJECT=soccer HTTP/1.1" 200 3260
1.224.175.45 - - [10/Jun/2019:18:53:32 +0900] "GET /CUKBM1/img/icon/bell.png HTTP/1.1" 304 -
1.224.175.45 - - [10/Jun/2019:18:53:32 +0900] "GET /CUKBM1/css/boarditemview.css HTTP/1.1" 304 -
1.224.175.45 - - [10/Jun/2019:18:53:32 +0900] "GET /CUKBM1/img/icon/man8.jpg HTTP/1.1" 304 -
1.224.175.45 - - [10/Jun/2019:18:53:32 +0900] "GET /CUKBM1/BoardItem?SEQ_NO=14&SUBJECT=soccer HTTP/1.1" 200 3260
1.224.175.45 - - [10/Jun/2019:18:53:32 +0900] "GET /CUKBM1/img/icon/bell.png HTTP/1.1" 304 -
1.224.175.45 - - [10/Jun/2019:18:53:32 +0900] "GET /CUKBM1/css/boarditemview.css HTTP/1.1" 304 -
1.224.175.45 - - [10/Jun/2019:18:53:32 +0900] "GET /CUKBM1/img/icon/man8.jpg HTTP/1.1" 304 -
1.224.175.45 - - [10/Jun/2019:18:53:32 +0900] "GET /CUKBM1/BoardItem?SEQ_NO=14&SUBJECT=soccer HTTP/1.1" 200 3260
1.224.175.45 - - [10/Jun/2019:18:53:32 +0900] "GET /CUKBM1/img/icon/bell.png HTTP/1.1" 304 -
1.224.175.45 - - [10/Jun/2019:18:53:32 +0900] "GET /CUKBM1/css/boarditemview.css HTTP/1.1" 304 -
1.224.175.45 - - [10/Jun/2019:18:53:32 +0900] "GET /CUKBM1/img/icon/man8.jpg HTTP/1.1" 304 -
1.224.175.45 - - [10/Jun/2019:18:53:32 +0900] "GET /CUKBM1/BoardItem?SEQ_NO=14&SUBJECT=soccer HTTP/1.1" 200 3260
1.224.175.45 - - [10/Jun/2019:18:53:32 +0900] "GET /CUKBM1/img/icon/bell.png HTTP/1.1" 304 -
1.224.175.45 - - [10/Jun/2019:18:53:32 +0900] "GET /CUKBM1/css/boarditemview.css HTTP/1.1" 304 -
1.224.175.45 - - [10/Jun/2019:18:53:32 +0900] "GET /CUKBM1/img/icon/man8.jpg HTTP/1.1" 304 -
1.224.175.45 - - [10/Jun/2019:18:53:32 +0900] "GET /CUKBM1/BoardItem?SEQ_NO=14&SUBJECT=soccer HTTP/1.1" 200 3260
1.224.175.45 - - [10/Jun/2019:18:53:32 +0900] "GET /CUKBM1/img/icon/bell.png HTTP/1.1" 304 -
1.224.175.45 - - [10/Jun/2019:18:53:32 +0900] "GET /CUKBM1/css/boarditemview.css HTTP/1.1" 304 -
1.224.175.45 - - [10/Jun/2019:18:53:32 +0900] "GET /CUKBM1/img/icon/man8.jpg HTTP/1.1" 304 -
1.224.175.45 - - [10/Jun/2019:18:53:32 +0900] "GET /CUKBM1/BoardItem?SEQ_NO=14&SUBJECT=soccer HTTP/1.1" 200 3260
1.224.175.45 - - [10/Jun/2019:18:53:32 +0900] "GET /CUKBM1/img/icon/bell.png HTTP/1.1" 304 -
1.224.175.45 - - [10/Jun/2019:18:53:32 +0900] "GET /CUKBM1/css/boarditemview.css HTTP/1.1" 304 -
1.224.175.45 - - [10/Jun/2019:18:53:32 +0900] "GET /CUKBM1/img/icon/man8.jpg HTTP/1.1" 304 -
1.224.175.45 - - [10/Jun/2019:18:53:32 +0900] "GET /CUKBM1/BoardItem?SEQ_NO=14&SUBJECT=soccer HTTP/1.1" 200 3260
1.224.175.45 - - [10/Jun/2019:18:53:32 +0900] "GET /CUKBM1/css/boarditemview.css HTTP/1.1" 304 -
1.224.175.45 - - [10/Jun/2019:18:53:32 +0900] "GET /CUKBM1/img/icon/bell.png HTTP/1.1" 304 -
1.224.175.45 - - [10/Jun/2019:18:53:32 +0900] "GET /CUKBM1/img/icon/man8.jpg HTTP/1.1" 304 -
1.224.175.45 - - [10/Jun/2019:18:53:32 +0900] "GET /CUKBM1/BoardItem?SEQ_NO=14&SUBJECT=soccer HTTP/1.1" 200 3260
1.224.175.45 - - [10/Jun/2019:18:53:32 +0900] "GET /CUKBM1/img/icon/bell.png HTTP/1.1" 304 -
1.224.175.45 - - [10/Jun/2019:18:53:32 +0900] "GET /CUKBM1/css/boarditemview.css HTTP/1.1" 304 -
1.224.175.45 - - [10/Jun/2019:18:53:32 +0900] "GET /CUKBM1/img/icon/man8.jpg HTTP/1.1" 304 -
1.224.175.45 - - [10/Jun/2019:18:53:32 +0900] "GET /CUKBM1/BoardItem?SEQ_NO=14&SUBJECT=soccer HTTP/1.1" 200 3260
1.224.175.45 - - [10/Jun/2019:18:53:32 +0900] "GET /CUKBM1/img/icon/bell.png HTTP/1.1" 304 -
1.224.175.45 - - [10/Jun/2019:18:53:32 +0900] "GET /CUKBM1/css/boarditemview.css HTTP/1.1" 304 -
1.224.175.45 - - [10/Jun/2019:18:53:32 +0900] "GET /CUKBM1/img/icon/man8.jpg HTTP/1.1" 304 -
1.224.175.45 - - [10/Jun/2019:18:53:32 +0900] "GET /CUKBM1/BoardItem?SEQ_NO=14&SUBJECT=soccer HTTP/1.1" 200 3260
1.224.175.45 - - [10/Jun/2019:18:53:32 +0900] "GET /CUKBM1/css/boarditemview.css HTTP/1.1" 304 -
1.224.175.45 - - [10/Jun/2019:18:53:32 +0900] "GET /CUKBM1/img/icon/bell.png HTTP/1.1" 304 -
1.224.175.45 - - [10/Jun/2019:18:53:32 +0900] "GET /CUKBM1/img/icon/man8.jpg HTTP/1.1" 304 -
1.224.175.45 - - [10/Jun/2019:18:53:32 +0900] "GET /CUKBM1/BoardItem?SEQ_NO=14&SUBJECT=soccer HTTP/1.1" 200 3260
1.224.175.45 - - [10/Jun/2019:18:53:32 +0900] "GET /CUKBM1/css/boarditemview.css HTTP/1.1" 304 -
1.224.175.45 - - [10/Jun/2019:18:53:32 +0900] "GET /CUKBM1/img/icon/bell.png HTTP/1.1" 304 -
1.224.175.45 - - [10/Jun/2019:18:53:32 +0900] "GET /CUKBM1/img/icon/man8.jpg HTTP/1.1" 304 -
1.224.175.45 - - [10/Jun/2019:18:53:32 +0900] "GET /CUKBM1/BoardItem?SEQ_NO=14&SUBJECT=soccer HTTP/1.1" 200 3260
1.224.175.45 - - [10/Jun/2019:18:53:32 +0900] "GET /CUKBM1/img/icon/bell.png HTTP/1.1" 304 -
1.224.175.45 - - [10/Jun/2019:18:53:32 +0900] "GET /CUKBM1/css/boarditemview.css HTTP/1.1" 304 -
1.224.175.45 - - [10/Jun/2019:18:53:32 +0900] "GET /CUKBM1/img/icon/man8.jpg HTTP/1.1" 304 -
1.224.175.45 - - [10/Jun/2019:18:53:32 +0900] "GET /CUKBM1/BoardItem?SEQ_NO=14&SUBJECT=soccer HTTP/1.1" 200 3260
1.224.175.45 - - [10/Jun/2019:18:53:32 +0900] "GET /CUKBM1/img/icon/bell.png HTTP/1.1" 304 -
1.224.175.45 - - [10/Jun/2019:18:53:32 +0900] "GET /CUKBM1/css/boarditemview.css HTTP/1.1" 304 -
1.224.175.45 - - [10/Jun/2019:18:53:32 +0900] "GET /CUKBM1/img/icon/man8.jpg HTTP/1.1" 304 -
1.224.175.45 - - [10/Jun/2019:18:53:32 +0900] "GET /CUKBM1/BoardItem?SEQ_NO=14&SUBJECT=soccer HTTP/1.1" 200 3260
1.224.175.45 - - [10/Jun/2019:18:53:32 +0900] "GET /CUKBM1/img/icon/bell.png HTTP/1.1" 304 -
1.224.175.45 - - [10/Jun/2019:18:53:32 +0900] "GET /CUKBM1/css/boarditemview.css HTTP/1.1" 304 -
1.224.175.45 - - [10/Jun/2019:18:53:32 +0900] "GET /CUKBM1/img/icon/man8.jpg HTTP/1.1" 304 -
1.224.175.45 - - [10/Jun/2019:18:53:32 +0900] "GET /CUKBM1/BoardItem?SEQ_NO=14&SUBJECT=soccer HTTP/1.1" 200 3260
1.224.175.45 - - [10/Jun/2019:18:53:32 +0900] "GET /CUKBM1/css/boarditemview.css HTTP/1.1" 304 -
1.224.175.45 - - [10/Jun/2019:18:53:32 +0900] "GET /CUKBM1/img/icon/bell.png HTTP/1.1" 304 -
1.224.175.45 - - [10/Jun/2019:18:53:32 +0900] "GET /CUKBM1/img/icon/man8.jpg HTTP/1.1" 304 -
1.224.175.45 - - [10/Jun/2019:18:53:32 +0900] "GET /CUKBM1/BoardItem?SEQ_NO=14&SUBJECT=soccer HTTP/1.1" 200 3260
1.224.175.45 - - [10/Jun/2019:18:53:32 +0900] "GET /CUKBM1/img/icon/bell.png HTTP/1.1" 304 -
1.224.175.45 - - [10/Jun/2019:18:53:32 +0900] "GET /CUKBM1/css/boarditemview.css HTTP/1.1" 304 -
1.224.175.45 - - [10/Jun/2019:18:53:32 +0900] "GET /CUKBM1/img/icon/man8.jpg HTTP/1.1" 304 -
1.224.175.45 - - [10/Jun/2019:18:53:32 +0900] "GET /CUKBM1/BoardItem?SEQ_NO=14&SUBJECT=soccer HTTP/1.1" 200 3260
1.224.175.45 - - [10/Jun/2019:18:53:32 +0900] "GET /CUKBM1/img/icon/bell.png HTTP/1.1" 304 -
1.224.175.45 - - [10/Jun/2019:18:53:32 +0900] "GET /CUKBM1/css/boarditemview.css HTTP/1.1" 304 -
1.224.175.45 - - [10/Jun/2019:18:53:32 +0900] "GET /CUKBM1/img/icon/man8.jpg HTTP/1.1" 304 -
1.224.175.45 - - [10/Jun/2019:18:53:32 +0900] "GET /CUKBM1/BoardItem?SEQ_NO=14&SUBJECT=soccer HTTP/1.1" 200 3260
1.224.175.45 - - [10/Jun/2019:18:53:32 +0900] "GET /CUKBM1/css/boarditemview.css HTTP/1.1" 304 -
1.224.175.45 - - [10/Jun/2019:18:53:32 +0900] "GET /CUKBM1/img/icon/bell.png HTTP/1.1" 304 -
1.224.175.10 - - [10/Jun/2019:18:53:32 +0900] "GET /CUKBM1/Board?SUBJECT=soccer&TEAM=0 HTTP/1.1" 200 4738
1.224.175.45 - - [10/Jun/2019:18:53:32 +0900] "GET /CUKBM1/img/icon/man8.jpg HTTP/1.1" 304 -
1.224.175.45 - - [10/Jun/2019:18:53:32 +0900] "GET /CUKBM1/BoardItem?SEQ_NO=14&SUBJECT=soccer HTTP/1.1" 200 3260
1.224.175.45 - - [10/Jun/2019:18:53:32 +0900] "GET /CUKBM1/css/boarditemview.css HTTP/1.1" 304 -
1.224.175.45 - - [10/Jun/2019:18:53:32 +0900] "GET /CUKBM1/img/icon/bell.png HTTP/1.1" 304 -
1.224.175.45 - - [10/Jun/2019:18:53:32 +0900] "GET /CUKBM1/img/icon/man8.jpg HTTP/1.1" 304 -
1.224.175.45 - - [10/Jun/2019:18:53:32 +0900] "GET /CUKBM1/BoardItem?SEQ_NO=14&SUBJECT=soccer HTTP/1.1" 200 3260
1.224.175.45 - - [10/Jun/2019:18:53:32 +0900] "GET /CUKBM1/img/icon/bell.png HTTP/1.1" 304 -
1.224.175.45 - - [10/Jun/2019:18:53:32 +0900] "GET /CUKBM1/css/boarditemview.css HTTP/1.1" 304 -
1.224.175.45 - - [10/Jun/2019:18:53:32 +0900] "GET /CUKBM1/img/icon/man8.jpg HTTP/1.1" 304 -
1.224.175.45 - - [10/Jun/2019:18:53:32 +0900] "GET /CUKBM1/BoardItem?SEQ_NO=14&SUBJECT=soccer HTTP/1.1" 200 3260
1.224.175.45 - - [10/Jun/2019:18:53:32 +0900] "GET /CUKBM1/img/icon/bell.png HTTP/1.1" 304 -
1.224.175.45 - - [10/Jun/2019:18:53:32 +0900] "GET /CUKBM1/css/boarditemview.css HTTP/1.1" 304 -
1.224.175.45 - - [10/Jun/2019:18:53:32 +0900] "GET /CUKBM1/img/icon/man8.jpg HTTP/1.1" 304 -
1.224.175.45 - - [10/Jun/2019:18:53:32 +0900] "GET /CUKBM1/BoardItem?SEQ_NO=14&SUBJECT=soccer HTTP/1.1" 200 3260
1.224.175.45 - - [10/Jun/2019:18:53:32 +0900] "GET /CUKBM1/img/icon/bell.png HTTP/1.1" 304 -
1.224.175.45 - - [10/Jun/2019:18:53:32 +0900] "GET /CUKBM1/css/boarditemview.css HTTP/1.1" 304 -
1.224.175.45 - - [10/Jun/2019:18:53:32 +0900] "GET /CUKBM1/img/icon/man8.jpg HTTP/1.1" 304 -
1.224.175.45 - - [10/Jun/2019:18:53:32 +0900] "GET /CUKBM1/BoardItem?SEQ_NO=14&SUBJECT=soccer HTTP/1.1" 200 3260
1.224.175.45 - - [10/Jun/2019:18:53:33 +0900] "GET /CUKBM1/css/boarditemview.css HTTP/1.1" 304 -
1.224.175.45 - - [10/Jun/2019:18:53:33 +0900] "GET /CUKBM1/img/icon/bell.png HTTP/1.1" 304 -
1.224.175.45 - - [10/Jun/2019:18:53:33 +0900] "GET /CUKBM1/img/icon/man8.jpg HTTP/1.1" 304 -
1.224.175.45 - - [10/Jun/2019:18:53:33 +0900] "GET /CUKBM1/BoardItem?SEQ_NO=14&SUBJECT=soccer HTTP/1.1" 200 3260
1.224.175.45 - - [10/Jun/2019:18:53:33 +0900] "GET /CUKBM1/BoardItem?SEQ_NO=14&SUBJECT=soccer HTTP/1.1" 200 3260
1.224.175.45 - - [10/Jun/2019:18:53:33 +0900] "GET /CUKBM1/BoardItem?SEQ_NO=14&SUBJECT=soccer HTTP/1.1" 200 3260
1.224.175.45 - - [10/Jun/2019:18:53:33 +0900] "GET /CUKBM1/BoardItem?SEQ_NO=14&SUBJECT=soccer HTTP/1.1" 200 3260
1.224.175.45 - - [10/Jun/2019:18:53:33 +0900] "GET /CUKBM1/BoardItem?SEQ_NO=14&SUBJECT=soccer HTTP/1.1" 200 3260
1.224.175.45 - - [10/Jun/2019:18:53:33 +0900] "GET /CUKBM1/BoardItem?SEQ_NO=14&SUBJECT=soccer HTTP/1.1" 200 3260
1.224.175.45 - - [10/Jun/2019:18:53:33 +0900] "GET /CUKBM1/BoardItem?SEQ_NO=14&SUBJECT=soccer HTTP/1.1" 200 3260
1.224.175.45 - - [10/Jun/2019:18:53:33 +0900] "GET /CUKBM1/css/boarditemview.css HTTP/1.1" 304 -
1.224.175.45 - - [10/Jun/2019:18:53:33 +0900] "GET /CUKBM1/img/icon/bell.png HTTP/1.1" 304 -
1.224.175.45 - - [10/Jun/2019:18:53:33 +0900] "GET /CUKBM1/img/icon/man8.jpg HTTP/1.1" 304 -
1.224.175.45 - - [10/Jun/2019:18:53:33 +0900] "GET /CUKBM1/BoardItem?SEQ_NO=14&SUBJECT=soccer HTTP/1.1" 200 3260
1.224.175.45 - - [10/Jun/2019:18:53:33 +0900] "GET /CUKBM1/BoardItem?SEQ_NO=14&SUBJECT=soccer HTTP/1.1" 200 3260
1.224.175.45 - - [10/Jun/2019:18:53:33 +0900] "GET /CUKBM1/BoardItem?SEQ_NO=14&SUBJECT=soccer HTTP/1.1" 200 3260
1.224.175.45 - - [10/Jun/2019:18:53:33 +0900] "GET /CUKBM1/BoardItem?SEQ_NO=14&SUBJECT=soccer HTTP/1.1" 200 3260
10.2.0.216 - - [10/Jun/2019:18:53:33 +0900] "GET /CUKBM1/BoardItem?SEQ_NO=4&SUBJECT=soccer HTTP/1.1" 200 3114
1.224.175.45 - - [10/Jun/2019:18:53:33 +0900] "GET /CUKBM1/BoardItem?SEQ_NO=14&SUBJECT=soccer HTTP/1.1" 200 3260
1.224.175.45 - - [10/Jun/2019:18:53:33 +0900] "GET /CUKBM1/BoardItem?SEQ_NO=14&SUBJECT=soccer HTTP/1.1" 200 3260
10.2.0.216 - - [10/Jun/2019:18:53:33 +0900] "GET /CUKBM1/css/boarditemview.css HTTP/1.1" 200 3691
1.224.175.45 - - [10/Jun/2019:18:53:33 +0900] "GET /CUKBM1/css/boarditemview.css HTTP/1.1" 304 -
1.224.175.45 - - [10/Jun/2019:18:53:33 +0900] "GET /CUKBM1/img/icon/bell.png HTTP/1.1" 304 -
1.224.175.45 - - [10/Jun/2019:18:53:33 +0900] "GET /CUKBM1/img/icon/man8.jpg HTTP/1.1" 304 -
1.224.175.45 - - [10/Jun/2019:18:53:33 +0900] "GET /CUKBM1/BoardItem?SEQ_NO=14&SUBJECT=soccer HTTP/1.1" 200 3260
1.224.175.45 - - [10/Jun/2019:18:53:33 +0900] "GET /CUKBM1/css/boarditemview.css HTTP/1.1" 304 -
1.224.175.45 - - [10/Jun/2019:18:53:33 +0900] "GET /CUKBM1/img/icon/bell.png HTTP/1.1" 304 -
1.224.175.45 - - [10/Jun/2019:18:53:33 +0900] "GET /CUKBM1/img/icon/man8.jpg HTTP/1.1" 304 -
1.224.175.45 - - [10/Jun/2019:18:53:33 +0900] "GET /CUKBM1/BoardItem?SEQ_NO=14&SUBJECT=soccer HTTP/1.1" 200 3260
1.224.175.45 - - [10/Jun/2019:18:53:33 +0900] "GET /CUKBM1/BoardItem?SEQ_NO=14&SUBJECT=soccer HTTP/1.1" 200 3260
1.224.175.45 - - [10/Jun/2019:18:53:33 +0900] "GET /CUKBM1/BoardItem?SEQ_NO=14&SUBJECT=soccer HTTP/1.1" 200 3260
1.224.175.45 - - [10/Jun/2019:18:53:33 +0900] "GET /CUKBM1/BoardItem?SEQ_NO=14&SUBJECT=soccer HTTP/1.1" 200 3260
1.224.175.45 - - [10/Jun/2019:18:53:33 +0900] "GET /CUKBM1/BoardItem?SEQ_NO=14&SUBJECT=soccer HTTP/1.1" 200 3260
1.224.175.45 - - [10/Jun/2019:18:53:33 +0900] "GET /CUKBM1/BoardItem?SEQ_NO=14&SUBJECT=soccer HTTP/1.1" 200 3260
1.224.175.45 - - [10/Jun/2019:18:53:33 +0900] "GET /CUKBM1/css/boarditemview.css HTTP/1.1" 304 -
1.224.175.45 - - [10/Jun/2019:18:53:33 +0900] "GET /CUKBM1/img/icon/bell.png HTTP/1.1" 304 -
1.224.175.45 - - [10/Jun/2019:18:53:33 +0900] "GET /CUKBM1/img/icon/man8.jpg HTTP/1.1" 304 -
1.224.175.45 - - [10/Jun/2019:18:53:33 +0900] "GET /CUKBM1/BoardItem?SEQ_NO=14&SUBJECT=soccer HTTP/1.1" 200 3260
1.224.175.45 - - [10/Jun/2019:18:53:34 +0900] "GET /CUKBM1/BoardItem?SEQ_NO=14&SUBJECT=soccer HTTP/1.1" 200 3260
1.224.175.45 - - [10/Jun/2019:18:53:34 +0900] "GET /CUKBM1/BoardItem?SEQ_NO=14&SUBJECT=soccer HTTP/1.1" 200 3260
1.224.175.45 - - [10/Jun/2019:18:53:34 +0900] "GET /CUKBM1/BoardItem?SEQ_NO=14&SUBJECT=soccer HTTP/1.1" 200 3260
1.224.175.45 - - [10/Jun/2019:18:53:34 +0900] "GET /CUKBM1/BoardItem?SEQ_NO=14&SUBJECT=soccer HTTP/1.1" 200 3260
1.224.175.20 - - [10/Jun/2019:18:53:34 +0900] "GET /CUKBM1/CUKBM_FrontPage.jsp HTTP/1.1" 200 4015
1.224.175.45 - - [10/Jun/2019:18:53:34 +0900] "GET /CUKBM1/BoardItem?SEQ_NO=14&SUBJECT=soccer HTTP/1.1" 200 3260
1.224.175.45 - - [10/Jun/2019:18:53:34 +0900] "GET /CUKBM1/BoardItem?SEQ_NO=14&SUBJECT=soccer HTTP/1.1" 200 3260
1.224.175.45 - - [10/Jun/2019:18:53:34 +0900] "GET /CUKBM1/BoardItem?SEQ_NO=14&SUBJECT=soccer HTTP/1.1" 200 3260
1.224.175.33 - - [10/Jun/2019:18:53:34 +0900] "GET /CUKBM1/myPage HTTP/1.1" 200 1841
1.224.175.45 - - [10/Jun/2019:18:53:34 +0900] "GET /CUKBM1/img/icon/bell.png HTTP/1.1" 304 -
1.224.175.45 - - [10/Jun/2019:18:53:34 +0900] "GET /CUKBM1/css/boarditemview.css HTTP/1.1" 304 -
1.224.175.45 - - [10/Jun/2019:18:53:34 +0900] "GET /CUKBM1/img/icon/man8.jpg HTTP/1.1" 304 -
1.224.175.45 - - [10/Jun/2019:18:53:34 +0900] "GET /CUKBM1/BoardItem?SEQ_NO=14&SUBJECT=soccer HTTP/1.1" 200 3260
1.224.175.45 - - [10/Jun/2019:18:53:34 +0900] "GET /CUKBM1/BoardItem?SEQ_NO=14&SUBJECT=soccer HTTP/1.1" 200 3260
1.224.175.45 - - [10/Jun/2019:18:53:34 +0900] "GET /CUKBM1/BoardItem?SEQ_NO=14&SUBJECT=soccer HTTP/1.1" 200 3260
1.224.175.45 - - [10/Jun/2019:18:53:34 +0900] "GET /CUKBM1/BoardItem?SEQ_NO=14&SUBJECT=soccer HTTP/1.1" 200 3260
1.224.175.45 - - [10/Jun/2019:18:53:34 +0900] "GET /CUKBM1/BoardItem?SEQ_NO=14&SUBJECT=soccer HTTP/1.1" 200 3260
1.224.175.45 - - [10/Jun/2019:18:53:34 +0900] "GET /CUKBM1/BoardItem?SEQ_NO=14&SUBJECT=soccer HTTP/1.1" 200 3260
1.224.175.45 - - [10/Jun/2019:18:53:34 +0900] "GET /CUKBM1/BoardItem?SEQ_NO=14&SUBJECT=soccer HTTP/1.1" 200 3260
1.224.175.45 - - [10/Jun/2019:18:53:34 +0900] "GET /CUKBM1/css/boarditemview.css HTTP/1.1" 304 -
1.224.175.45 - - [10/Jun/2019:18:53:34 +0900] "GET /CUKBM1/img/icon/bell.png HTTP/1.1" 304 -
1.224.175.45 - - [10/Jun/2019:18:53:34 +0900] "GET /CUKBM1/img/icon/man8.jpg HTTP/1.1" 304 -
1.224.175.45 - - [10/Jun/2019:18:53:34 +0900] "GET /CUKBM1/BoardItem?SEQ_NO=14&SUBJECT=soccer HTTP/1.1" 200 3260
1.224.175.45 - - [10/Jun/2019:18:53:34 +0900] "GET /CUKBM1/BoardItem?SEQ_NO=14&SUBJECT=soccer HTTP/1.1" 200 3260
1.224.175.45 - - [10/Jun/2019:18:53:34 +0900] "GET /CUKBM1/img/icon/bell.png HTTP/1.1" 304 -
1.224.175.45 - - [10/Jun/2019:18:53:34 +0900] "GET /CUKBM1/css/boarditemview.css HTTP/1.1" 304 -
10.2.0.136 - - [10/Jun/2019:18:53:34 +0900] "GET /CUKBM1/BoardItem?SEQ_NO=1&SUBJECT=soccer HTTP/1.1" 200 3117
1.224.175.45 - - [10/Jun/2019:18:53:34 +0900] "GET /CUKBM1/img/icon/man8.jpg HTTP/1.1" 304 -
1.224.175.45 - - [10/Jun/2019:18:53:34 +0900] "GET /CUKBM1/img/front/pic6_1.jpg HTTP/1.1" 304 -
1.224.175.17 - - [10/Jun/2019:18:53:34 +0900] "GET /CUKBM1/Board?SUBJECT=soccer&TEAM=1 HTTP/1.1" 200 3824
1.224.175.48 - - [10/Jun/2019:18:53:34 +0900] "GET /CUKBM1/BoardItem?SEQ_NO=9&SUBJECT=soccer HTTP/1.1" 200 3947
1.224.175.52 - - [10/Jun/2019:18:53:35 +0900] "GET /CUKBM1/myPage HTTP/1.1" 200 1843
1.224.175.20 - - [10/Jun/2019:18:53:35 +0900] "GET /CUKBM1/img/front/nba.jpg HTTP/1.1" 200 126367
1.224.175.17 - - [10/Jun/2019:18:53:36 +0900] "GET /CUKBM1/BoardInputFormTeam.jsp HTTP/1.1" 200 3545
1.224.175.10 - - [10/Jun/2019:18:53:37 +0900] "GET /CUKBM1/BoardItem?SEQ_NO=7&SUBJECT=soccer HTTP/1.1" 200 3112
1.224.175.51 - - [10/Jun/2019:18:53:37 +0900] "POST /CUKBM1/signUp HTTP/1.1" 200 707
1.224.175.51 - - [10/Jun/2019:18:53:37 +0900] "GET /CUKBM1/css/signupresult.css HTTP/1.1" 200 2314
1.224.175.33 - - [10/Jun/2019:18:53:37 +0900] "GET /CUKBM1/BoardItem?SEQ_NO=10&SUBJECT=soccer HTTP/1.1" 200 2997
1.224.175.20 - - [10/Jun/2019:18:53:37 +0900] "GET /CUKBM1/Board?SUBJECT=soccer&TEAM=0 HTTP/1.1" 200 4738
10.2.0.136 - - [10/Jun/2019:18:53:37 +0900] "GET /CUKBM1/like?seqno=1 HTTP/1.1" 302 -
1.224.175.16 - - [10/Jun/2019:18:53:37 +0900] "GET /CUKBM1/myPage HTTP/1.1" 200 1549
10.2.0.136 - - [10/Jun/2019:18:53:37 +0900] "GET /CUKBM1/LikeResult.jsp HTTP/1.1" 200 417
1.224.175.16 - - [10/Jun/2019:18:53:37 +0900] "GET /CUKBM1/css/mypage.css HTTP/1.1" 200 3367
10.2.0.216 - - [10/Jun/2019:18:53:38 +0900] "GET /CUKBM1/BoardItem?SEQ_NO=10&SUBJECT=soccer HTTP/1.1" 200 3003
1.224.175.52 - - [10/Jun/2019:18:53:38 +0900] "GET /CUKBM1/likeDelete?SEQ_NO=4&ID=comic HTTP/1.1" 302 -
1.224.175.52 - - [10/Jun/2019:18:53:38 +0900] "GET /CUKBM1/myPage HTTP/1.1" 200 1547
1.224.175.51 - - [10/Jun/2019:18:53:39 +0900] "GET /CUKBM1/Login.jsp HTTP/1.1" 200 924
1.224.175.51 - - [10/Jun/2019:18:53:39 +0900] "GET /CUKBM1/css/login.css HTTP/1.1" 200 2679
1.224.175.48 - - [10/Jun/2019:18:53:39 +0900] "GET /CUKBM1/memberPage?id=fdsa HTTP/1.1" 200 1243
1.224.175.48 - - [10/Jun/2019:18:53:39 +0900] "GET /CUKBM1/css/memberpage.css HTTP/1.1" 200 2527
10.2.0.130 - - [10/Jun/2019:18:53:39 +0900] "GET /CUKBM1/msgReceive HTTP/1.1" 200 2104
10.2.0.130 - - [10/Jun/2019:18:53:39 +0900] "GET /CUKBM1/css/msgview.css HTTP/1.1" 200 2494
1.224.175.52 - - [10/Jun/2019:18:53:39 +0900] "GET /CUKBM1/CUKBM_FrontPage.jsp HTTP/1.1" 200 4015
1.224.175.10 - - [10/Jun/2019:18:53:40 +0900] "GET /CUKBM1/Board?SUBJECT=soccer&TEAM=0 HTTP/1.1" 200 4738
10.2.0.216 - - [10/Jun/2019:18:53:40 +0900] "GET /CUKBM1/like?seqno=10 HTTP/1.1" 302 -
1.224.175.20 - - [10/Jun/2019:18:53:40 +0900] "GET /CUKBM1/Board?SUBJECT=soccer&TEAM=1 HTTP/1.1" 200 3824
10.2.0.216 - - [10/Jun/2019:18:53:40 +0900] "GET /CUKBM1/LikeResult.jsp HTTP/1.1" 200 417
1.224.175.33 - - [10/Jun/2019:18:53:41 +0900] "GET /CUKBM1/like?seqno=10 HTTP/1.1" 302 -
1.224.175.10 - - [10/Jun/2019:18:53:41 +0900] "GET /CUKBM1/BoardItem?SEQ_NO=21&SUBJECT=soccer HTTP/1.1" 200 2996
1.224.175.33 - - [10/Jun/2019:18:53:41 +0900] "GET /CUKBM1/LikeFail.jsp HTTP/1.1" 200 386
1.224.175.17 - - [10/Jun/2019:18:53:41 +0900] "GET /CUKBM1/Board?SUBJECT=soccer&TEAM=1 HTTP/1.1" 200 3824
1.224.175.35 - - [10/Jun/2019:18:53:42 +0900] "GET /CUKBM1/NoAccess.jsp HTTP/1.1" 200 2217
1.224.175.36 - - [10/Jun/2019:18:53:42 +0900] "POST /CUKBM1/BoardWriter HTTP/1.1" 302 -
1.224.175.20 - - [10/Jun/2019:18:53:42 +0900] "GET /CUKBM1/BoardItem?SEQ_NO=9&SUBJECT=soccer HTTP/1.1" 200 3941
10.2.0.216 - - [10/Jun/2019:18:53:42 +0900] "GET /CUKBM1/BoardItem?SEQ_NO=10&SUBJECT=soccer HTTP/1.1" 200 3003
1.224.175.36 - - [10/Jun/2019:18:53:42 +0900] "GET /CUKBM1/Board?SUBJECT=soccer&TEAM=1 HTTP/1.1" 200 4123
1.224.175.10 - - [10/Jun/2019:18:53:43 +0900] "GET /CUKBM1/Board?SUBJECT=soccer&TEAM=0 HTTP/1.1" 200 4738
1.224.175.51 - - [10/Jun/2019:18:53:44 +0900] "POST /CUKBM1/login HTTP/1.1" 302 -
1.224.175.51 - - [10/Jun/2019:18:53:44 +0900] "GET /CUKBM1/LoginResult.jsp?LOGIN_RESULT=SUCCESS HTTP/1.1" 200 1052
1.224.175.51 - - [10/Jun/2019:18:53:44 +0900] "GET /CUKBM1/css/loginresult.css HTTP/1.1" 200 3276
1.224.175.51 - - [10/Jun/2019:18:53:44 +0900] "GET /CUKBM1/img/icon/bell.png HTTP/1.1" 200 10920
1.224.175.10 - - [10/Jun/2019:18:53:45 +0900] "GET /CUKBM1/BoardItem?SEQ_NO=14&SUBJECT=soccer HTTP/1.1" 200 3260
1.224.175.36 - - [10/Jun/2019:18:53:45 +0900] "GET /CUKBM1/Board?SUBJECT=badminton&TEAM=1 HTTP/1.1" 200 2625
10.2.0.136 - - [10/Jun/2019:18:53:45 +0900] "GET /CUKBM1/Board?SUBJECT=soccer&TEAM=0 HTTP/1.1" 200 4738
1.224.175.20 - - [10/Jun/2019:18:53:45 +0900] "POST /CUKBM1/Attend?seqno=9 HTTP/1.1" 200 2072
10.2.0.216 - - [10/Jun/2019:18:53:46 +0900] "GET /CUKBM1/myPage HTTP/1.1" 200 1849
1.224.175.17 - - [10/Jun/2019:18:53:46 +0900] "GET /CUKBM1/BoardItem?SEQ_NO=9&SUBJECT=soccer HTTP/1.1" 200 3947
1.224.175.33 - - [10/Jun/2019:18:53:46 +0900] "GET /CUKBM1/msgReceive HTTP/1.1" 200 3008
1.224.175.33 - - [10/Jun/2019:18:53:46 +0900] "GET /CUKBM1/css/msgview.css HTTP/1.1" 200 2494
1.224.175.36 - - [10/Jun/2019:18:53:47 +0900] "GET /CUKBM1/BoardInputFormTeam.jsp HTTP/1.1" 200 3542
1.224.175.35 - - [10/Jun/2019:18:53:47 +0900] "POST /CUKBM1/BoardWriter HTTP/1.1" 302 -
1.224.175.35 - - [10/Jun/2019:18:53:47 +0900] "GET /CUKBM1/Board?SUBJECT=soccer&TEAM=0 HTTP/1.1" 200 4898
1.224.175.20 - - [10/Jun/2019:18:53:48 +0900] "GET /CUKBM1/Board?SUBJECT=soccer&TEAM=1 HTTP/1.1" 200 4123
10.2.0.216 - - [10/Jun/2019:18:53:49 +0900] "GET /CUKBM1/likeDelete?SEQ_NO=10&ID=asdf HTTP/1.1" 302 -
1.224.175.35 - - [10/Jun/2019:18:53:49 +0900] "POST /CUKBM1/BoardWriter HTTP/1.1" 302 -
1.224.175.35 - - [10/Jun/2019:18:53:49 +0900] "GET /CUKBM1/Board?SUBJECT=soccer&TEAM=0 HTTP/1.1" 200 5188
10.2.0.216 - - [10/Jun/2019:18:53:49 +0900] "GET /CUKBM1/myPage HTTP/1.1" 200 1553
1.224.175.20 - - [10/Jun/2019:18:53:49 +0900] "GET /CUKBM1/Board?SUBJECT=soccer&TEAM=0 HTTP/1.1" 200 5334
10.2.0.136 - - [10/Jun/2019:18:53:49 +0900] "GET /CUKBM1/myPage HTTP/1.1" 200 1832
10.2.0.216 - - [10/Jun/2019:18:53:50 +0900] "GET /CUKBM1/myPage HTTP/1.1" 200 1553
10.2.0.136 - - [10/Jun/2019:18:53:51 +0900] "GET /CUKBM1/likeDelete?SEQ_NO=1&ID=a HTTP/1.1" 302 -
10.2.0.136 - - [10/Jun/2019:18:53:51 +0900] "GET /CUKBM1/myPage HTTP/1.1" 200 1534
10.2.0.136 - - [10/Jun/2019:18:53:53 +0900] "GET /CUKBM1/CUKBM_FrontPage.jsp HTTP/1.1" 200 4015
1.224.175.20 - - [10/Jun/2019:18:53:53 +0900] "GET /CUKBM1/BoardItem?SEQ_NO=24&SUBJECT=soccer HTTP/1.1" 200 2996
10.2.0.216 - - [10/Jun/2019:18:53:54 +0900] "GET /CUKBM1/Board?SUBJECT=soccer&TEAM=1 HTTP/1.1" 200 4123
1.224.175.36 - - [10/Jun/2019:18:53:54 +0900] "GET /CUKBM1/Board?SUBJECT=esports&TEAM=0 HTTP/1.1" 200 2615
1.224.175.33 - - [10/Jun/2019:18:53:54 +0900] "GET /CUKBM1/CUKBM_FrontPage.jsp HTTP/1.1" 200 4015
10.2.0.216 - - [10/Jun/2019:18:53:54 +0900] "GET /CUKBM1/Board?SUBJECT=soccer&TEAM=1 HTTP/1.1" 200 4123
1.224.175.35 - - [10/Jun/2019:18:53:54 +0900] "POST /CUKBM1/BoardWriter HTTP/1.1" 302 -
1.224.175.35 - - [10/Jun/2019:18:53:54 +0900] "GET /CUKBM1/Board?SUBJECT=soccer&TEAM=0 HTTP/1.1" 200 5478
1.224.175.50 - - [10/Jun/2019:18:53:55 +0900] "GET /CUKBM1/Board?SUBJECT=soccer&TEAM=0 HTTP/1.1" 200 5632
1.224.175.50 - - [10/Jun/2019:18:53:55 +0900] "GET /CUKBM1/css/boardlistview.css HTTP/1.1" 304 -
1.224.175.50 - - [10/Jun/2019:18:53:55 +0900] "GET /CUKBM1/img/icon/bell.png HTTP/1.1" 304 -
1.224.175.50 - - [10/Jun/2019:18:53:55 +0900] "GET /CUKBM1/img/front/pic6_1.jpg HTTP/1.1" 304 -
10.2.0.136 - - [10/Jun/2019:18:53:56 +0900] "GET /CUKBM1/Board?SUBJECT=soccer&TEAM=0 HTTP/1.1" 200 5632
1.224.175.32 - - [10/Jun/2019:18:53:56 +0900] "GET /CUKBM1/Board?SUBJECT=soccer&TEAM=0 HTTP/1.1" 200 5632
1.224.175.20 - - [10/Jun/2019:18:53:56 +0900] "GET /CUKBM1/logout HTTP/1.1" 302 -
1.224.175.20 - - [10/Jun/2019:18:53:56 +0900] "GET /CUKBM1/CUKBM_FrontPage.jsp HTTP/1.1" 200 3944
10.2.0.216 - - [10/Jun/2019:18:53:56 +0900] "GET /CUKBM1/BoardItem?SEQ_NO=22&SUBJECT=soccer HTTP/1.1" 200 3001
1.224.175.35 - - [10/Jun/2019:18:53:56 +0900] "POST /CUKBM1/BoardWriter HTTP/1.1" 302 -
1.224.175.35 - - [10/Jun/2019:18:53:56 +0900] "GET /CUKBM1/Board?SUBJECT=soccer&TEAM=0 HTTP/1.1" 200 5768
1.224.175.33 - - [10/Jun/2019:18:53:57 +0900] "GET /CUKBM1/Board?SUBJECT=soccer&TEAM=1 HTTP/1.1" 200 4123
1.224.175.36 - - [10/Jun/2019:18:53:59 +0900] "GET /CUKBM1/Board?SUBJECT=soccer&TEAM=0 HTTP/1.1" 200 5930
1.224.175.20 - - [10/Jun/2019:18:53:59 +0900] "GET /CUKBM1/Board?SUBJECT=soccer&TEAM=0 HTTP/1.1" 200 5768
1.224.175.35 - - [10/Jun/2019:18:54:00 +0900] "POST /CUKBM1/BoardWriter HTTP/1.1" 302 -
1.224.175.36 - - [10/Jun/2019:18:54:00 +0900] "GET /CUKBM1/Board?SUBJECT=soccer&TEAM=1 HTTP/1.1" 200 4123
1.224.175.35 - - [10/Jun/2019:18:54:00 +0900] "GET /CUKBM1/Board?SUBJECT=soccer&TEAM=0 HTTP/1.1" 200 6058
1.224.175.32 - - [10/Jun/2019:18:54:01 +0900] "GET /CUKBM1/BoardInputForm.jsp HTTP/1.1" 200 3530
1.224.175.33 - - [10/Jun/2019:18:54:01 +0900] "GET /CUKBM1/Board?SUBJECT=soccer&TEAM=0 HTTP/1.1" 200 6228
1.224.175.45 - - [10/Jun/2019:18:54:02 +0900] "GET /CUKBM1/logout HTTP/1.1" 302 -
1.224.175.45 - - [10/Jun/2019:18:54:02 +0900] "GET /CUKBM1/CUKBM_FrontPage.jsp HTTP/1.1" 200 3944
1.224.175.16 - - [10/Jun/2019:18:54:02 +0900] "GET /CUKBM1/CUKBM_FrontPage.jsp HTTP/1.1" 200 4015
1.224.175.45 - - [10/Jun/2019:18:54:03 +0900] "GET /CUKBM1/img/front/nba.jpg HTTP/1.1" 200 126367
1.224.175.50 - - [10/Jun/2019:18:54:04 +0900] "GET /CUKBM1/BoardItem?SEQ_NO=18&SUBJECT=soccer HTTP/1.1" 200 3242
1.224.175.45 - - [10/Jun/2019:18:54:04 +0900] "GET /CUKBM1/Board?SUBJECT=soccer&TEAM=0 HTTP/1.1" 200 6058
1.224.175.20 - - [10/Jun/2019:18:54:05 +0900] "GET /CUKBM1/Login.jsp HTTP/1.1" 200 924
1.224.175.33 - - [10/Jun/2019:18:54:05 +0900] "GET /CUKBM1/Board?SUBJECT=soccer&TEAM=1 HTTP/1.1" 200 4123
1.224.175.45 - - [10/Jun/2019:18:54:06 +0900] "GET /CUKBM1/NoAccess.jsp HTTP/1.1" 200 2217
1.224.175.45 - - [10/Jun/2019:18:54:06 +0900] "GET /CUKBM1/css/noaccess.css HTTP/1.1" 200 2268
1.224.175.16 - - [10/Jun/2019:18:54:06 +0900] "GET /CUKBM1/Board?SUBJECT=soccer&TEAM=0 HTTP/1.1" 200 6228
10.2.0.216 - - [10/Jun/2019:18:54:06 +0900] "GET /CUKBM1/Board?SUBJECT=soccer&TEAM=1 HTTP/1.1" 200 4123
1.224.175.50 - - [10/Jun/2019:18:54:07 +0900] "POST /CUKBM1/Attend?seqno=18 HTTP/1.1" 200 2072
10.2.0.216 - - [10/Jun/2019:18:54:08 +0900] "GET /CUKBM1/Board?SUBJECT=soccer&TEAM=1 HTTP/1.1" 200 4123
1.224.175.45 - - [10/Jun/2019:18:54:09 +0900] "GET /CUKBM1/Login.jsp HTTP/1.1" 200 924
1.224.175.48 - - [10/Jun/2019:18:54:09 +0900] "GET /CUKBM1/Board?SUBJECT=soccer&TEAM=1 HTTP/1.1" 200 4123
1.224.175.32 - - [10/Jun/2019:18:54:11 +0900] "GET /CUKBM1/Board?SUBJECT=soccer&TEAM=0 HTTP/1.1" 200 6228
1.224.175.48 - - [10/Jun/2019:18:54:12 +0900] "GET /CUKBM1/BoardItem?SEQ_NO=22&SUBJECT=soccer HTTP/1.1" 200 3001
1.224.175.36 - - [10/Jun/2019:18:54:13 +0900] "GET /CUKBM1/BoardItem?SEQ_NO=22&SUBJECT=soccer HTTP/1.1" 200 2995
1.224.175.45 - - [10/Jun/2019:18:54:14 +0900] "POST /CUKBM1/login HTTP/1.1" 302 -
1.224.175.45 - - [10/Jun/2019:18:54:14 +0900] "GET /CUKBM1/LoginResult.jsp?LOGIN_RESULT=SUCCESS HTTP/1.1" 200 1056
1.224.175.20 - - [10/Jun/2019:18:54:15 +0900] "POST /CUKBM1/login HTTP/1.1" 302 -
1.224.175.20 - - [10/Jun/2019:18:54:15 +0900] "GET /CUKBM1/LoginResult.jsp?LOGIN_RESULT=SUCCESS HTTP/1.1" 200 1057
1.224.175.32 - - [10/Jun/2019:18:54:16 +0900] "GET /CUKBM1/Board?SUBJECT=soccer&TEAM=0 HTTP/1.1" 200 6228
1.224.175.17 - - [10/Jun/2019:18:54:16 +0900] "GET /CUKBM1/Board?SUBJECT=soccer&TEAM=1 HTTP/1.1" 200 4123
1.224.175.20 - - [10/Jun/2019:18:54:17 +0900] "GET /CUKBM1/myPage HTTP/1.1" 200 1536
1.224.175.33 - - [10/Jun/2019:18:54:17 +0900] "GET /CUKBM1/myPage HTTP/1.1" 200 1841
1.224.175.17 - - [10/Jun/2019:18:54:18 +0900] "GET /CUKBM1/BoardInputFormTeam.jsp HTTP/1.1" 200 3545
1.224.175.48 - - [10/Jun/2019:18:54:18 +0900] "GET /CUKBM1/Board?SUBJECT=soccer&TEAM=1 HTTP/1.1" 200 4123
10.2.0.136 - - [10/Jun/2019:18:54:20 +0900] "GET /CUKBM1/myPage HTTP/1.1" 200 1534
1.224.175.48 - - [10/Jun/2019:18:54:20 +0900] "GET /CUKBM1/Board?SUBJECT=soccer&TEAM=0 HTTP/1.1" 200 6228
1.224.175.36 - - [10/Jun/2019:18:54:21 +0900] "GET /CUKBM1/Board?SUBJECT=esports&TEAM=1 HTTP/1.1" 200 2925
10.2.0.136 - - [10/Jun/2019:18:54:21 +0900] "GET /CUKBM1/msgReceive HTTP/1.1" 200 2540
10.2.0.136 - - [10/Jun/2019:18:54:21 +0900] "GET /CUKBM1/css/msgview.css HTTP/1.1" 200 2494
1.224.175.50 - - [10/Jun/2019:18:54:21 +0900] "GET /CUKBM1/BoardItem?SEQ_NO=25&SUBJECT=soccer HTTP/1.1" 200 2996
1.224.175.10 - - [10/Jun/2019:18:54:23 +0900] "GET /CUKBM1/Board?SUBJECT=soccer&TEAM=0 HTTP/1.1" 200 6228
1.224.175.52 - - [10/Jun/2019:18:54:23 +0900] "GET /CUKBM1/img/front/nba.jpg HTTP/1.1" 200 126367
1.224.175.50 - - [10/Jun/2019:18:54:24 +0900] "POST /CUKBM1/Attend?seqno=25 HTTP/1.1" 302 -
1.224.175.50 - - [10/Jun/2019:18:54:24 +0900] "GET /CUKBM1/attendResult.jsp?result=1 HTTP/1.1" 200 2014
10.2.0.130 - - [10/Jun/2019:18:54:24 +0900] "GET /CUKBM1/Board?SUBJECT=soccer&TEAM=1 HTTP/1.1" 200 4123
1.224.175.32 - - [10/Jun/2019:18:54:25 +0900] "GET /CUKBM1/BoardInputForm.jsp HTTP/1.1" 200 3530
1.224.175.52 - - [10/Jun/2019:18:54:25 +0900] "GET /CUKBM1/Board?SUBJECT=soccer&TEAM=1 HTTP/1.1" 200 4123
1.224.175.45 - - [10/Jun/2019:18:54:25 +0900] "GET /CUKBM1/BoardInputFormTeam.jsp HTTP/1.1" 200 3545
1.224.175.45 - - [10/Jun/2019:18:54:25 +0900] "GET /CUKBM1/css/boardinputformteam.css HTTP/1.1" 200 2412
1.224.175.50 - - [10/Jun/2019:18:54:27 +0900] "GET /CUKBM1/BoardItem?SEQ_NO=25&SUBJECT=soccer HTTP/1.1" 200 3244
1.224.175.50 - - [10/Jun/2019:18:54:27 +0900] "GET /CUKBM1/css/boarditemview.css HTTP/1.1" 304 -
1.224.175.50 - - [10/Jun/2019:18:54:27 +0900] "GET /CUKBM1/img/icon/bell.png HTTP/1.1" 304 -
1.224.175.50 - - [10/Jun/2019:18:54:27 +0900] "GET /CUKBM1/img/icon/man8.jpg HTTP/1.1" 304 -
10.2.0.130 - - [10/Jun/2019:18:54:27 +0900] "GET /CUKBM1/Board?SUBJECT=soccer&TEAM=1 HTTP/1.1" 200 4123
1.224.175.50 - - [10/Jun/2019:18:54:27 +0900] "GET /CUKBM1/img/front/pic6_1.jpg HTTP/1.1" 304 -
1.224.175.48 - - [10/Jun/2019:18:54:27 +0900] "GET /CUKBM1/BoardItem?SEQ_NO=21&SUBJECT=soccer HTTP/1.1" 200 2996
1.224.175.28 - - [10/Jun/2019:18:54:27 +0900] "GET /CUKBM1/myPage HTTP/1.1" 200 1837
1.224.175.17 - - [10/Jun/2019:18:54:28 +0900] "POST /CUKBM1/BoardWriter HTTP/1.1" 302 -
1.224.175.17 - - [10/Jun/2019:18:54:28 +0900] "GET /CUKBM1/Board?SUBJECT=soccer&TEAM=1 HTTP/1.1" 200 4432
1.224.175.10 - - [10/Jun/2019:18:54:29 +0900] "GET /CUKBM1/Board?SUBJECT=soccer&TEAM=0 HTTP/1.1" 200 6228
1.224.175.50 - - [10/Jun/2019:18:54:29 +0900] "GET /CUKBM1/memberPage?id=aaa HTTP/1.1" 200 1229
1.224.175.17 - - [10/Jun/2019:18:54:30 +0900] "GET /CUKBM1/BoardItem?SEQ_NO=28&SUBJECT=soccer HTTP/1.1" 200 3007
1.224.175.10 - - [10/Jun/2019:18:54:30 +0900] "GET /CUKBM1/orderedBoard?SUBJECT=soccer&TEAM=0 HTTP/1.1" 200 5392
1.224.175.10 - - [10/Jun/2019:18:54:30 +0900] "GET /CUKBM1/css/order.css HTTP/1.1" 200 2803
1.224.175.48 - - [10/Jun/2019:18:54:30 +0900] "GET /CUKBM1/Board?SUBJECT=soccer&TEAM=0 HTTP/1.1" 200 6228
1.224.175.17 - - [10/Jun/2019:18:54:31 +0900] "GET /CUKBM1/BoardItem?SEQ_NO=28&SUBJECT=soccer HTTP/1.1" 200 3007
1.224.175.10 - - [10/Jun/2019:18:54:31 +0900] "GET /CUKBM1/Board?SUBJECT=soccer&TEAM=0 HTTP/1.1" 200 6228
1.224.175.45 - - [10/Jun/2019:18:54:31 +0900] "POST /CUKBM1/BoardWriter HTTP/1.1" 302 -
10.2.0.136 - - [10/Jun/2019:18:54:31 +0900] "GET /CUKBM1/Board?SUBJECT=soccer&TEAM=0 HTTP/1.1" 200 6228
1.224.175.45 - - [10/Jun/2019:18:54:31 +0900] "GET /CUKBM1/Board?SUBJECT=soccer&TEAM=1 HTTP/1.1" 200 4730
1.224.175.17 - - [10/Jun/2019:18:54:32 +0900] "GET /CUKBM1/BoardItem?SEQ_NO=28&SUBJECT=soccer HTTP/1.1" 200 3007
1.224.175.35 - - [10/Jun/2019:18:54:32 +0900] "GET /CUKBM1/msgDelete?msgno=22 HTTP/1.1" 302 -
1.224.175.35 - - [10/Jun/2019:18:54:32 +0900] "GET /CUKBM1/msgReceive HTTP/1.1" 200 2474
1.224.175.16 - - [10/Jun/2019:18:54:32 +0900] "GET /CUKBM1/Board?SUBJECT=soccer&TEAM=0 HTTP/1.1" 200 6228
1.224.175.16 - - [10/Jun/2019:18:54:32 +0900] "GET /CUKBM1/css/boardlistview.css HTTP/1.1" 304 -
1.224.175.16 - - [10/Jun/2019:18:54:32 +0900] "GET /CUKBM1/img/icon/bell.png HTTP/1.1" 304 -
1.224.175.17 - - [10/Jun/2019:18:54:32 +0900] "GET /CUKBM1/BoardItem?SEQ_NO=28&SUBJECT=soccer HTTP/1.1" 200 3007
1.224.175.32 - - [10/Jun/2019:18:54:32 +0900] "GET /CUKBM1/Board?SUBJECT=soccer&TEAM=1 HTTP/1.1" 200 4730
1.224.175.16 - - [10/Jun/2019:18:54:33 +0900] "GET /CUKBM1/img/front/pic6_1.jpg HTTP/1.1" 304 -
1.224.175.17 - - [10/Jun/2019:18:54:33 +0900] "GET /CUKBM1/BoardItem?SEQ_NO=28&SUBJECT=soccer HTTP/1.1" 200 3007
1.224.175.17 - - [10/Jun/2019:18:54:33 +0900] "GET /CUKBM1/BoardItem?SEQ_NO=28&SUBJECT=soccer HTTP/1.1" 200 3007
1.224.175.17 - - [10/Jun/2019:18:54:33 +0900] "GET /CUKBM1/BoardItem?SEQ_NO=28&SUBJECT=soccer HTTP/1.1" 200 3007
1.224.175.52 - - [10/Jun/2019:18:54:33 +0900] "GET /CUKBM1/Board?SUBJECT=soccer&TEAM=1 HTTP/1.1" 200 4730
1.224.175.16 - - [10/Jun/2019:18:54:33 +0900] "GET /CUKBM1/Board?SUBJECT=soccer&TEAM=0 HTTP/1.1" 200 6228
1.224.175.16 - - [10/Jun/2019:18:54:33 +0900] "GET /CUKBM1/img/icon/bell.png HTTP/1.1" 304 -
1.224.175.16 - - [10/Jun/2019:18:54:33 +0900] "GET /CUKBM1/css/boardlistview.css HTTP/1.1" 304 -
1.224.175.16 - - [10/Jun/2019:18:54:33 +0900] "GET /CUKBM1/img/front/pic6_1.jpg HTTP/1.1" 304 -
1.224.175.17 - - [10/Jun/2019:18:54:33 +0900] "GET /CUKBM1/BoardItem?SEQ_NO=28&SUBJECT=soccer HTTP/1.1" 200 3007
1.224.175.50 - - [10/Jun/2019:18:54:34 +0900] "GET /CUKBM1/Board?SUBJECT=soccer&TEAM=0 HTTP/1.1" 200 6228
1.224.175.50 - - [10/Jun/2019:18:54:34 +0900] "GET /CUKBM1/css/boardlistview.css HTTP/1.1" 304 -
1.224.175.50 - - [10/Jun/2019:18:54:34 +0900] "GET /CUKBM1/img/icon/bell.png HTTP/1.1" 304 -
1.224.175.17 - - [10/Jun/2019:18:54:34 +0900] "GET /CUKBM1/BoardItem?SEQ_NO=28&SUBJECT=soccer HTTP/1.1" 200 3007
1.224.175.16 - - [10/Jun/2019:18:54:34 +0900] "GET /CUKBM1/Board?SUBJECT=soccer&TEAM=0 HTTP/1.1" 200 6228
1.224.175.16 - - [10/Jun/2019:18:54:34 +0900] "GET /CUKBM1/css/boardlistview.css HTTP/1.1" 304 -
1.224.175.16 - - [10/Jun/2019:18:54:34 +0900] "GET /CUKBM1/img/icon/bell.png HTTP/1.1" 304 -
1.224.175.50 - - [10/Jun/2019:18:54:34 +0900] "GET /CUKBM1/img/front/pic6_1.jpg HTTP/1.1" 304 -
1.224.175.16 - - [10/Jun/2019:18:54:34 +0900] "GET /CUKBM1/img/front/pic6_1.jpg HTTP/1.1" 304 -
1.224.175.17 - - [10/Jun/2019:18:54:34 +0900] "GET /CUKBM1/BoardItem?SEQ_NO=28&SUBJECT=soccer HTTP/1.1" 200 3007
10.2.0.216 - - [10/Jun/2019:18:54:34 +0900] "GET /CUKBM1/logout HTTP/1.1" 302 -
10.2.0.216 - - [10/Jun/2019:18:54:34 +0900] "GET /CUKBM1/CUKBM_FrontPage.jsp HTTP/1.1" 200 3944
1.224.175.17 - - [10/Jun/2019:18:54:34 +0900] "GET /CUKBM1/BoardItem?SEQ_NO=28&SUBJECT=soccer HTTP/1.1" 200 3007
1.224.175.20 - - [10/Jun/2019:18:54:34 +0900] "GET /CUKBM1/CUKBM_FrontPage.jsp HTTP/1.1" 200 4015
1.224.175.36 - - [10/Jun/2019:18:54:34 +0900] "GET /CUKBM1/Board?SUBJECT=esports&TEAM=1 HTTP/1.1" 200 2925
1.224.175.16 - - [10/Jun/2019:18:54:34 +0900] "GET /CUKBM1/Board?SUBJECT=soccer&TEAM=0 HTTP/1.1" 200 6228
1.224.175.16 - - [10/Jun/2019:18:54:34 +0900] "GET /CUKBM1/img/icon/bell.png HTTP/1.1" 304 -
1.224.175.16 - - [10/Jun/2019:18:54:34 +0900] "GET /CUKBM1/css/boardlistview.css HTTP/1.1" 304 -
10.2.0.136 - - [10/Jun/2019:18:54:34 +0900] "GET /CUKBM1/BoardItem?SEQ_NO=11&SUBJECT=soccer HTTP/1.1" 200 3322
1.224.175.16 - - [10/Jun/2019:18:54:34 +0900] "GET /CUKBM1/img/front/pic6_1.jpg HTTP/1.1" 304 -
1.224.175.17 - - [10/Jun/2019:18:54:34 +0900] "GET /CUKBM1/BoardItem?SEQ_NO=28&SUBJECT=soccer HTTP/1.1" 200 3007
1.224.175.17 - - [10/Jun/2019:18:54:35 +0900] "GET /CUKBM1/BoardItem?SEQ_NO=28&SUBJECT=soccer HTTP/1.1" 200 3007
1.224.175.33 - - [10/Jun/2019:18:54:35 +0900] "GET /CUKBM1/CUKBM_FrontPage.jsp HTTP/1.1" 200 4015
1.224.175.48 - - [10/Jun/2019:18:54:35 +0900] "GET /CUKBM1/Board?SUBJECT=soccer&TEAM=1 HTTP/1.1" 200 4730
1.224.175.28 - - [10/Jun/2019:18:54:35 +0900] "GET /CUKBM1/myPage HTTP/1.1" 200 1837
10.2.0.130 - - [10/Jun/2019:18:54:36 +0900] "GET /CUKBM1/Board?SUBJECT=soccer&TEAM=1 HTTP/1.1" 200 4730
1.224.175.36 - - [10/Jun/2019:18:54:36 +0900] "GET /CUKBM1/BoardItem?SEQ_NO=8&SUBJECT=esports HTTP/1.1" 200 3240
1.224.175.32 - - [10/Jun/2019:18:54:36 +0900] "GET /CUKBM1/BoardItem?SEQ_NO=28&SUBJECT=soccer HTTP/1.1" 200 3013
1.224.175.28 - - [10/Jun/2019:18:54:37 +0900] "GET /CUKBM1/myPage HTTP/1.1" 200 1837
1.224.175.45 - - [10/Jun/2019:18:54:37 +0900] "GET /CUKBM1/logout HTTP/1.1" 302 -
1.224.175.45 - - [10/Jun/2019:18:54:37 +0900] "GET /CUKBM1/CUKBM_FrontPage.jsp HTTP/1.1" 200 3944
1.224.175.50 - - [10/Jun/2019:18:54:37 +0900] "GET /CUKBM1/BoardInputForm.jsp HTTP/1.1" 200 3526
1.224.175.28 - - [10/Jun/2019:18:54:37 +0900] "GET /CUKBM1/CUKBM_FrontPage.jsp HTTP/1.1" 200 4015
10.2.0.130 - - [10/Jun/2019:18:54:38 +0900] "GET /CUKBM1/BoardItem?SEQ_NO=28&SUBJECT=soccer HTTP/1.1" 200 3013
1.224.175.16 - - [10/Jun/2019:18:54:38 +0900] "GET /CUKBM1/Board?SUBJECT=soccer&TEAM=0 HTTP/1.1" 200 6228
1.224.175.16 - - [10/Jun/2019:18:54:38 +0900] "GET /CUKBM1/css/boardlistview.css HTTP/1.1" 304 -
1.224.175.16 - - [10/Jun/2019:18:54:38 +0900] "GET /CUKBM1/img/icon/bell.png HTTP/1.1" 304 -
1.224.175.33 - - [10/Jun/2019:18:54:38 +0900] "GET /CUKBM1/Board?SUBJECT=soccer&TEAM=1 HTTP/1.1" 200 4730
1.224.175.16 - - [10/Jun/2019:18:54:38 +0900] "GET /CUKBM1/img/front/pic6_1.jpg HTTP/1.1" 304 -
1.224.175.36 - - [10/Jun/2019:18:54:38 +0900] "GET /CUKBM1/memberPage?id=sky HTTP/1.1" 200 1249
10.2.0.136 - - [10/Jun/2019:18:54:38 +0900] "GET /CUKBM1/like?seqno=11 HTTP/1.1" 302 -
1.224.175.36 - - [10/Jun/2019:18:54:38 +0900] "GET /CUKBM1/css/memberpage.css HTTP/1.1" 200 2527
1.224.175.17 - - [10/Jun/2019:18:54:38 +0900] "GET /CUKBM1/BoardItem?SEQ_NO=28&SUBJECT=soccer HTTP/1.1" 200 3007
10.2.0.136 - - [10/Jun/2019:18:54:38 +0900] "GET /CUKBM1/LikeResult.jsp HTTP/1.1" 200 417
1.224.175.10 - - [10/Jun/2019:18:54:38 +0900] "GET /CUKBM1/orderedBoard?SUBJECT=soccer&TEAM=0 HTTP/1.1" 200 5392
1.224.175.16 - - [10/Jun/2019:18:54:38 +0900] "GET /CUKBM1/Board?SUBJECT=soccer&TEAM=0 HTTP/1.1" 200 6228
1.224.175.16 - - [10/Jun/2019:18:54:38 +0900] "GET /CUKBM1/img/icon/bell.png HTTP/1.1" 304 -
1.224.175.16 - - [10/Jun/2019:18:54:38 +0900] "GET /CUKBM1/css/boardlistview.css HTTP/1.1" 304 -
1.224.175.16 - - [10/Jun/2019:18:54:38 +0900] "GET /CUKBM1/img/front/pic6_1.jpg HTTP/1.1" 304 -
1.224.175.16 - - [10/Jun/2019:18:54:38 +0900] "GET /CUKBM1/Board?SUBJECT=soccer&TEAM=0 HTTP/1.1" 200 6228
1.224.175.32 - - [10/Jun/2019:18:54:38 +0900] "POST /CUKBM1/Attend?seqno=28 HTTP/1.1" 302 -
1.224.175.16 - - [10/Jun/2019:18:54:38 +0900] "GET /CUKBM1/css/boardlistview.css HTTP/1.1" 304 -
1.224.175.16 - - [10/Jun/2019:18:54:38 +0900] "GET /CUKBM1/img/icon/bell.png HTTP/1.1" 304 -
1.224.175.32 - - [10/Jun/2019:18:54:38 +0900] "GET /CUKBM1/attendResult.jsp?result=1 HTTP/1.1" 200 2014
1.224.175.17 - - [10/Jun/2019:18:54:38 +0900] "GET /CUKBM1/BoardItem?SEQ_NO=28&SUBJECT=soccer HTTP/1.1" 200 3343
1.224.175.29 - - [10/Jun/2019:18:54:38 +0900] "GET /CUKBM1/Board?SUBJECT=soccer&TEAM=0 HTTP/1.1" 200 6228
1.224.175.16 - - [10/Jun/2019:18:54:38 +0900] "GET /CUKBM1/img/front/pic6_1.jpg HTTP/1.1" 304 -
10.2.0.216 - - [10/Jun/2019:18:54:39 +0900] "GET /CUKBM1/Agreement.jsp HTTP/1.1" 200 2576
10.2.1.255 - - [10/Jun/2019:18:54:39 +0900] "GET /CUKBM1/Login.jsp HTTP/1.1" 200 924
10.2.1.255 - - [10/Jun/2019:18:54:39 +0900] "GET /CUKBM1/css/login.css HTTP/1.1" 200 2679
1.224.175.17 - - [10/Jun/2019:18:54:39 +0900] "GET /CUKBM1/BoardItem?SEQ_NO=28&SUBJECT=soccer HTTP/1.1" 200 3343
1.224.175.10 - - [10/Jun/2019:18:54:40 +0900] "GET /CUKBM1/Board?SUBJECT=soccer&TEAM=0 HTTP/1.1" 200 6228
1.224.175.17 - - [10/Jun/2019:18:54:40 +0900] "GET /CUKBM1/BoardItem?SEQ_NO=28&SUBJECT=soccer HTTP/1.1" 200 3343
1.224.175.33 - - [10/Jun/2019:18:54:40 +0900] "GET /CUKBM1/BoardItem?SEQ_NO=22&SUBJECT=soccer HTTP/1.1" 200 3001
1.224.175.20 - - [10/Jun/2019:18:54:40 +0900] "GET /CUKBM1/Board?SUBJECT=soccer&TEAM=1 HTTP/1.1" 200 4730
1.224.175.32 - - [10/Jun/2019:18:54:40 +0900] "GET /CUKBM1/Board?SUBJECT=basketball&TEAM=1 HTTP/1.1" 200 2628
1.224.175.10 - - [10/Jun/2019:18:54:41 +0900] "GET /CUKBM1/Board?SUBJECT=soccer&TEAM=0 HTTP/1.1" 200 6228
10.2.0.130 - - [10/Jun/2019:18:54:41 +0900] "POST /CUKBM1/Attend?seqno=28 HTTP/1.1" 302 -
10.2.0.130 - - [10/Jun/2019:18:54:41 +0900] "GET /CUKBM1/attendResult.jsp?result=1 HTTP/1.1" 200 2014
10.2.0.130 - - [10/Jun/2019:18:54:41 +0900] "GET /CUKBM1/css/attendresult.css HTTP/1.1" 200 1967
1.224.175.16 - - [10/Jun/2019:18:54:41 +0900] "GET /CUKBM1/BoardItem?SEQ_NO=14&SUBJECT=soccer HTTP/1.1" 200 3336
10.2.0.216 - - [10/Jun/2019:18:54:41 +0900] "POST /CUKBM1/SignUp.jsp HTTP/1.1" 200 4958
1.224.175.45 - - [10/Jun/2019:18:54:42 +0900] "GET /CUKBM1/logout HTTP/1.1" 302 -
1.224.175.45 - - [10/Jun/2019:18:54:42 +0900] "GET /CUKBM1/CUKBM_FrontPage.jsp HTTP/1.1" 200 3944
1.224.175.20 - - [10/Jun/2019:18:54:42 +0900] "GET /CUKBM1/BoardItem?SEQ_NO=29&SUBJECT=soccer HTTP/1.1" 200 2994
1.224.175.32 - - [10/Jun/2019:18:54:43 +0900] "GET /CUKBM1/Board?SUBJECT=basketball&TEAM=1 HTTP/1.1" 200 2628
1.224.175.36 - - [10/Jun/2019:18:54:43 +0900] "GET /CUKBM1/CUKBM_FrontPage.jsp HTTP/1.1" 200 4015
1.224.175.32 - - [10/Jun/2019:18:54:43 +0900] "GET /CUKBM1/Board?SUBJECT=soccer&TEAM=1 HTTP/1.1" 200 4730
10.2.0.136 - - [10/Jun/2019:18:54:43 +0900] "GET /CUKBM1/block?seqno=11 HTTP/1.1" 302 -
10.2.0.136 - - [10/Jun/2019:18:54:43 +0900] "GET /CUKBM1/block.jsp?RESULT=1 HTTP/1.1" 200 2055
10.2.0.136 - - [10/Jun/2019:18:54:43 +0900] "GET /CUKBM1/css/block.css HTTP/1.1" 200 2012
10.2.0.130 - - [10/Jun/2019:18:54:43 +0900] "GET /CUKBM1/Board?SUBJECT=soccer&TEAM=1 HTTP/1.1" 200 4730
1.224.175.20 - - [10/Jun/2019:18:54:44 +0900] "POST /CUKBM1/Attend?seqno=29 HTTP/1.1" 302 -
1.224.175.20 - - [10/Jun/2019:18:54:44 +0900] "GET /CUKBM1/attendResult.jsp?result=1 HTTP/1.1" 200 2014
1.224.175.17 - - [10/Jun/2019:18:54:44 +0900] "GET /CUKBM1/forcedExit?ID=hansong&seqno=28 HTTP/1.1" 302 -
1.224.175.17 - - [10/Jun/2019:18:54:44 +0900] "GET /CUKBM1/ForcedExitResult.jsp?result=1 HTTP/1.1" 200 1991
1.224.175.17 - - [10/Jun/2019:18:54:44 +0900] "GET /CUKBM1/css/forcedexitresult.css HTTP/1.1" 200 2007
1.224.175.33 - - [10/Jun/2019:18:54:45 +0900] "GET /CUKBM1/BoardItem?SEQ_NO=10&SUBJECT=soccer HTTP/1.1" 200 2997
1.224.175.10 - - [10/Jun/2019:18:54:45 +0900] "GET /CUKBM1/Board?SUBJECT=basketball&TEAM=0 HTTP/1.1" 200 2940
1.224.175.20 - - [10/Jun/2019:18:54:45 +0900] "GET /CUKBM1/Board?SUBJECT=soccer&TEAM=1 HTTP/1.1" 200 4730
10.2.0.130 - - [10/Jun/2019:18:54:46 +0900] "GET /CUKBM1/BoardItem?SEQ_NO=28&SUBJECT=soccer HTTP/1.1" 200 3263
1.224.175.16 - - [10/Jun/2019:18:54:46 +0900] "GET /CUKBM1/Board?SUBJECT=soccer&TEAM=0 HTTP/1.1" 200 6228
1.224.175.33 - - [10/Jun/2019:18:54:47 +0900] "GET /CUKBM1/block?seqno=10 HTTP/1.1" 302 -
1.224.175.33 - - [10/Jun/2019:18:54:47 +0900] "GET /CUKBM1/block.jsp?RESULT=1 HTTP/1.1" 200 2055
1.224.175.33 - - [10/Jun/2019:18:54:47 +0900] "GET /CUKBM1/css/block.css HTTP/1.1" 200 2012
10.2.0.136 - - [10/Jun/2019:18:54:47 +0900] "GET /CUKBM1/logout HTTP/1.1" 302 -
10.2.0.136 - - [10/Jun/2019:18:54:47 +0900] "GET /CUKBM1/CUKBM_FrontPage.jsp HTTP/1.1" 200 3944
1.224.175.10 - - [10/Jun/2019:18:54:47 +0900] "GET /CUKBM1/Board?SUBJECT=tabletennis&TEAM=0 HTTP/1.1" 200 3236
1.224.175.17 - - [10/Jun/2019:18:54:48 +0900] "GET /CUKBM1/BoardItem?SEQ_NO=28&SUBJECT=soccer HTTP/1.1" 200 3334
1.224.175.45 - - [10/Jun/2019:18:54:48 +0900] "GET /CUKBM1/logout HTTP/1.1" 302 -
1.224.175.45 - - [10/Jun/2019:18:54:48 +0900] "GET /CUKBM1/CUKBM_FrontPage.jsp HTTP/1.1" 200 3944
1.224.175.10 - - [10/Jun/2019:18:54:48 +0900] "GET /CUKBM1/Board?SUBJECT=esports&TEAM=0 HTTP/1.1" 200 2615
10.2.0.130 - - [10/Jun/2019:18:54:48 +0900] "GET /CUKBM1/Board?SUBJECT=soccer&TEAM=1 HTTP/1.1" 200 4730
1.224.175.17 - - [10/Jun/2019:18:54:48 +0900] "GET /CUKBM1/BoardItem?SEQ_NO=28&SUBJECT=soccer HTTP/1.1" 200 3334
1.224.175.36 - - [10/Jun/2019:18:54:49 +0900] "GET /CUKBM1/freeBoard?SUBJECT=free HTTP/1.1" 200 3808
1.224.175.10 - - [10/Jun/2019:18:54:49 +0900] "GET /CUKBM1/Board?SUBJECT=badminton&TEAM=0 HTTP/1.1" 200 2621
1.224.175.16 - - [10/Jun/2019:18:54:49 +0900] "GET /CUKBM1/Board?SUBJECT=soccer&TEAM=1 HTTP/1.1" 200 4730
1.224.175.10 - - [10/Jun/2019:18:54:50 +0900] "GET /CUKBM1/Board?SUBJECT=soccer&TEAM=0 HTTP/1.1" 200 6228
1.224.175.51 - - [10/Jun/2019:18:54:50 +0900] "GET /CUKBM1/myPage HTTP/1.1" 200 1551
1.224.175.51 - - [10/Jun/2019:18:54:50 +0900] "GET /CUKBM1/css/mypage.css HTTP/1.1" 200 3367
10.2.0.136 - - [10/Jun/2019:18:54:50 +0900] "GET /CUKBM1/Login.jsp HTTP/1.1" 200 924
1.224.175.36 - - [10/Jun/2019:18:54:51 +0900] "GET /CUKBM1/Board?SUBJECT=soccer&TEAM=0 HTTP/1.1" 200 6228
1.224.175.17 - - [10/Jun/2019:18:54:52 +0900] "GET /CUKBM1/forcedExit?ID=park&seqno=28 HTTP/1.1" 302 -
1.224.175.17 - - [10/Jun/2019:18:54:52 +0900] "GET /CUKBM1/ForcedExitResult.jsp?result=1 HTTP/1.1" 200 1991
1.224.175.16 - - [10/Jun/2019:18:54:52 +0900] "GET /CUKBM1/BoardItem?SEQ_NO=29&SUBJECT=soccer HTTP/1.1" 200 3246
1.224.175.50 - - [10/Jun/2019:18:54:53 +0900] "GET /CUKBM1/Board?SUBJECT=soccer&TEAM=1 HTTP/1.1" 200 4730
1.224.175.20 - - [10/Jun/2019:18:54:53 +0900] "GET /CUKBM1/Board?SUBJECT=soccer&TEAM=0 HTTP/1.1" 200 6228
10.2.0.136 - - [10/Jun/2019:18:54:53 +0900] "POST /CUKBM1/login HTTP/1.1" 302 -
10.2.0.136 - - [10/Jun/2019:18:54:53 +0900] "GET /CUKBM1/LoginResult.jsp?LOGIN_RESULT=SUCCESS HTTP/1.1" 200 1050
10.2.0.130 - - [10/Jun/2019:18:54:54 +0900] "GET /CUKBM1/msgReceive HTTP/1.1" 200 2321
1.224.175.17 - - [10/Jun/2019:18:54:54 +0900] "GET /CUKBM1/BoardItem?SEQ_NO=28&SUBJECT=soccer HTTP/1.1" 200 3007
1.224.175.50 - - [10/Jun/2019:18:54:54 +0900] "GET /CUKBM1/BoardInputFormTeam.jsp HTTP/1.1" 200 3541
1.224.175.50 - - [10/Jun/2019:18:54:54 +0900] "GET /CUKBM1/css/boardinputformteam.css HTTP/1.1" 200 2412
1.224.175.36 - - [10/Jun/2019:18:54:54 +0900] "GET /CUKBM1/BoardItem?SEQ_NO=25&SUBJECT=soccer HTTP/1.1" 200 3238
1.224.175.17 - - [10/Jun/2019:18:54:55 +0900] "GET /CUKBM1/msgReceive HTTP/1.1" 200 2760
10.2.0.136 - - [10/Jun/2019:18:54:56 +0900] "GET /CUKBM1/myPage HTTP/1.1" 200 1821
1.224.175.16 - - [10/Jun/2019:18:54:56 +0900] "POST /CUKBM1/Attend?seqno=29 HTTP/1.1" 200 2072
1.224.175.16 - - [10/Jun/2019:18:54:56 +0900] "GET /CUKBM1/css/attendresult.css HTTP/1.1" 200 1967
1.224.175.32 - - [10/Jun/2019:18:54:57 +0900] "GET /CUKBM1/msgReceive HTTP/1.1" 200 2773
1.224.175.32 - - [10/Jun/2019:18:54:57 +0900] "GET /CUKBM1/css/msgview.css HTTP/1.1" 200 2494
10.2.0.216 - - [10/Jun/2019:18:54:57 +0900] "GET /CUKBM1/CUKBM_FrontPage.jsp HTTP/1.1" 200 3944
1.224.175.20 - - [10/Jun/2019:18:54:58 +0900] "GET /CUKBM1/msgReceive HTTP/1.1" 200 2104
1.224.175.20 - - [10/Jun/2019:18:54:58 +0900] "GET /CUKBM1/css/msgview.css HTTP/1.1" 200 2494
1.224.175.10 - - [10/Jun/2019:18:54:58 +0900] "GET /CUKBM1/CUKBM_FrontPage.jsp HTTP/1.1" 200 4015
1.224.175.36 - - [10/Jun/2019:18:54:58 +0900] "GET /CUKBM1/memberPage?id=aaa HTTP/1.1" 200 1229
10.2.0.130 - - [10/Jun/2019:18:54:59 +0900] "GET /CUKBM1/Board?SUBJECT=soccer&TEAM=1 HTTP/1.1" 200 4730
10.2.0.216 - - [10/Jun/2019:18:54:59 +0900] "GET /CUKBM1/Login.jsp HTTP/1.1" 200 924
1.224.175.16 - - [10/Jun/2019:18:54:59 +0900] "GET /CUKBM1/Board?SUBJECT=soccer&TEAM=1 HTTP/1.1" 200 4730
1.224.175.33 - - [10/Jun/2019:18:55:00 +0900] "GET /CUKBM1/msgReceive HTTP/1.1" 200 3235
