1.224.175.49 - - [10/Jun/2019:18:51:12 +0900] "GET /CUKBM1/myPage HTTP/1.1" 200 1551
1.224.175.49 - - [10/Jun/2019:18:51:12 +0900] "GET /CUKBM1/css/mypage.css HTTP/1.1" 200 3367
1.224.175.45 - - [10/Jun/2019:18:51:12 +0900] "GET /CUKBM1/like?seqno=3 HTTP/1.1" 302 -
1.224.175.45 - - [10/Jun/2019:18:51:12 +0900] "GET /CUKBM1/LikeResult.jsp HTTP/1.1" 200 417
1.224.175.35 - - [10/Jun/2019:18:51:12 +0900] "GET /CUKBM1/myPage HTTP/1.1" 200 1538
1.224.175.28 - - [10/Jun/2019:18:51:12 +0900] "GET /CUKBM1/msgReceive HTTP/1.1" 200 2104
1.224.175.35 - - [10/Jun/2019:18:51:12 +0900] "GET /CUKBM1/myPage HTTP/1.1" 200 1538
1.224.175.28 - - [10/Jun/2019:18:51:12 +0900] "GET /CUKBM1/css/msgview.css HTTP/1.1" 200 2494
1.224.175.50 - - [10/Jun/2019:18:51:12 +0900] "GET /CUKBM1/BoardItem?SEQ_NO=3&SUBJECT=soccer HTTP/1.1" 200 3010
1.224.175.35 - - [10/Jun/2019:18:51:12 +0900] "GET /CUKBM1/myPage HTTP/1.1" 200 1538
1.224.175.35 - - [10/Jun/2019:18:51:13 +0900] "GET /CUKBM1/myPage HTTP/1.1" 200 1538
1.224.175.20 - - [10/Jun/2019:18:51:13 +0900] "GET /CUKBM1/Board?SUBJECT=soccer&TEAM=1 HTTP/1.1" 200 2928
1.224.175.20 - - [10/Jun/2019:18:51:13 +0900] "GET /CUKBM1/img/icon/bell.png HTTP/1.1" 304 -
1.224.175.20 - - [10/Jun/2019:18:51:13 +0900] "GET /CUKBM1/css/boardlistview.css HTTP/1.1" 304 -
1.224.175.20 - - [10/Jun/2019:18:51:13 +0900] "GET /CUKBM1/img/front/pic6_1.jpg HTTP/1.1" 304 -
1.224.175.50 - - [10/Jun/2019:18:51:14 +0900] "POST /CUKBM1/Attend?seqno=3 HTTP/1.1" 302 -
1.224.175.50 - - [10/Jun/2019:18:51:14 +0900] "GET /CUKBM1/attendResult.jsp?result=1 HTTP/1.1" 200 2014
1.224.175.50 - - [10/Jun/2019:18:51:14 +0900] "GET /CUKBM1/css/attendresult.css HTTP/1.1" 200 1967
1.224.175.45 - - [10/Jun/2019:18:51:14 +0900] "GET /CUKBM1/BoardItem?SEQ_NO=3&SUBJECT=soccer HTTP/1.1" 200 3327
1.224.175.45 - - [10/Jun/2019:18:51:14 +0900] "GET /CUKBM1/img/icon/bell.png HTTP/1.1" 304 -
1.224.175.45 - - [10/Jun/2019:18:51:14 +0900] "GET /CUKBM1/css/boarditemview.css HTTP/1.1" 304 -
1.224.175.45 - - [10/Jun/2019:18:51:14 +0900] "GET /CUKBM1/img/icon/man8.jpg HTTP/1.1" 304 -
1.224.175.20 - - [10/Jun/2019:18:51:14 +0900] "GET /CUKBM1/BoardInputFormTeam.jsp HTTP/1.1" 200 3542
1.224.175.20 - - [10/Jun/2019:18:51:14 +0900] "GET /CUKBM1/css/boardinputformteam.css HTTP/1.1" 200 2412
1.224.175.45 - - [10/Jun/2019:18:51:14 +0900] "GET /CUKBM1/img/front/pic6_1.jpg HTTP/1.1" 304 -
10.2.0.216 - - [10/Jun/2019:18:51:14 +0900] "GET /CUKBM1/Board?SUBJECT=soccer&TEAM=0 HTTP/1.1" 200 3146
1.224.175.35 - - [10/Jun/2019:18:51:14 +0900] "GET /CUKBM1/myPage HTTP/1.1" 200 1538
1.224.175.50 - - [10/Jun/2019:18:51:15 +0900] "GET /CUKBM1/attendResult.jsp?result=1 HTTP/1.1" 200 2014
1.224.175.50 - - [10/Jun/2019:18:51:15 +0900] "GET /CUKBM1/css/attendresult.css HTTP/1.1" 304 -
1.224.175.50 - - [10/Jun/2019:18:51:15 +0900] "GET /CUKBM1/img/icon/bell.png HTTP/1.1" 304 -
1.224.175.45 - - [10/Jun/2019:18:51:15 +0900] "GET /CUKBM1/block?seqno=3 HTTP/1.1" 302 -
1.224.175.45 - - [10/Jun/2019:18:51:15 +0900] "GET /CUKBM1/block.jsp?RESULT=1 HTTP/1.1" 200 2055
1.224.175.45 - - [10/Jun/2019:18:51:15 +0900] "GET /CUKBM1/css/block.css HTTP/1.1" 200 2012
1.224.175.50 - - [10/Jun/2019:18:51:15 +0900] "GET /CUKBM1/img/front/pic6_1.jpg HTTP/1.1" 304 -
1.224.175.48 - - [10/Jun/2019:18:51:15 +0900] "GET /CUKBM1/img/front/nba.jpg HTTP/1.1" 200 126367
1.224.175.32 - - [10/Jun/2019:18:51:16 +0900] "POST /CUKBM1/login HTTP/1.1" 302 -
1.224.175.35 - - [10/Jun/2019:18:51:16 +0900] "GET /CUKBM1/myPage HTTP/1.1" 200 1538
1.224.175.32 - - [10/Jun/2019:18:51:16 +0900] "GET /CUKBM1/LoginResult.jsp?LOGIN_RESULT=SUCCESS HTTP/1.1" 200 1056
1.224.175.28 - - [10/Jun/2019:18:51:16 +0900] "GET /CUKBM1/myPage HTTP/1.1" 200 1543
1.224.175.32 - - [10/Jun/2019:18:51:16 +0900] "GET /CUKBM1/css/loginresult.css HTTP/1.1" 200 3276
1.224.175.32 - - [10/Jun/2019:18:51:16 +0900] "GET /CUKBM1/img/icon/bell.png HTTP/1.1" 200 10920
1.224.175.35 - - [10/Jun/2019:18:51:16 +0900] "GET /CUKBM1/myPage HTTP/1.1" 200 1538
10.2.0.216 - - [10/Jun/2019:18:51:17 +0900] "GET /CUKBM1/Board?SUBJECT=soccer&TEAM=1 HTTP/1.1" 200 2840
1.224.175.35 - - [10/Jun/2019:18:51:18 +0900] "GET /CUKBM1/myPage HTTP/1.1" 200 1538
10.2.0.216 - - [10/Jun/2019:18:51:18 +0900] "GET /CUKBM1/Board?SUBJECT=soccer&TEAM=0 HTTP/1.1" 200 3146
1.224.175.50 - - [10/Jun/2019:18:51:18 +0900] "GET /CUKBM1/like?seqno=3 HTTP/1.1" 302 -
1.224.175.50 - - [10/Jun/2019:18:51:18 +0900] "GET /CUKBM1/LikeResult.jsp HTTP/1.1" 200 417
10.2.0.216 - - [10/Jun/2019:18:51:18 +0900] "GET /CUKBM1/Board?SUBJECT=tabletennis&TEAM=0 HTTP/1.1" 200 2550
1.224.175.35 - - [10/Jun/2019:18:51:18 +0900] "GET /CUKBM1/myPage HTTP/1.1" 200 1538
1.224.175.48 - - [10/Jun/2019:18:51:18 +0900] "GET /CUKBM1/Board?SUBJECT=soccer&TEAM=1 HTTP/1.1" 200 2928
1.224.175.48 - - [10/Jun/2019:18:51:18 +0900] "GET /CUKBM1/css/boardlistview.css HTTP/1.1" 200 2844
1.224.175.35 - - [10/Jun/2019:18:51:19 +0900] "GET /CUKBM1/myPage HTTP/1.1" 200 1538
1.224.175.32 - - [10/Jun/2019:18:51:19 +0900] "GET /CUKBM1/CUKBM_FrontPage.jsp HTTP/1.1" 200 4015
1.224.175.35 - - [10/Jun/2019:18:51:19 +0900] "GET /CUKBM1/myPage HTTP/1.1" 200 1538
1.224.175.35 - - [10/Jun/2019:18:51:19 +0900] "GET /CUKBM1/myPage HTTP/1.1" 200 1538
1.224.175.36 - - [10/Jun/2019:18:51:19 +0900] "POST /CUKBM1/signUp HTTP/1.1" 200 707
1.224.175.36 - - [10/Jun/2019:18:51:19 +0900] "GET /CUKBM1/css/signupresult.css HTTP/1.1" 200 2314
1.224.175.52 - - [10/Jun/2019:18:51:19 +0900] "POST /CUKBM1/BoardWriter HTTP/1.1" 302 -
1.224.175.17 - - [10/Jun/2019:18:51:19 +0900] "GET /CUKBM1/BoardItem?SEQ_NO=4&SUBJECT=soccer HTTP/1.1" 200 3005
1.224.175.35 - - [10/Jun/2019:18:51:19 +0900] "GET /CUKBM1/myPage HTTP/1.1" 200 1538
1.224.175.17 - - [10/Jun/2019:18:51:19 +0900] "GET /CUKBM1/css/boarditemview.css HTTP/1.1" 200 3691
1.224.175.29 - - [10/Jun/2019:18:51:20 +0900] "GET /CUKBM1/Board?SUBJECT=esports&TEAM=1 HTTP/1.1" 200 2619
1.224.175.52 - - [10/Jun/2019:18:51:20 +0900] "GET /CUKBM1/Board?SUBJECT=soccer&TEAM=1 HTTP/1.1" 200 3227
1.224.175.35 - - [10/Jun/2019:18:51:20 +0900] "GET /CUKBM1/myPage HTTP/1.1" 200 1538
1.224.175.35 - - [10/Jun/2019:18:51:20 +0900] "GET /CUKBM1/myPage HTTP/1.1" 200 1538
1.224.175.10 - - [10/Jun/2019:18:51:20 +0900] "POST /CUKBM1/login HTTP/1.1" 302 -
1.224.175.10 - - [10/Jun/2019:18:51:20 +0900] "GET /CUKBM1/LoginResult.jsp?LOGIN_RESULT=FAIL HTTP/1.1" 200 905
1.224.175.10 - - [10/Jun/2019:18:51:20 +0900] "GET /CUKBM1/css/loginresult.css HTTP/1.1" 200 3276
1.224.175.45 - - [10/Jun/2019:18:51:20 +0900] "GET /CUKBM1/myPage HTTP/1.1" 200 2143
1.224.175.50 - - [10/Jun/2019:18:51:20 +0900] "POST /CUKBM1/Attend?seqno=3 HTTP/1.1" 200 2072
1.224.175.35 - - [10/Jun/2019:18:51:20 +0900] "GET /CUKBM1/myPage HTTP/1.1" 200 1538
1.224.175.35 - - [10/Jun/2019:18:51:20 +0900] "GET /CUKBM1/myPage HTTP/1.1" 200 1538
1.224.175.35 - - [10/Jun/2019:18:51:21 +0900] "GET /CUKBM1/myPage HTTP/1.1" 200 1538
10.2.0.216 - - [10/Jun/2019:18:51:21 +0900] "GET /CUKBM1/CUKBM_FrontPage.jsp HTTP/1.1" 200 3944
1.224.175.36 - - [10/Jun/2019:18:51:21 +0900] "GET /CUKBM1/Login.jsp HTTP/1.1" 200 924
1.224.175.35 - - [10/Jun/2019:18:51:21 +0900] "GET /CUKBM1/myPage HTTP/1.1" 200 1538
1.224.175.29 - - [10/Jun/2019:18:51:21 +0900] "GET /CUKBM1/Board?SUBJECT=esports&TEAM=0 HTTP/1.1" 200 2615
1.224.175.35 - - [10/Jun/2019:18:51:21 +0900] "GET /CUKBM1/myPage HTTP/1.1" 200 1538
1.224.175.35 - - [10/Jun/2019:18:51:21 +0900] "GET /CUKBM1/myPage HTTP/1.1" 200 1538
1.224.175.35 - - [10/Jun/2019:18:51:22 +0900] "GET /CUKBM1/myPage HTTP/1.1" 200 1538
1.224.175.29 - - [10/Jun/2019:18:51:22 +0900] "GET /CUKBM1/Board?SUBJECT=esports&TEAM=1 HTTP/1.1" 200 2619
1.224.175.17 - - [10/Jun/2019:18:51:22 +0900] "GET /CUKBM1/like?seqno=4 HTTP/1.1" 302 -
1.224.175.17 - - [10/Jun/2019:18:51:22 +0900] "GET /CUKBM1/LikeResult.jsp HTTP/1.1" 200 417
1.224.175.10 - - [10/Jun/2019:18:51:22 +0900] "GET /CUKBM1/Agreement.jsp HTTP/1.1" 200 2576
1.224.175.35 - - [10/Jun/2019:18:51:22 +0900] "GET /CUKBM1/myPage HTTP/1.1" 200 1538
1.224.175.29 - - [10/Jun/2019:18:51:23 +0900] "GET /CUKBM1/Board?SUBJECT=esports&TEAM=0 HTTP/1.1" 200 2615
1.224.175.35 - - [10/Jun/2019:18:51:23 +0900] "GET /CUKBM1/myPage HTTP/1.1" 200 1538
1.224.175.32 - - [10/Jun/2019:18:51:23 +0900] "GET /CUKBM1/Board?SUBJECT=soccer&TEAM=0 HTTP/1.1" 200 3237
1.224.175.35 - - [10/Jun/2019:18:51:23 +0900] "GET /CUKBM1/myPage HTTP/1.1" 200 1538
1.224.175.35 - - [10/Jun/2019:18:51:23 +0900] "GET /CUKBM1/myPage HTTP/1.1" 200 1538
1.224.175.29 - - [10/Jun/2019:18:51:23 +0900] "GET /CUKBM1/Board?SUBJECT=tabletennis&TEAM=1 HTTP/1.1" 200 2631
1.224.175.35 - - [10/Jun/2019:18:51:24 +0900] "GET /CUKBM1/myPage HTTP/1.1" 200 1538
1.224.175.35 - - [10/Jun/2019:18:51:24 +0900] "GET /CUKBM1/myPage HTTP/1.1" 200 1538
1.224.175.33 - - [10/Jun/2019:18:51:24 +0900] "POST /CUKBM1/signUp HTTP/1.1" 200 707
1.224.175.33 - - [10/Jun/2019:18:51:24 +0900] "GET /CUKBM1/css/signupresult.css HTTP/1.1" 200 2314
1.224.175.50 - - [10/Jun/2019:18:51:24 +0900] "GET /CUKBM1/Board?SUBJECT=basketball&TEAM=0 HTTP/1.1" 200 2624
1.224.175.35 - - [10/Jun/2019:18:51:24 +0900] "GET /CUKBM1/myPage HTTP/1.1" 200 1538
1.224.175.29 - - [10/Jun/2019:18:51:24 +0900] "GET /CUKBM1/Board?SUBJECT=tabletennis&TEAM=0 HTTP/1.1" 200 2627
1.224.175.35 - - [10/Jun/2019:18:51:24 +0900] "GET /CUKBM1/myPage HTTP/1.1" 200 1538
1.224.175.35 - - [10/Jun/2019:18:51:24 +0900] "GET /CUKBM1/myPage HTTP/1.1" 200 1538
10.2.0.216 - - [10/Jun/2019:18:51:24 +0900] "GET /CUKBM1/CUKBM_FrontPage.jsp HTTP/1.1" 200 3944
1.224.175.35 - - [10/Jun/2019:18:51:25 +0900] "GET /CUKBM1/myPage HTTP/1.1" 200 1538
1.224.175.50 - - [10/Jun/2019:18:51:25 +0900] "GET /CUKBM1/Board?SUBJECT=soccer&TEAM=0 HTTP/1.1" 200 3237
1.224.175.48 - - [10/Jun/2019:18:51:25 +0900] "GET /CUKBM1/BoardItem?SEQ_NO=4&SUBJECT=soccer HTTP/1.1" 200 3011
1.224.175.48 - - [10/Jun/2019:18:51:25 +0900] "GET /CUKBM1/css/boarditemview.css HTTP/1.1" 200 3691
1.224.175.35 - - [10/Jun/2019:18:51:25 +0900] "GET /CUKBM1/myPage HTTP/1.1" 200 1538
1.224.175.49 - - [10/Jun/2019:18:51:25 +0900] "GET /CUKBM1/CUKBM_FrontPage.jsp HTTP/1.1" 200 4015
1.224.175.10 - - [10/Jun/2019:18:51:25 +0900] "POST /CUKBM1/SignUp.jsp HTTP/1.1" 200 4958
1.224.175.45 - - [10/Jun/2019:18:51:25 +0900] "GET /CUKBM1/myPage HTTP/1.1" 200 2143
1.224.175.35 - - [10/Jun/2019:18:51:25 +0900] "GET /CUKBM1/myPage HTTP/1.1" 200 1538
1.224.175.36 - - [10/Jun/2019:18:51:25 +0900] "POST /CUKBM1/login HTTP/1.1" 302 -
10.2.0.216 - - [10/Jun/2019:18:51:25 +0900] "GET /CUKBM1/img/front/nba.jpg HTTP/1.1" 200 126367
1.224.175.36 - - [10/Jun/2019:18:51:25 +0900] "GET /CUKBM1/LoginResult.jsp?LOGIN_RESULT=SUCCESS HTTP/1.1" 200 1053
1.224.175.36 - - [10/Jun/2019:18:51:25 +0900] "GET /CUKBM1/css/loginresult.css HTTP/1.1" 200 3276
1.224.175.36 - - [10/Jun/2019:18:51:25 +0900] "GET /CUKBM1/img/icon/bell.png HTTP/1.1" 200 10920
1.224.175.29 - - [10/Jun/2019:18:51:25 +0900] "GET /CUKBM1/Board?SUBJECT=basketball&TEAM=1 HTTP/1.1" 200 2628
1.224.175.33 - - [10/Jun/2019:18:51:26 +0900] "GET /CUKBM1/Login.jsp HTTP/1.1" 200 924
1.224.175.33 - - [10/Jun/2019:18:51:26 +0900] "GET /CUKBM1/css/login.css HTTP/1.1" 200 2679
1.224.175.29 - - [10/Jun/2019:18:51:26 +0900] "GET /CUKBM1/Board?SUBJECT=basketball&TEAM=0 HTTP/1.1" 200 2624
1.224.175.35 - - [10/Jun/2019:18:51:26 +0900] "GET /CUKBM1/myPage HTTP/1.1" 200 1538
1.224.175.50 - - [10/Jun/2019:18:51:26 +0900] "GET /CUKBM1/BoardItem?SEQ_NO=3&SUBJECT=soccer HTTP/1.1" 200 3109
1.224.175.48 - - [10/Jun/2019:18:51:26 +0900] "GET /CUKBM1/like?seqno=4 HTTP/1.1" 302 -
1.224.175.48 - - [10/Jun/2019:18:51:26 +0900] "GET /CUKBM1/LikeResult.jsp HTTP/1.1" 200 417
1.224.175.35 - - [10/Jun/2019:18:51:26 +0900] "GET /CUKBM1/myPage HTTP/1.1" 200 1538
1.224.175.45 - - [10/Jun/2019:18:51:27 +0900] "GET /CUKBM1/CUKBM_FrontPage.jsp HTTP/1.1" 200 4015
10.2.0.216 - - [10/Jun/2019:18:51:27 +0900] "GET /CUKBM1/Board?SUBJECT=soccer&TEAM=1 HTTP/1.1" 200 3132
1.224.175.35 - - [10/Jun/2019:18:51:27 +0900] "GET /CUKBM1/myPage HTTP/1.1" 200 1538
1.224.175.52 - - [10/Jun/2019:18:51:27 +0900] "GET /CUKBM1/BoardItem?SEQ_NO=4&SUBJECT=soccer HTTP/1.1" 200 3011
1.224.175.52 - - [10/Jun/2019:18:51:27 +0900] "GET /CUKBM1/css/boarditemview.css HTTP/1.1" 200 3691
1.224.175.28 - - [10/Jun/2019:18:51:27 +0900] "GET /CUKBM1/CUKBM_FrontPage.jsp HTTP/1.1" 200 4015
1.224.175.35 - - [10/Jun/2019:18:51:27 +0900] "GET /CUKBM1/myPage HTTP/1.1" 200 1538
1.224.175.17 - - [10/Jun/2019:18:51:27 +0900] "GET /CUKBM1/myPage HTTP/1.1" 200 1850
1.224.175.17 - - [10/Jun/2019:18:51:27 +0900] "GET /CUKBM1/css/mypage.css HTTP/1.1" 200 3367
1.224.175.35 - - [10/Jun/2019:18:51:27 +0900] "GET /CUKBM1/myPage HTTP/1.1" 200 1538
1.224.175.35 - - [10/Jun/2019:18:51:28 +0900] "GET /CUKBM1/myPage HTTP/1.1" 200 1538
1.224.175.36 - - [10/Jun/2019:18:51:28 +0900] "GET /CUKBM1/myPage HTTP/1.1" 200 1547
1.224.175.36 - - [10/Jun/2019:18:51:28 +0900] "GET /CUKBM1/css/mypage.css HTTP/1.1" 200 3367
1.224.175.35 - - [10/Jun/2019:18:51:28 +0900] "GET /CUKBM1/myPage HTTP/1.1" 200 1538
1.224.175.49 - - [10/Jun/2019:18:51:29 +0900] "GET /CUKBM1/Board?SUBJECT=soccer&TEAM=0 HTTP/1.1" 200 3237
1.224.175.49 - - [10/Jun/2019:18:51:29 +0900] "GET /CUKBM1/css/boardlistview.css HTTP/1.1" 200 2844
1.224.175.35 - - [10/Jun/2019:18:51:29 +0900] "GET /CUKBM1/CUKBM_FrontPage.jsp HTTP/1.1" 200 4015
10.2.1.153 - - [10/Jun/2019:18:51:30 +0900] "GET /CUKBM1/img/front/liverpool.jpg HTTP/1.1" 200 73835
10.2.0.216 - - [10/Jun/2019:18:51:30 +0900] "GET /CUKBM1/NoAccess.jsp HTTP/1.1" 200 2217
1.224.175.48 - - [10/Jun/2019:18:51:30 +0900] "GET /CUKBM1/Board?SUBJECT=soccer&TEAM=0 HTTP/1.1" 200 3237
1.224.175.20 - - [10/Jun/2019:18:51:30 +0900] "POST /CUKBM1/BoardWriter HTTP/1.1" 500 2115
1.224.175.20 - - [10/Jun/2019:18:51:30 +0900] "GET /CUKBM1/css/attendresult.css HTTP/1.1" 200 1967
1.224.175.49 - - [10/Jun/2019:18:51:31 +0900] "GET /CUKBM1/BoardItem?SEQ_NO=3&SUBJECT=soccer HTTP/1.1" 200 3109
1.224.175.49 - - [10/Jun/2019:18:51:31 +0900] "GET /CUKBM1/css/boarditemview.css HTTP/1.1" 200 3691
1.224.175.32 - - [10/Jun/2019:18:51:31 +0900] "GET /CUKBM1/freeBoard?SUBJECT=free HTTP/1.1" 200 2544
1.224.175.32 - - [10/Jun/2019:18:51:31 +0900] "GET /CUKBM1/css/freelistview.css HTTP/1.1" 200 2877
1.224.175.33 - - [10/Jun/2019:18:51:31 +0900] "POST /CUKBM1/login HTTP/1.1" 302 -
1.224.175.50 - - [10/Jun/2019:18:51:31 +0900] "GET /CUKBM1/memberPage?id=aaa HTTP/1.1" 200 1229
1.224.175.33 - - [10/Jun/2019:18:51:31 +0900] "GET /CUKBM1/LoginResult.jsp?LOGIN_RESULT=SUCCESS HTTP/1.1" 200 1053
1.224.175.50 - - [10/Jun/2019:18:51:31 +0900] "GET /CUKBM1/css/memberpage.css HTTP/1.1" 200 2527
1.224.175.33 - - [10/Jun/2019:18:51:31 +0900] "GET /CUKBM1/css/loginresult.css HTTP/1.1" 200 3276
1.224.175.33 - - [10/Jun/2019:18:51:31 +0900] "GET /CUKBM1/img/icon/bell.png HTTP/1.1" 200 10920
10.2.0.216 - - [10/Jun/2019:18:51:31 +0900] "GET /CUKBM1/Login.jsp HTTP/1.1" 200 924
10.2.0.216 - - [10/Jun/2019:18:51:31 +0900] "GET /CUKBM1/css/login.css HTTP/1.1" 200 2679
10.2.1.153 - - [10/Jun/2019:18:51:32 +0900] "GET /CUKBM1/Board?SUBJECT=soccer&TEAM=0 HTTP/1.1" 200 3146
1.224.175.45 - - [10/Jun/2019:18:51:32 +0900] "GET /CUKBM1/Board?SUBJECT=soccer&TEAM=0 HTTP/1.1" 200 3237
10.2.1.153 - - [10/Jun/2019:18:51:33 +0900] "GET /CUKBM1/css/boardlistview.css HTTP/1.1" 200 2844
1.224.175.32 - - [10/Jun/2019:18:51:33 +0900] "GET /CUKBM1/FreeInputForm.jsp HTTP/1.1" 200 2743
1.224.175.28 - - [10/Jun/2019:18:51:33 +0900] "GET /CUKBM1/Board?SUBJECT=soccer&TEAM=0 HTTP/1.1" 200 3237
1.224.175.28 - - [10/Jun/2019:18:51:33 +0900] "GET /CUKBM1/css/boardlistview.css HTTP/1.1" 200 2844
1.224.175.32 - - [10/Jun/2019:18:51:33 +0900] "GET /CUKBM1/css/freeinputform.css HTTP/1.1" 200 2476
1.224.175.35 - - [10/Jun/2019:18:51:33 +0900] "GET /CUKBM1/Board?SUBJECT=soccer&TEAM=1 HTTP/1.1" 200 3227
1.224.175.50 - - [10/Jun/2019:18:51:33 +0900] "GET /CUKBM1/myPage HTTP/1.1" 200 2110
10.2.0.130 - - [10/Jun/2019:18:51:33 +0900] "POST /CUKBM1/signUp HTTP/1.1" 200 707
1.224.175.16 - - [10/Jun/2019:18:51:33 +0900] "POST /CUKBM1/signUp HTTP/1.1" 200 707
1.224.175.16 - - [10/Jun/2019:18:51:33 +0900] "GET /CUKBM1/css/signupresult.css HTTP/1.1" 200 2314
10.2.0.130 - - [10/Jun/2019:18:51:33 +0900] "GET /CUKBM1/css/signupresult.css HTTP/1.1" 200 2314
10.2.0.216 - - [10/Jun/2019:18:51:34 +0900] "GET /CUKBM1/Agreement.jsp HTTP/1.1" 200 2576
10.2.0.216 - - [10/Jun/2019:18:51:34 +0900] "GET /CUKBM1/css/agreement.css HTTP/1.1" 200 2803
1.224.175.33 - - [10/Jun/2019:18:51:34 +0900] "GET /CUKBM1/myPage HTTP/1.1" 200 1545
1.224.175.33 - - [10/Jun/2019:18:51:34 +0900] "GET /CUKBM1/css/mypage.css HTTP/1.1" 200 3367
1.224.175.50 - - [10/Jun/2019:18:51:34 +0900] "GET /CUKBM1/msgReceive HTTP/1.1" 200 2344
1.224.175.50 - - [10/Jun/2019:18:51:34 +0900] "GET /CUKBM1/css/msgview.css HTTP/1.1" 200 2494
1.224.175.35 - - [10/Jun/2019:18:51:35 +0900] "GET /CUKBM1/BoardItem?SEQ_NO=5&SUBJECT=soccer HTTP/1.1" 200 2997
1.224.175.35 - - [10/Jun/2019:18:51:35 +0900] "GET /CUKBM1/css/boarditemview.css HTTP/1.1" 200 3691
10.2.0.130 - - [10/Jun/2019:18:51:35 +0900] "GET /CUKBM1/Login.jsp HTTP/1.1" 200 924
1.224.175.48 - - [10/Jun/2019:18:51:35 +0900] "GET /CUKBM1/BoardInputForm.jsp HTTP/1.1" 200 3528
1.224.175.48 - - [10/Jun/2019:18:51:35 +0900] "GET /CUKBM1/css/boardinputform.css HTTP/1.1" 200 2455
1.224.175.25 - - [10/Jun/2019:18:51:35 +0900] "POST /CUKBM1/signUp HTTP/1.1" 200 707
1.224.175.45 - - [10/Jun/2019:18:51:35 +0900] "GET /CUKBM1/BoardItem?SEQ_NO=3&SUBJECT=soccer HTTP/1.1" 200 3136
1.224.175.49 - - [10/Jun/2019:18:51:35 +0900] "GET /CUKBM1/Board?SUBJECT=basketball&TEAM=1 HTTP/1.1" 200 2628
1.224.175.25 - - [10/Jun/2019:18:51:35 +0900] "GET /CUKBM1/css/signupresult.css HTTP/1.1" 200 2314
1.224.175.29 - - [10/Jun/2019:18:51:35 +0900] "GET /CUKBM1/Board?SUBJECT=esports&TEAM=0 HTTP/1.1" 200 2615
1.224.175.16 - - [10/Jun/2019:18:51:35 +0900] "GET /CUKBM1/Login.jsp HTTP/1.1" 200 924
1.224.175.16 - - [10/Jun/2019:18:51:35 +0900] "GET /CUKBM1/css/login.css HTTP/1.1" 200 2679
1.224.175.20 - - [10/Jun/2019:18:51:36 +0900] "GET /CUKBM1/Board?SUBJECT=soccer&TEAM=0 HTTP/1.1" 200 3237
10.2.0.136 - - [10/Jun/2019:18:51:36 +0900] "POST /CUKBM1/signUp HTTP/1.1" 200 707
10.2.0.136 - - [10/Jun/2019:18:51:36 +0900] "GET /CUKBM1/css/signupresult.css HTTP/1.1" 200 2314
1.224.175.35 - - [10/Jun/2019:18:51:36 +0900] "GET /CUKBM1/like?seqno=5 HTTP/1.1" 302 -
1.224.175.35 - - [10/Jun/2019:18:51:36 +0900] "GET /CUKBM1/LikeResult.jsp HTTP/1.1" 200 417
1.224.175.25 - - [10/Jun/2019:18:51:36 +0900] "GET /CUKBM1/Login.jsp HTTP/1.1" 200 924
1.224.175.49 - - [10/Jun/2019:18:51:37 +0900] "GET /CUKBM1/Board?SUBJECT=soccer&TEAM=1 HTTP/1.1" 200 3227
10.2.0.216 - - [10/Jun/2019:18:51:37 +0900] "POST /CUKBM1/SignUp.jsp HTTP/1.1" 200 4958
10.2.0.216 - - [10/Jun/2019:18:51:37 +0900] "GET /CUKBM1/css/signup.css HTTP/1.1" 200 3231
10.2.0.216 - - [10/Jun/2019:18:51:37 +0900] "GET /CUKBM1/img/icon/man1.jpg HTTP/1.1" 200 6313
10.2.0.216 - - [10/Jun/2019:18:51:37 +0900] "GET /CUKBM1/img/icon/man2.jpg HTTP/1.1" 200 6439
10.2.0.216 - - [10/Jun/2019:18:51:37 +0900] "GET /CUKBM1/img/icon/man3.jpg HTTP/1.1" 200 5960
10.2.0.216 - - [10/Jun/2019:18:51:37 +0900] "GET /CUKBM1/img/icon/man4.jpg HTTP/1.1" 200 6470
10.2.0.216 - - [10/Jun/2019:18:51:37 +0900] "GET /CUKBM1/img/icon/man5.jpg HTTP/1.1" 200 8297
10.2.0.216 - - [10/Jun/2019:18:51:37 +0900] "GET /CUKBM1/img/icon/man6.jpg HTTP/1.1" 200 6738
10.2.0.216 - - [10/Jun/2019:18:51:37 +0900] "GET /CUKBM1/img/icon/man7.jpg HTTP/1.1" 200 7225
10.2.0.216 - - [10/Jun/2019:18:51:37 +0900] "GET /CUKBM1/img/icon/man8.jpg HTTP/1.1" 200 6555
10.2.0.216 - - [10/Jun/2019:18:51:37 +0900] "GET /CUKBM1/img/icon/man9.jpg HTTP/1.1" 200 6926
1.224.175.33 - - [10/Jun/2019:18:51:37 +0900] "GET /CUKBM1/CUKBM_FrontPage.jsp HTTP/1.1" 200 4015
1.224.175.28 - - [10/Jun/2019:18:51:37 +0900] "GET /CUKBM1/BoardItem?SEQ_NO=3&SUBJECT=soccer HTTP/1.1" 200 3109
1.224.175.36 - - [10/Jun/2019:18:51:37 +0900] "GET /CUKBM1/msgReceive HTTP/1.1" 200 2104
1.224.175.28 - - [10/Jun/2019:18:51:37 +0900] "GET /CUKBM1/css/boarditemview.css HTTP/1.1" 200 3691
1.224.175.36 - - [10/Jun/2019:18:51:37 +0900] "GET /CUKBM1/css/msgview.css HTTP/1.1" 200 2494
1.224.175.29 - - [10/Jun/2019:18:51:38 +0900] "GET /CUKBM1/Board?SUBJECT=esports&TEAM=1 HTTP/1.1" 200 2619
10.2.0.130 - - [10/Jun/2019:18:51:38 +0900] "POST /CUKBM1/login HTTP/1.1" 302 -
1.224.175.35 - - [10/Jun/2019:18:51:38 +0900] "POST /CUKBM1/Attend?seqno=5 HTTP/1.1" 302 -
10.2.0.130 - - [10/Jun/2019:18:51:38 +0900] "GET /CUKBM1/LoginResult.jsp?LOGIN_RESULT=SUCCESS HTTP/1.1" 200 1053
1.224.175.35 - - [10/Jun/2019:18:51:38 +0900] "GET /CUKBM1/attendResult.jsp?result=1 HTTP/1.1" 200 2014
1.224.175.35 - - [10/Jun/2019:18:51:38 +0900] "GET /CUKBM1/css/attendresult.css HTTP/1.1" 200 1967
10.2.0.130 - - [10/Jun/2019:18:51:38 +0900] "GET /CUKBM1/img/icon/bell.png HTTP/1.1" 200 10920
10.2.0.130 - - [10/Jun/2019:18:51:38 +0900] "GET /CUKBM1/css/loginresult.css HTTP/1.1" 200 3276
1.224.175.49 - - [10/Jun/2019:18:51:38 +0900] "GET /CUKBM1/Board?SUBJECT=soccer&TEAM=0 HTTP/1.1" 200 3237
1.224.175.52 - - [10/Jun/2019:18:51:39 +0900] "GET /CUKBM1/like?seqno=4 HTTP/1.1" 302 -
1.224.175.52 - - [10/Jun/2019:18:51:39 +0900] "GET /CUKBM1/LikeResult.jsp HTTP/1.1" 200 417
1.224.175.29 - - [10/Jun/2019:18:51:39 +0900] "GET /CUKBM1/BoardInputFormTeam.jsp HTTP/1.1" 200 3544
1.224.175.17 - - [10/Jun/2019:18:51:39 +0900] "GET /CUKBM1/BoardItem?SEQ_NO=4&SUBJECT=soccer HTTP/1.1" 200 3005
1.224.175.29 - - [10/Jun/2019:18:51:39 +0900] "GET /CUKBM1/css/boardinputformteam.css HTTP/1.1" 200 2412
10.2.0.136 - - [10/Jun/2019:18:51:39 +0900] "GET /CUKBM1/Login.jsp HTTP/1.1" 200 924
1.224.175.20 - - [10/Jun/2019:18:51:39 +0900] "GET /CUKBM1/BoardInputForm.jsp HTTP/1.1" 200 3527
1.224.175.20 - - [10/Jun/2019:18:51:39 +0900] "GET /CUKBM1/css/boardinputform.css HTTP/1.1" 200 2455
1.224.175.25 - - [10/Jun/2019:18:51:39 +0900] "POST /CUKBM1/login HTTP/1.1" 302 -
1.224.175.25 - - [10/Jun/2019:18:51:39 +0900] "GET /CUKBM1/LoginResult.jsp?LOGIN_RESULT=SUCCESS HTTP/1.1" 200 1052
1.224.175.25 - - [10/Jun/2019:18:51:39 +0900] "GET /CUKBM1/css/loginresult.css HTTP/1.1" 200 3276
1.224.175.25 - - [10/Jun/2019:18:51:39 +0900] "GET /CUKBM1/img/icon/bell.png HTTP/1.1" 200 10920
10.2.0.130 - - [10/Jun/2019:18:51:40 +0900] "GET /CUKBM1/CUKBM_FrontPage.jsp HTTP/1.1" 200 4015
1.224.175.35 - - [10/Jun/2019:18:51:40 +0900] "GET /CUKBM1/Board?SUBJECT=basketball&TEAM=0 HTTP/1.1" 200 2624
1.224.175.49 - - [10/Jun/2019:18:51:40 +0900] "GET /CUKBM1/BoardItem?SEQ_NO=1&SUBJECT=soccer HTTP/1.1" 200 3117
1.224.175.36 - - [10/Jun/2019:18:51:40 +0900] "GET /CUKBM1/Board?SUBJECT=soccer&TEAM=0 HTTP/1.1" 200 3237
1.224.175.36 - - [10/Jun/2019:18:51:40 +0900] "GET /CUKBM1/css/boardlistview.css HTTP/1.1" 200 2844
1.224.175.33 - - [10/Jun/2019:18:51:41 +0900] "GET /CUKBM1/Board?SUBJECT=soccer&TEAM=1 HTTP/1.1" 200 3227
1.224.175.33 - - [10/Jun/2019:18:51:41 +0900] "GET /CUKBM1/css/boardlistview.css HTTP/1.1" 200 2844
10.2.1.153 - - [10/Jun/2019:18:51:41 +0900] "GET /CUKBM1/Board?SUBJECT=badminton&TEAM=0 HTTP/1.1" 200 2544
1.224.175.20 - - [10/Jun/2019:18:51:41 +0900] "GET /CUKBM1/Board?SUBJECT=basketball&TEAM=0 HTTP/1.1" 200 2624
1.224.175.35 - - [10/Jun/2019:18:51:41 +0900] "GET /CUKBM1/Board?SUBJECT=soccer&TEAM=0 HTTP/1.1" 200 3237
1.224.175.52 - - [10/Jun/2019:18:51:41 +0900] "POST /CUKBM1/Attend?seqno=4 HTTP/1.1" 302 -
1.224.175.52 - - [10/Jun/2019:18:51:41 +0900] "GET /CUKBM1/attendResult.jsp?result=1 HTTP/1.1" 200 2014
1.224.175.52 - - [10/Jun/2019:18:51:41 +0900] "GET /CUKBM1/css/attendresult.css HTTP/1.1" 200 1967
1.224.175.10 - - [10/Jun/2019:18:51:41 +0900] "POST /CUKBM1/signUp HTTP/1.1" 200 707
1.224.175.50 - - [10/Jun/2019:18:51:42 +0900] "GET /CUKBM1/msgDelete?msgno=7 HTTP/1.1" 302 -
1.224.175.50 - - [10/Jun/2019:18:51:42 +0900] "GET /CUKBM1/msgReceive HTTP/1.1" 200 2104
1.224.175.20 - - [10/Jun/2019:18:51:42 +0900] "GET /CUKBM1/Board?SUBJECT=basketball&TEAM=1 HTTP/1.1" 200 2628
1.224.175.49 - - [10/Jun/2019:18:51:42 +0900] "GET /CUKBM1/memberPage?id=dleo HTTP/1.1" 200 1238
10.2.0.136 - - [10/Jun/2019:18:51:42 +0900] "POST /CUKBM1/login HTTP/1.1" 302 -
1.224.175.28 - - [10/Jun/2019:18:51:42 +0900] "GET /CUKBM1/like?seqno=3 HTTP/1.1" 302 -
1.224.175.49 - - [10/Jun/2019:18:51:42 +0900] "GET /CUKBM1/css/memberpage.css HTTP/1.1" 200 2527
1.224.175.28 - - [10/Jun/2019:18:51:42 +0900] "GET /CUKBM1/LikeResult.jsp HTTP/1.1" 200 417
10.2.0.136 - - [10/Jun/2019:18:51:42 +0900] "GET /CUKBM1/LoginResult.jsp?LOGIN_RESULT=SUCCESS HTTP/1.1" 200 1050
10.2.0.136 - - [10/Jun/2019:18:51:42 +0900] "GET /CUKBM1/css/loginresult.css HTTP/1.1" 200 3276
10.2.0.136 - - [10/Jun/2019:18:51:42 +0900] "GET /CUKBM1/img/icon/bell.png HTTP/1.1" 200 10920
1.224.175.10 - - [10/Jun/2019:18:51:42 +0900] "GET /CUKBM1/Login.jsp HTTP/1.1" 200 924
1.224.175.25 - - [10/Jun/2019:18:51:42 +0900] "GET /CUKBM1/myPage HTTP/1.1" 200 1543
1.224.175.25 - - [10/Jun/2019:18:51:42 +0900] "GET /CUKBM1/css/mypage.css HTTP/1.1" 200 3367
1.224.175.45 - - [10/Jun/2019:18:51:42 +0900] "GET /CUKBM1/msgReceive HTTP/1.1" 200 2795
10.2.0.130 - - [10/Jun/2019:18:51:42 +0900] "GET /CUKBM1/Board?SUBJECT=soccer&TEAM=1 HTTP/1.1" 200 3227
10.2.1.153 - - [10/Jun/2019:18:51:43 +0900] "GET /CUKBM1/Board?SUBJECT=basketball&TEAM=1 HTTP/1.1" 200 2547
1.224.175.20 - - [10/Jun/2019:18:51:43 +0900] "GET /CUKBM1/Board?SUBJECT=soccer&TEAM=1 HTTP/1.1" 200 3227
1.224.175.52 - - [10/Jun/2019:18:51:43 +0900] "GET /CUKBM1/msgReceive HTTP/1.1" 200 2311
1.224.175.52 - - [10/Jun/2019:18:51:43 +0900] "GET /CUKBM1/css/msgview.css HTTP/1.1" 200 2494
1.224.175.20 - - [10/Jun/2019:18:51:44 +0900] "GET /CUKBM1/BoardInputFormTeam.jsp HTTP/1.1" 200 3542
1.224.175.16 - - [10/Jun/2019:18:51:44 +0900] "POST /CUKBM1/login HTTP/1.1" 302 -
1.224.175.16 - - [10/Jun/2019:18:51:44 +0900] "GET /CUKBM1/LoginResult.jsp?LOGIN_RESULT=FAIL HTTP/1.1" 200 905
1.224.175.16 - - [10/Jun/2019:18:51:44 +0900] "GET /CUKBM1/css/loginresult.css HTTP/1.1" 200 3276
10.2.1.153 - - [10/Jun/2019:18:51:44 +0900] "GET /CUKBM1/Board?SUBJECT=basketball&TEAM=1 HTTP/1.1" 200 2547
1.224.175.35 - - [10/Jun/2019:18:51:45 +0900] "GET /CUKBM1/BoardItem?SEQ_NO=3&SUBJECT=soccer HTTP/1.1" 200 3109
10.2.0.136 - - [10/Jun/2019:18:51:45 +0900] "GET /CUKBM1/myPage HTTP/1.1" 200 1534
10.2.0.136 - - [10/Jun/2019:18:51:45 +0900] "GET /CUKBM1/css/mypage.css HTTP/1.1" 200 3367
1.224.175.17 - - [10/Jun/2019:18:51:45 +0900] "GET /CUKBM1/like?seqno=4 HTTP/1.1" 302 -
1.224.175.17 - - [10/Jun/2019:18:51:45 +0900] "GET /CUKBM1/LikeFail.jsp HTTP/1.1" 200 386
1.224.175.10 - - [10/Jun/2019:18:51:45 +0900] "POST /CUKBM1/login HTTP/1.1" 302 -
1.224.175.20 - - [10/Jun/2019:18:51:45 +0900] "GET /CUKBM1/Board?SUBJECT=soccer&TEAM=0 HTTP/1.1" 200 3237
1.224.175.10 - - [10/Jun/2019:18:51:45 +0900] "GET /CUKBM1/LoginResult.jsp?LOGIN_RESULT=SUCCESS HTTP/1.1" 200 1052
1.224.175.32 - - [10/Jun/2019:18:51:45 +0900] "POST /CUKBM1/freeWrite HTTP/1.1" 302 -
1.224.175.10 - - [10/Jun/2019:18:51:45 +0900] "GET /CUKBM1/img/icon/bell.png HTTP/1.1" 200 10920
1.224.175.32 - - [10/Jun/2019:18:51:46 +0900] "GET /CUKBM1/freeBoard?SUBJECT=free HTTP/1.1" 200 2800
10.2.1.153 - - [10/Jun/2019:18:51:46 +0900] "GET /CUKBM1/Board?SUBJECT=basketball&TEAM=0 HTTP/1.1" 200 2547
1.224.175.20 - - [10/Jun/2019:18:51:46 +0900] "GET /CUKBM1/Board?SUBJECT=soccer&TEAM=1 HTTP/1.1" 200 3227
1.224.175.52 - - [10/Jun/2019:18:51:46 +0900] "GET /CUKBM1/msgDelete?msgno=9 HTTP/1.1" 302 -
1.224.175.52 - - [10/Jun/2019:18:51:46 +0900] "GET /CUKBM1/msgReceive HTTP/1.1" 200 2104
10.2.1.153 - - [10/Jun/2019:18:51:47 +0900] "GET /CUKBM1/Board?SUBJECT=basketball&TEAM=0 HTTP/1.1" 200 2547
1.224.175.35 - - [10/Jun/2019:18:51:47 +0900] "GET /CUKBM1/like?seqno=3 HTTP/1.1" 302 -
1.224.175.35 - - [10/Jun/2019:18:51:47 +0900] "GET /CUKBM1/LikeResult.jsp HTTP/1.1" 200 417
1.224.175.52 - - [10/Jun/2019:18:51:47 +0900] "GET /CUKBM1/CUKBM_FrontPage.jsp HTTP/1.1" 200 4015
1.224.175.33 - - [10/Jun/2019:18:51:48 +0900] "GET /CUKBM1/BoardInputFormTeam.jsp HTTP/1.1" 200 3542
1.224.175.33 - - [10/Jun/2019:18:51:48 +0900] "GET /CUKBM1/css/boardinputformteam.css HTTP/1.1" 200 2412
10.2.1.153 - - [10/Jun/2019:18:51:48 +0900] "GET /CUKBM1/Board?SUBJECT=soccer&TEAM=0 HTTP/1.1" 200 3146
1.224.175.25 - - [10/Jun/2019:18:51:48 +0900] "GET /CUKBM1/CUKBM_FrontPage.jsp HTTP/1.1" 200 4015
1.224.175.20 - - [10/Jun/2019:18:51:48 +0900] "GET /CUKBM1/BoardInputFormTeam.jsp HTTP/1.1" 200 3542
1.224.175.36 - - [10/Jun/2019:18:51:48 +0900] "GET /CUKBM1/BoardItem?SEQ_NO=1&SUBJECT=soccer HTTP/1.1" 200 3117
1.224.175.36 - - [10/Jun/2019:18:51:48 +0900] "GET /CUKBM1/css/boarditemview.css HTTP/1.1" 200 3691
10.2.1.153 - - [10/Jun/2019:18:51:49 +0900] "GET /CUKBM1/NoAccess.jsp HTTP/1.1" 200 2217
10.2.1.153 - - [10/Jun/2019:18:51:49 +0900] "GET /CUKBM1/css/noaccess.css HTTP/1.1" 200 2268
1.224.175.49 - - [10/Jun/2019:18:51:49 +0900] "GET /CUKBM1/Board?SUBJECT=tabletennis&TEAM=0 HTTP/1.1" 200 2627
1.224.175.52 - - [10/Jun/2019:18:51:49 +0900] "GET /CUKBM1/myPage HTTP/1.1" 200 1843
1.224.175.16 - - [10/Jun/2019:18:51:49 +0900] "GET /CUKBM1/CUKBM_FrontPage.jsp HTTP/1.1" 200 3944
1.224.175.25 - - [10/Jun/2019:18:51:50 +0900] "GET /CUKBM1/myPage HTTP/1.1" 200 1543
1.224.175.10 - - [10/Jun/2019:18:51:50 +0900] "GET /CUKBM1/myPage HTTP/1.1" 200 1542
1.224.175.10 - - [10/Jun/2019:18:51:50 +0900] "GET /CUKBM1/css/mypage.css HTTP/1.1" 200 3367
1.224.175.32 - - [10/Jun/2019:18:51:50 +0900] "GET /CUKBM1/freeItem?SEQ_NO=6&SUBJECT=free HTTP/1.1" 200 2288
1.224.175.32 - - [10/Jun/2019:18:51:50 +0900] "GET /CUKBM1/css/freeitemview.css HTTP/1.1" 200 3690
1.224.175.17 - - [10/Jun/2019:18:51:50 +0900] "GET /CUKBM1/block?seqno=4 HTTP/1.1" 302 -
1.224.175.17 - - [10/Jun/2019:18:51:50 +0900] "GET /CUKBM1/block.jsp?RESULT=1 HTTP/1.1" 200 2055
1.224.175.17 - - [10/Jun/2019:18:51:50 +0900] "GET /CUKBM1/css/block.css HTTP/1.1" 200 2012
10.2.0.136 - - [10/Jun/2019:18:51:51 +0900] "GET /CUKBM1/myPage HTTP/1.1" 200 1534
1.224.175.49 - - [10/Jun/2019:18:51:51 +0900] "GET /CUKBM1/Board?SUBJECT=esports&TEAM=0 HTTP/1.1" 200 2615
1.224.175.25 - - [10/Jun/2019:18:51:51 +0900] "GET /CUKBM1/msgReceive HTTP/1.1" 200 2104
1.224.175.25 - - [10/Jun/2019:18:51:51 +0900] "GET /CUKBM1/css/msgview.css HTTP/1.1" 200 2494
10.2.0.136 - - [10/Jun/2019:18:51:52 +0900] "GET /CUKBM1/CUKBM_FrontPage.jsp HTTP/1.1" 200 4015
1.224.175.49 - - [10/Jun/2019:18:51:52 +0900] "GET /CUKBM1/Board?SUBJECT=esports&TEAM=1 HTTP/1.1" 200 2619
1.224.175.36 - - [10/Jun/2019:18:51:52 +0900] "GET /CUKBM1/like?seqno=1 HTTP/1.1" 302 -
1.224.175.36 - - [10/Jun/2019:18:51:52 +0900] "GET /CUKBM1/LikeResult.jsp HTTP/1.1" 200 417
1.224.175.49 - - [10/Jun/2019:18:51:52 +0900] "GET /CUKBM1/Board?SUBJECT=badminton&TEAM=0 HTTP/1.1" 200 2621
1.224.175.16 - - [10/Jun/2019:18:51:53 +0900] "GET /CUKBM1/Board?SUBJECT=soccer&TEAM=0 HTTP/1.1" 200 3146
1.224.175.25 - - [10/Jun/2019:18:51:53 +0900] "GET /CUKBM1/Board?SUBJECT=soccer&TEAM=1 HTTP/1.1" 200 3227
1.224.175.16 - - [10/Jun/2019:18:51:53 +0900] "GET /CUKBM1/css/boardlistview.css HTTP/1.1" 200 2844
1.224.175.10 - - [10/Jun/2019:18:51:53 +0900] "GET /CUKBM1/myPage HTTP/1.1" 200 1542
1.224.175.49 - - [10/Jun/2019:18:51:53 +0900] "GET /CUKBM1/Board?SUBJECT=badminton&TEAM=1 HTTP/1.1" 200 2625
1.224.175.52 - - [10/Jun/2019:18:51:53 +0900] "GET /CUKBM1/BoardItem?SEQ_NO=4&SUBJECT=soccer HTTP/1.1" 200 3114
1.224.175.25 - - [10/Jun/2019:18:51:53 +0900] "GET /CUKBM1/Board?SUBJECT=soccer&TEAM=0 HTTP/1.1" 200 3237
1.224.175.32 - - [10/Jun/2019:18:51:54 +0900] "GET /CUKBM1/freeBoard?SUBJECT=free HTTP/1.1" 200 2800
1.224.175.49 - - [10/Jun/2019:18:51:54 +0900] "GET /CUKBM1/freeBoard?SUBJECT=free HTTP/1.1" 200 2800
1.224.175.49 - - [10/Jun/2019:18:51:54 +0900] "GET /CUKBM1/css/freelistview.css HTTP/1.1" 200 2877
1.224.175.48 - - [10/Jun/2019:18:51:54 +0900] "POST /CUKBM1/BoardWriter HTTP/1.1" 302 -
1.224.175.48 - - [10/Jun/2019:18:51:54 +0900] "GET /CUKBM1/Board?SUBJECT=soccer&TEAM=0 HTTP/1.1" 200 3541
1.224.175.25 - - [10/Jun/2019:18:51:56 +0900] "GET /CUKBM1/BoardItem?SEQ_NO=1&SUBJECT=soccer HTTP/1.1" 200 3117
1.224.175.25 - - [10/Jun/2019:18:51:56 +0900] "GET /CUKBM1/css/boarditemview.css HTTP/1.1" 200 3691
1.224.175.45 - - [10/Jun/2019:18:51:56 +0900] "GET /CUKBM1/freeBoard?SUBJECT=free HTTP/1.1" 200 2800
1.224.175.45 - - [10/Jun/2019:18:51:56 +0900] "GET /CUKBM1/css/freelistview.css HTTP/1.1" 200 2877
1.224.175.17 - - [10/Jun/2019:18:51:56 +0900] "GET /CUKBM1/msgReceive HTTP/1.1" 200 2559
1.224.175.17 - - [10/Jun/2019:18:51:56 +0900] "GET /CUKBM1/css/msgview.css HTTP/1.1" 200 2494
1.224.175.49 - - [10/Jun/2019:18:51:56 +0900] "GET /CUKBM1/freeItem?SEQ_NO=2&SUBJECT=free HTTP/1.1" 200 2302
1.224.175.49 - - [10/Jun/2019:18:51:56 +0900] "GET /CUKBM1/css/freeitemview.css HTTP/1.1" 200 3690
1.224.175.16 - - [10/Jun/2019:18:51:57 +0900] "GET /CUKBM1/NoAccess.jsp HTTP/1.1" 200 2217
1.224.175.16 - - [10/Jun/2019:18:51:57 +0900] "GET /CUKBM1/css/noaccess.css HTTP/1.1" 200 2268
1.224.175.36 - - [10/Jun/2019:18:51:57 +0900] "GET /CUKBM1/myPage HTTP/1.1" 200 1848
1.224.175.10 - - [10/Jun/2019:18:51:57 +0900] "GET /CUKBM1/CUKBM_FrontPage.jsp HTTP/1.1" 200 4015
1.224.175.32 - - [10/Jun/2019:18:51:58 +0900] "GET /CUKBM1/Board?SUBJECT=soccer&TEAM=0 HTTP/1.1" 200 3541
1.224.175.25 - - [10/Jun/2019:18:51:58 +0900] "GET /CUKBM1/Board?SUBJECT=basketball&TEAM=0 HTTP/1.1" 200 2624
1.224.175.49 - - [10/Jun/2019:18:51:58 +0900] "GET /CUKBM1/freeBoard?SUBJECT=free HTTP/1.1" 200 2800
10.2.0.136 - - [10/Jun/2019:18:51:58 +0900] "GET /CUKBM1/Board?SUBJECT=soccer&TEAM=0 HTTP/1.1" 200 3541
10.2.0.136 - - [10/Jun/2019:18:51:58 +0900] "GET /CUKBM1/css/boardlistview.css HTTP/1.1" 200 2844
1.224.175.29 - - [10/Jun/2019:18:51:58 +0900] "POST /CUKBM1/BoardWriter HTTP/1.1" 302 -
1.224.175.35 - - [10/Jun/2019:18:51:58 +0900] "GET /CUKBM1/BoardItem?SEQ_NO=1&SUBJECT=soccer HTTP/1.1" 200 3117
1.224.175.29 - - [10/Jun/2019:18:51:58 +0900] "GET /CUKBM1/Board?SUBJECT=esports&TEAM=1 HTTP/1.1" 200 2925
1.224.175.48 - - [10/Jun/2019:18:51:59 +0900] "GET /CUKBM1/msgReceive HTTP/1.1" 200 2104
1.224.175.36 - - [10/Jun/2019:18:51:59 +0900] "GET /CUKBM1/BoardItem?SEQ_NO=1&SUBJECT=soccer HTTP/1.1" 200 3117
1.224.175.48 - - [10/Jun/2019:18:51:59 +0900] "GET /CUKBM1/css/msgview.css HTTP/1.1" 200 2494
1.224.175.32 - - [10/Jun/2019:18:51:59 +0900] "GET /CUKBM1/BoardInputForm.jsp HTTP/1.1" 200 3530
1.224.175.32 - - [10/Jun/2019:18:51:59 +0900] "GET /CUKBM1/css/boardinputform.css HTTP/1.1" 200 2455
1.224.175.25 - - [10/Jun/2019:18:51:59 +0900] "GET /CUKBM1/Board?SUBJECT=soccer&TEAM=0 HTTP/1.1" 200 3541
10.2.0.216 - - [10/Jun/2019:18:51:59 +0900] "POST /CUKBM1/signUp HTTP/1.1" 200 707
1.224.175.49 - - [10/Jun/2019:18:51:59 +0900] "GET /CUKBM1/freeItem?SEQ_NO=6&SUBJECT=free HTTP/1.1" 200 2288
10.2.0.216 - - [10/Jun/2019:18:51:59 +0900] "GET /CUKBM1/css/signupresult.css HTTP/1.1" 200 2314
1.224.175.35 - - [10/Jun/2019:18:51:59 +0900] "GET /CUKBM1/like?seqno=1 HTTP/1.1" 302 -
1.224.175.35 - - [10/Jun/2019:18:51:59 +0900] "GET /CUKBM1/LikeResult.jsp HTTP/1.1" 200 417
1.224.175.20 - - [10/Jun/2019:18:51:59 +0900] "POST /CUKBM1/BoardWriter HTTP/1.1" 302 -
10.2.0.130 - - [10/Jun/2019:18:51:59 +0900] "GET /CUKBM1/BoardItem?SEQ_NO=4&SUBJECT=soccer HTTP/1.1" 200 3114
1.224.175.20 - - [10/Jun/2019:18:51:59 +0900] "GET /CUKBM1/Board?SUBJECT=soccer&TEAM=1 HTTP/1.1" 200 3522
10.2.0.130 - - [10/Jun/2019:18:51:59 +0900] "GET /CUKBM1/css/boarditemview.css HTTP/1.1" 200 3691
1.224.175.33 - - [10/Jun/2019:18:51:59 +0900] "POST /CUKBM1/BoardWriter HTTP/1.1" 302 -
1.224.175.33 - - [10/Jun/2019:18:52:00 +0900] "GET /CUKBM1/Board?SUBJECT=soccer&TEAM=1 HTTP/1.1" 200 3824
1.224.175.45 - - [10/Jun/2019:18:52:00 +0900] "GET /CUKBM1/freeItem?SEQ_NO=6&SUBJECT=free HTTP/1.1" 200 2288
1.224.175.45 - - [10/Jun/2019:18:52:00 +0900] "GET /CUKBM1/css/freeitemview.css HTTP/1.1" 200 3690
1.224.175.49 - - [10/Jun/2019:18:52:01 +0900] "GET /CUKBM1/Board?SUBJECT=badminton&TEAM=1 HTTP/1.1" 200 2625
10.2.0.136 - - [10/Jun/2019:18:52:01 +0900] "GET /CUKBM1/BoardInputForm.jsp HTTP/1.1" 200 3524
1.224.175.33 - - [10/Jun/2019:18:52:01 +0900] "GET /CUKBM1/BoardItem?SEQ_NO=10&SUBJECT=soccer HTTP/1.1" 200 2997
10.2.0.136 - - [10/Jun/2019:18:52:01 +0900] "GET /CUKBM1/css/boardinputform.css HTTP/1.1" 200 2455
1.224.175.35 - - [10/Jun/2019:18:52:01 +0900] "GET /CUKBM1/Board?SUBJECT=basketball&TEAM=0 HTTP/1.1" 200 2624
1.224.175.33 - - [10/Jun/2019:18:52:01 +0900] "GET /CUKBM1/css/boarditemview.css HTTP/1.1" 200 3691
1.224.175.36 - - [10/Jun/2019:18:52:01 +0900] "GET /CUKBM1/msgReceive HTTP/1.1" 200 2104
1.224.175.45 - - [10/Jun/2019:18:52:01 +0900] "GET /CUKBM1/freeBoard?SUBJECT=free HTTP/1.1" 200 2800
1.224.175.49 - - [10/Jun/2019:18:52:01 +0900] "GET /CUKBM1/Board?SUBJECT=badminton&TEAM=0 HTTP/1.1" 200 2621
10.2.0.216 - - [10/Jun/2019:18:52:02 +0900] "GET /CUKBM1/Login.jsp HTTP/1.1" 200 924
1.224.175.25 - - [10/Jun/2019:18:52:02 +0900] "GET /CUKBM1/BoardItem?SEQ_NO=7&SUBJECT=soccer HTTP/1.1" 200 3017
1.224.175.35 - - [10/Jun/2019:18:52:02 +0900] "GET /CUKBM1/Board?SUBJECT=basketball&TEAM=1 HTTP/1.1" 200 2628
1.224.175.49 - - [10/Jun/2019:18:52:02 +0900] "GET /CUKBM1/Board?SUBJECT=esports&TEAM=1 HTTP/1.1" 200 2925
1.224.175.16 - - [10/Jun/2019:18:52:02 +0900] "GET /CUKBM1/Login.jsp HTTP/1.1" 200 924
1.224.175.49 - - [10/Jun/2019:18:52:03 +0900] "GET /CUKBM1/Board?SUBJECT=esports&TEAM=0 HTTP/1.1" 200 2615
1.224.175.35 - - [10/Jun/2019:18:52:03 +0900] "GET /CUKBM1/Board?SUBJECT=basketball&TEAM=1 HTTP/1.1" 200 2628
1.224.175.36 - - [10/Jun/2019:18:52:03 +0900] "GET /CUKBM1/Board?SUBJECT=soccer&TEAM=1 HTTP/1.1" 200 3824
1.224.175.45 - - [10/Jun/2019:18:52:03 +0900] "GET /CUKBM1/FreeInputForm.jsp HTTP/1.1" 200 2743
1.224.175.45 - - [10/Jun/2019:18:52:03 +0900] "GET /CUKBM1/css/freeinputform.css HTTP/1.1" 200 2476
1.224.175.49 - - [10/Jun/2019:18:52:03 +0900] "GET /CUKBM1/Board?SUBJECT=esports&TEAM=1 HTTP/1.1" 200 2925
1.224.175.20 - - [10/Jun/2019:18:52:03 +0900] "GET /CUKBM1/BoardItem?SEQ_NO=4&SUBJECT=soccer HTTP/1.1" 200 3114
1.224.175.20 - - [10/Jun/2019:18:52:03 +0900] "GET /CUKBM1/css/boarditemview.css HTTP/1.1" 200 3691
1.224.175.35 - - [10/Jun/2019:18:52:04 +0900] "GET /CUKBM1/Board?SUBJECT=soccer&TEAM=1 HTTP/1.1" 200 3824
10.2.0.216 - - [10/Jun/2019:18:52:04 +0900] "POST /CUKBM1/login HTTP/1.1" 302 -
10.2.0.216 - - [10/Jun/2019:18:52:04 +0900] "GET /CUKBM1/LoginResult.jsp?LOGIN_RESULT=FAIL HTTP/1.1" 200 905
10.2.0.216 - - [10/Jun/2019:18:52:04 +0900] "GET /CUKBM1/css/loginresult.css HTTP/1.1" 200 3276
1.224.175.35 - - [10/Jun/2019:18:52:04 +0900] "GET /CUKBM1/Board?SUBJECT=soccer&TEAM=0 HTTP/1.1" 200 3541
1.224.175.48 - - [10/Jun/2019:18:52:04 +0900] "GET /CUKBM1/Board?SUBJECT=soccer&TEAM=0 HTTP/1.1" 200 3541
1.224.175.49 - - [10/Jun/2019:18:52:04 +0900] "GET /CUKBM1/BoardItem?SEQ_NO=8&SUBJECT=esports HTTP/1.1" 200 2998
1.224.175.25 - - [10/Jun/2019:18:52:04 +0900] "POST /CUKBM1/Attend?seqno=7 HTTP/1.1" 302 -
1.224.175.25 - - [10/Jun/2019:18:52:04 +0900] "GET /CUKBM1/attendResult.jsp?result=1 HTTP/1.1" 200 2014
1.224.175.25 - - [10/Jun/2019:18:52:04 +0900] "GET /CUKBM1/css/attendresult.css HTTP/1.1" 200 1967
1.224.175.36 - - [10/Jun/2019:18:52:05 +0900] "GET /CUKBM1/BoardItem?SEQ_NO=4&SUBJECT=soccer HTTP/1.1" 200 3114
1.224.175.45 - - [10/Jun/2019:18:52:05 +0900] "GET /CUKBM1/msgReceive HTTP/1.1" 200 2795
1.224.175.20 - - [10/Jun/2019:18:52:05 +0900] "GET /CUKBM1/like?seqno=4 HTTP/1.1" 302 -
1.224.175.20 - - [10/Jun/2019:18:52:05 +0900] "GET /CUKBM1/LikeResult.jsp HTTP/1.1" 200 417
1.224.175.45 - - [10/Jun/2019:18:52:05 +0900] "GET /CUKBM1/msgReceive HTTP/1.1" 200 2795
1.224.175.45 - - [10/Jun/2019:18:52:05 +0900] "GET /CUKBM1/css/msgview.css HTTP/1.1" 304 -
1.224.175.45 - - [10/Jun/2019:18:52:05 +0900] "GET /CUKBM1/img/icon/bell.png HTTP/1.1" 304 -
1.224.175.35 - - [10/Jun/2019:18:52:05 +0900] "GET /CUKBM1/BoardItem?SEQ_NO=7&SUBJECT=soccer HTTP/1.1" 200 3259
1.224.175.45 - - [10/Jun/2019:18:52:05 +0900] "GET /CUKBM1/img/front/pic6_1.jpg HTTP/1.1" 304 -
1.224.175.49 - - [10/Jun/2019:18:52:05 +0900] "POST /CUKBM1/Attend?seqno=8 HTTP/1.1" 302 -
1.224.175.49 - - [10/Jun/2019:18:52:05 +0900] "GET /CUKBM1/attendResult.jsp?result=1 HTTP/1.1" 200 2014
1.224.175.49 - - [10/Jun/2019:18:52:06 +0900] "GET /CUKBM1/css/attendresult.css HTTP/1.1" 200 1967
1.224.175.33 - - [10/Jun/2019:18:52:06 +0900] "GET /CUKBM1/like?seqno=10 HTTP/1.1" 302 -
1.224.175.33 - - [10/Jun/2019:18:52:06 +0900] "GET /CUKBM1/LikeResult.jsp HTTP/1.1" 200 417
1.224.175.10 - - [10/Jun/2019:18:52:06 +0900] "GET /CUKBM1/Board?SUBJECT=tabletennis&TEAM=0 HTTP/1.1" 200 2627
1.224.175.25 - - [10/Jun/2019:18:52:06 +0900] "GET /CUKBM1/Board?SUBJECT=soccer&TEAM=0 HTTP/1.1" 200 3541
1.224.175.45 - - [10/Jun/2019:18:52:06 +0900] "GET /CUKBM1/msgReceive HTTP/1.1" 200 2795
1.224.175.45 - - [10/Jun/2019:18:52:06 +0900] "GET /CUKBM1/msgReceive HTTP/1.1" 200 2795
1.224.175.45 - - [10/Jun/2019:18:52:06 +0900] "GET /CUKBM1/msgReceive HTTP/1.1" 200 2795
1.224.175.45 - - [10/Jun/2019:18:52:06 +0900] "GET /CUKBM1/msgReceive HTTP/1.1" 200 2795
1.224.175.45 - - [10/Jun/2019:18:52:06 +0900] "GET /CUKBM1/msgReceive HTTP/1.1" 200 2795
1.224.175.45 - - [10/Jun/2019:18:52:06 +0900] "GET /CUKBM1/msgReceive HTTP/1.1" 200 2795
1.224.175.45 - - [10/Jun/2019:18:52:06 +0900] "GET /CUKBM1/msgReceive HTTP/1.1" 200 2795
1.224.175.29 - - [10/Jun/2019:18:52:06 +0900] "GET /CUKBM1/orderedBoard?SUBJECT=esports&TEAM=1 HTTP/1.1" 200 2828
1.224.175.45 - - [10/Jun/2019:18:52:06 +0900] "GET /CUKBM1/msgReceive HTTP/1.1" 200 2795
1.224.175.29 - - [10/Jun/2019:18:52:06 +0900] "GET /CUKBM1/css/order.css HTTP/1.1" 200 2803
1.224.175.45 - - [10/Jun/2019:18:52:06 +0900] "GET /CUKBM1/msgReceive HTTP/1.1" 200 2795
1.224.175.45 - - [10/Jun/2019:18:52:06 +0900] "GET /CUKBM1/msgReceive HTTP/1.1" 200 2795
1.224.175.45 - - [10/Jun/2019:18:52:06 +0900] "GET /CUKBM1/msgReceive HTTP/1.1" 200 2795
1.224.175.16 - - [10/Jun/2019:18:52:06 +0900] "POST /CUKBM1/login HTTP/1.1" 302 -
1.224.175.16 - - [10/Jun/2019:18:52:06 +0900] "GET /CUKBM1/LoginResult.jsp?LOGIN_RESULT=SUCCESS HTTP/1.1" 200 1053
1.224.175.45 - - [10/Jun/2019:18:52:06 +0900] "GET /CUKBM1/msgReceive HTTP/1.1" 200 2795
1.224.175.16 - - [10/Jun/2019:18:52:06 +0900] "GET /CUKBM1/img/icon/bell.png HTTP/1.1" 200 10920
1.224.175.45 - - [10/Jun/2019:18:52:06 +0900] "GET /CUKBM1/msgReceive HTTP/1.1" 200 2795
1.224.175.45 - - [10/Jun/2019:18:52:06 +0900] "GET /CUKBM1/css/msgview.css HTTP/1.1" 304 -
1.224.175.45 - - [10/Jun/2019:18:52:06 +0900] "GET /CUKBM1/img/icon/bell.png HTTP/1.1" 304 -
1.224.175.45 - - [10/Jun/2019:18:52:06 +0900] "GET /CUKBM1/msgReceive HTTP/1.1" 200 2795
1.224.175.45 - - [10/Jun/2019:18:52:06 +0900] "GET /CUKBM1/msgReceive HTTP/1.1" 200 2795
1.224.175.45 - - [10/Jun/2019:18:52:06 +0900] "GET /CUKBM1/msgReceive HTTP/1.1" 200 2795
1.224.175.45 - - [10/Jun/2019:18:52:06 +0900] "GET /CUKBM1/msgReceive HTTP/1.1" 200 2795
1.224.175.28 - - [10/Jun/2019:18:52:06 +0900] "GET /CUKBM1/freeBoard?SUBJECT=free HTTP/1.1" 200 2800
1.224.175.28 - - [10/Jun/2019:18:52:06 +0900] "GET /CUKBM1/css/freelistview.css HTTP/1.1" 200 2877
1.224.175.45 - - [10/Jun/2019:18:52:06 +0900] "GET /CUKBM1/msgReceive HTTP/1.1" 200 2795
1.224.175.45 - - [10/Jun/2019:18:52:06 +0900] "GET /CUKBM1/msgReceive HTTP/1.1" 200 2795
1.224.175.45 - - [10/Jun/2019:18:52:06 +0900] "GET /CUKBM1/msgReceive HTTP/1.1" 200 2795
1.224.175.45 - - [10/Jun/2019:18:52:07 +0900] "GET /CUKBM1/msgReceive HTTP/1.1" 200 2795
1.224.175.45 - - [10/Jun/2019:18:52:07 +0900] "GET /CUKBM1/msgReceive HTTP/1.1" 200 2795
1.224.175.35 - - [10/Jun/2019:18:52:07 +0900] "POST /CUKBM1/Attend?seqno=7 HTTP/1.1" 200 2072
1.224.175.45 - - [10/Jun/2019:18:52:07 +0900] "GET /CUKBM1/msgReceive HTTP/1.1" 200 2795
1.224.175.45 - - [10/Jun/2019:18:52:07 +0900] "GET /CUKBM1/msgReceive HTTP/1.1" 200 2795
1.224.175.45 - - [10/Jun/2019:18:52:07 +0900] "GET /CUKBM1/msgReceive HTTP/1.1" 200 2795
1.224.175.45 - - [10/Jun/2019:18:52:07 +0900] "GET /CUKBM1/msgReceive HTTP/1.1" 200 2795
1.224.175.45 - - [10/Jun/2019:18:52:07 +0900] "GET /CUKBM1/msgReceive HTTP/1.1" 200 2795
1.224.175.45 - - [10/Jun/2019:18:52:07 +0900] "GET /CUKBM1/msgReceive HTTP/1.1" 200 2795
1.224.175.45 - - [10/Jun/2019:18:52:07 +0900] "GET /CUKBM1/msgReceive HTTP/1.1" 200 2795
1.224.175.45 - - [10/Jun/2019:18:52:07 +0900] "GET /CUKBM1/msgReceive HTTP/1.1" 200 2795
1.224.175.45 - - [10/Jun/2019:18:52:07 +0900] "GET /CUKBM1/msgReceive HTTP/1.1" 200 2795
1.224.175.45 - - [10/Jun/2019:18:52:07 +0900] "GET /CUKBM1/msgReceive HTTP/1.1" 200 2795
1.224.175.45 - - [10/Jun/2019:18:52:07 +0900] "GET /CUKBM1/msgReceive HTTP/1.1" 200 2795
1.224.175.29 - - [10/Jun/2019:18:52:07 +0900] "GET /CUKBM1/Board?SUBJECT=esports&TEAM=1 HTTP/1.1" 200 2925
1.224.175.48 - - [10/Jun/2019:18:52:07 +0900] "GET /CUKBM1/BoardItem?SEQ_NO=1&SUBJECT=soccer HTTP/1.1" 200 3117
1.224.175.45 - - [10/Jun/2019:18:52:07 +0900] "GET /CUKBM1/msgReceive HTTP/1.1" 200 2795
1.224.175.45 - - [10/Jun/2019:18:52:07 +0900] "GET /CUKBM1/msgReceive HTTP/1.1" 200 2795
1.224.175.45 - - [10/Jun/2019:18:52:07 +0900] "GET /CUKBM1/msgReceive HTTP/1.1" 200 2795
1.224.175.45 - - [10/Jun/2019:18:52:07 +0900] "GET /CUKBM1/msgReceive HTTP/1.1" 200 2795
1.224.175.45 - - [10/Jun/2019:18:52:07 +0900] "GET /CUKBM1/msgReceive HTTP/1.1" 200 2795
1.224.175.45 - - [10/Jun/2019:18:52:07 +0900] "GET /CUKBM1/msgReceive HTTP/1.1" 200 2795
1.224.175.45 - - [10/Jun/2019:18:52:07 +0900] "GET /CUKBM1/msgReceive HTTP/1.1" 200 2795
1.224.175.45 - - [10/Jun/2019:18:52:07 +0900] "GET /CUKBM1/css/msgview.css HTTP/1.1" 304 -
1.224.175.45 - - [10/Jun/2019:18:52:07 +0900] "GET /CUKBM1/img/icon/bell.png HTTP/1.1" 304 -
1.224.175.45 - - [10/Jun/2019:18:52:07 +0900] "GET /CUKBM1/msgReceive HTTP/1.1" 200 2795
1.224.175.45 - - [10/Jun/2019:18:52:07 +0900] "GET /CUKBM1/msgReceive HTTP/1.1" 200 2795
1.224.175.45 - - [10/Jun/2019:18:52:07 +0900] "GET /CUKBM1/msgReceive HTTP/1.1" 200 2795
1.224.175.45 - - [10/Jun/2019:18:52:07 +0900] "GET /CUKBM1/msgReceive HTTP/1.1" 200 2795
1.224.175.45 - - [10/Jun/2019:18:52:07 +0900] "GET /CUKBM1/msgReceive HTTP/1.1" 200 2795
1.224.175.45 - - [10/Jun/2019:18:52:07 +0900] "GET /CUKBM1/msgReceive HTTP/1.1" 200 2795
1.224.175.36 - - [10/Jun/2019:18:52:07 +0900] "GET /CUKBM1/Board?SUBJECT=basketball&TEAM=1 HTTP/1.1" 200 2628
1.224.175.45 - - [10/Jun/2019:18:52:07 +0900] "GET /CUKBM1/msgReceive HTTP/1.1" 200 2795
1.224.175.45 - - [10/Jun/2019:18:52:07 +0900] "GET /CUKBM1/css/msgview.css HTTP/1.1" 304 -
1.224.175.45 - - [10/Jun/2019:18:52:07 +0900] "GET /CUKBM1/img/icon/bell.png HTTP/1.1" 304 -
1.224.175.45 - - [10/Jun/2019:18:52:07 +0900] "GET /CUKBM1/msgReceive HTTP/1.1" 200 2795
1.224.175.45 - - [10/Jun/2019:18:52:07 +0900] "GET /CUKBM1/msgReceive HTTP/1.1" 200 2795
1.224.175.45 - - [10/Jun/2019:18:52:07 +0900] "GET /CUKBM1/msgReceive HTTP/1.1" 200 2795
1.224.175.45 - - [10/Jun/2019:18:52:07 +0900] "GET /CUKBM1/msgReceive HTTP/1.1" 200 2795
1.224.175.45 - - [10/Jun/2019:18:52:08 +0900] "GET /CUKBM1/msgReceive HTTP/1.1" 200 2795
1.224.175.45 - - [10/Jun/2019:18:52:08 +0900] "GET /CUKBM1/msgReceive HTTP/1.1" 200 2795
1.224.175.45 - - [10/Jun/2019:18:52:08 +0900] "GET /CUKBM1/msgReceive HTTP/1.1" 200 2795
1.224.175.45 - - [10/Jun/2019:18:52:08 +0900] "GET /CUKBM1/msgReceive HTTP/1.1" 200 2795
1.224.175.45 - - [10/Jun/2019:18:52:08 +0900] "GET /CUKBM1/msgReceive HTTP/1.1" 200 2795
1.224.175.45 - - [10/Jun/2019:18:52:08 +0900] "GET /CUKBM1/msgReceive HTTP/1.1" 200 2795
1.224.175.45 - - [10/Jun/2019:18:52:08 +0900] "GET /CUKBM1/msgReceive HTTP/1.1" 200 2795
1.224.175.45 - - [10/Jun/2019:18:52:08 +0900] "GET /CUKBM1/msgReceive HTTP/1.1" 200 2795
1.224.175.45 - - [10/Jun/2019:18:52:08 +0900] "GET /CUKBM1/msgReceive HTTP/1.1" 200 2795
1.224.175.45 - - [10/Jun/2019:18:52:08 +0900] "GET /CUKBM1/msgReceive HTTP/1.1" 200 2795
1.224.175.45 - - [10/Jun/2019:18:52:08 +0900] "GET /CUKBM1/msgReceive HTTP/1.1" 200 2795
1.224.175.45 - - [10/Jun/2019:18:52:08 +0900] "GET /CUKBM1/msgReceive HTTP/1.1" 200 2795
1.224.175.45 - - [10/Jun/2019:18:52:08 +0900] "GET /CUKBM1/msgReceive HTTP/1.1" 200 2795
1.224.175.45 - - [10/Jun/2019:18:52:08 +0900] "GET /CUKBM1/msgReceive HTTP/1.1" 200 2795
1.224.175.45 - - [10/Jun/2019:18:52:08 +0900] "GET /CUKBM1/msgReceive HTTP/1.1" 200 2795
1.224.175.45 - - [10/Jun/2019:18:52:08 +0900] "GET /CUKBM1/msgReceive HTTP/1.1" 200 2795
10.2.0.216 - - [10/Jun/2019:18:52:08 +0900] "GET /CUKBM1/LoginResult.jsp?LOGIN_RESULT=FAIL HTTP/1.1" 200 905
1.224.175.45 - - [10/Jun/2019:18:52:08 +0900] "GET /CUKBM1/msgReceive HTTP/1.1" 200 2795
1.224.175.45 - - [10/Jun/2019:18:52:08 +0900] "GET /CUKBM1/msgReceive HTTP/1.1" 200 2795
1.224.175.45 - - [10/Jun/2019:18:52:08 +0900] "GET /CUKBM1/msgReceive HTTP/1.1" 200 2795
1.224.175.45 - - [10/Jun/2019:18:52:08 +0900] "GET /CUKBM1/msgReceive HTTP/1.1" 200 2795
1.224.175.10 - - [10/Jun/2019:18:52:08 +0900] "GET /CUKBM1/BoardInputForm.jsp HTTP/1.1" 200 3526
1.224.175.10 - - [10/Jun/2019:18:52:08 +0900] "GET /CUKBM1/css/boardinputform.css HTTP/1.1" 200 2455
1.224.175.45 - - [10/Jun/2019:18:52:08 +0900] "GET /CUKBM1/msgReceive HTTP/1.1" 200 2795
1.224.175.45 - - [10/Jun/2019:18:52:08 +0900] "GET /CUKBM1/msgReceive HTTP/1.1" 200 2795
1.224.175.45 - - [10/Jun/2019:18:52:08 +0900] "GET /CUKBM1/msgReceive HTTP/1.1" 200 2795
1.224.175.45 - - [10/Jun/2019:18:52:08 +0900] "GET /CUKBM1/msgReceive HTTP/1.1" 200 2795
1.224.175.45 - - [10/Jun/2019:18:52:08 +0900] "GET /CUKBM1/msgReceive HTTP/1.1" 200 2795
1.224.175.45 - - [10/Jun/2019:18:52:08 +0900] "GET /CUKBM1/msgReceive HTTP/1.1" 200 2795
1.224.175.45 - - [10/Jun/2019:18:52:08 +0900] "GET /CUKBM1/msgReceive HTTP/1.1" 200 2795
1.224.175.45 - - [10/Jun/2019:18:52:08 +0900] "GET /CUKBM1/msgReceive HTTP/1.1" 200 2795
1.224.175.45 - - [10/Jun/2019:18:52:08 +0900] "GET /CUKBM1/msgReceive HTTP/1.1" 200 2795
1.224.175.35 - - [10/Jun/2019:18:52:08 +0900] "GET /CUKBM1/Board?SUBJECT=soccer&TEAM=0 HTTP/1.1" 200 3541
1.224.175.45 - - [10/Jun/2019:18:52:08 +0900] "GET /CUKBM1/msgReceive HTTP/1.1" 200 2795
1.224.175.45 - - [10/Jun/2019:18:52:08 +0900] "GET /CUKBM1/msgReceive HTTP/1.1" 200 2795
